The following modules were not unloaded:
  (Use "module --force purge" to unload all):

  1) CCconfig        6)  ucx/1.14.1         11) flexiblas/3.3.1
  2) gentoo/2023     7)  libfabric/1.18.0   12) imkl/2023.2.0
  3) gcccore/.12.3   8)  pmix/4.2.4         13) StdEnv/2023
  4) gcc/12.3        9)  ucc/1.2.0
  5) hwloc/2.9.1     10) openmpi/4.1.5
Oceananigans-DRAC environment (Nibi): repo=/home/anditse/Oceananigans-DRAC, depot=/scratch/anditse/julia_depot
srun: Step created for StepId=23304756.1
[ Info: Oceananigans will use 192 threads
[ Info: Oceananigans will use 192 threads
[ Info: Oceananigans will use 192 threads
[ Info: Oceananigans will use 192 threads
rank 2 on c380.nibi.sharcnet: 192 threads; CPU affinity 0-191
rank 3 on c381.nibi.sharcnet: 192 threads; CPU affinity 0-191
rank 1 on c379.nibi.sharcnet: 192 threads; CPU affinity 0-191
rank 0 on c377.nibi.sharcnet: 192 threads; CPU affinity 0-191
PASS: 4 distinct CPU nodes and CPU MPI ring
[ Info: Distributed run: 4 ranks (x=2, y=2, z=1)
===============================================================================================
Oceananigans Benchmark Suite
===============================================================================================
Date: 2026-10-06T09:19:18.384
Mode: benchmark
Case: earth_ocean
Grid types: SubString{String}["lat_lon"]
Architecture: Distributed{CPU} on 2×2×1 across 4 = 2×2×1 ranks:
├── local_rank: 0 of 0-3
├── local_index: [1, 1, 1]
└── connectivity: east=2 west=2 north=1 south=1 southwest=3 southeast=3 northwest=3 northeast=3
Distributed: true
Partition: (2, 2, 1) (4 ranks)
Sizes: [(1440, 720, 200)]
Float types: DataType[Float64]
Momentum advection: SubString{String}["WENOVectorInvariantDefault"]
Tracer advection: SubString{String}["WENO7"]
Closures: SubString{String}["CATKE"]
Coriolis: spherical
Buoyancy: seawater
Tracers: (:T, :S)
Timestepper: SplitRungeKutta3
Time steps: 10 × 5 windows (warmup: 2)
Δt: 60.0 s
===============================================================================================


----------------------------------------------------------------------
Running: EarthOcean_lat_lon_1440x720x200_F64_WENOVectorInvariantDefault_WENO7_CATKE_2tr
----------------------------------------------------------------------
[ Info: Benchmark: EarthOcean_lat_lon_1440x720x200_F64_WENOVectorInvariantDefault_WENO7_CATKE_2tr
┌ Info:   Architecture: Distributed{CPU} on 2×2×1 across 4 = 2×2×1 ranks:
│ ├── local_rank: 0 of 0-3
│ ├── local_index: [1, 1, 1]
└ └── connectivity: east=2 west=2 north=1 south=1 southwest=3 southeast=3 northwest=3 northeast=3
[ Info:   Float type: Float64
[ Info:   Grid size: 720 × 360 × 200 (51840000 points)
[ Info:   Time step: 60.0 s
[ Info:   Warmup steps: 2
[ Info:   Benchmark steps: 10 × 5 windows
[ Info:   Running warmup...
[ Info:   Running benchmark...
[ Info:   Results:
[ Info:     Total time: 2926.721 s
[ Info:     Time per step: 57.718411 s (min of 5 windows; median 58.517573 s, max 59.419980 s)
[ Info:     Grid points/s: 8.98e+05

=======================================================================================================================================
BENCHMARK SUMMARY
=======================================================================================================================================

Benchmark                                                  Float         Grid Time/unit (ms)    Units/s        Points/s       Size           Chunks
---------------------------------------------------------------------------------------------------------------------------------------
EarthOcean_lat_lon_1440x720x200_F64_WENOVectorInvariantDefault_WENO7_CATKE_2tr  Float64  720×360×200     57718.4105       0.02        8.98e+05          —                —
=======================================================================================================================================
Results saved to: /home/anditse/Oceananigans.jl/benchmarking/results/nibi/2026-10-06_cpu_scaling_super_fine/4_nodes/2x2x1/results.json
Markdown report saved to: /home/anditse/Oceananigans.jl/benchmarking/results/nibi/2026-10-06_cpu_scaling_super_fine/4_nodes/2x2x1/results.md
Benchmarks completed at 2026-10-06T10:17:43.654Z
