The following modules were not unloaded:
  (Use "module --force purge" to unload all):

  1) CCconfig        6)  ucx/1.14.1         11) flexiblas/3.3.1
  2) gentoo/2023     7)  libfabric/1.18.0   12) imkl/2023.2.0
  3) gcccore/.12.3   8)  pmix/4.2.4         13) StdEnv/2023
  4) gcc/12.3        9)  ucc/1.2.0
  5) hwloc/2.9.1     10) openmpi/4.1.5
Oceananigans-DRAC environment (Nibi): repo=/home/anditse/Oceananigans-DRAC, depot=/scratch/anditse/julia_depot
rank 32 on c80.nibi.sharcnet: 1 pinned threads; allocated CPUs 32
rank 33 on c80.nibi.sharcnet: 1 pinned threads; allocated CPUs 33
rank 34 on c80.nibi.sharcnet: 1 pinned threads; allocated CPUs 34
rank 35 on c80.nibi.sharcnet: 1 pinned threads; allocated CPUs 35
rank 36 on c80.nibi.sharcnet: 1 pinned threads; allocated CPUs 36
rank 37 on c80.nibi.sharcnet: 1 pinned threads; allocated CPUs 37
rank 38 on c80.nibi.sharcnet: 1 pinned threads; allocated CPUs 38
rank 39 on c80.nibi.sharcnet: 1 pinned threads; allocated CPUs 39
rank 40 on c80.nibi.sharcnet: 1 pinned threads; allocated CPUs 40
rank 41 on c80.nibi.sharcnet: 1 pinned threads; allocated CPUs 41
rank 42 on c80.nibi.sharcnet: 1 pinned threads; allocated CPUs 42
rank 43 on c80.nibi.sharcnet: 1 pinned threads; allocated CPUs 43
rank 44 on c80.nibi.sharcnet: 1 pinned threads; allocated CPUs 44
rank 45 on c80.nibi.sharcnet: 1 pinned threads; allocated CPUs 45
rank 46 on c80.nibi.sharcnet: 1 pinned threads; allocated CPUs 46
rank 48 on c80.nibi.sharcnet: 1 pinned threads; allocated CPUs 48
rank 49 on c80.nibi.sharcnet: 1 pinned threads; allocated CPUs 49
rank 50 on c80.nibi.sharcnet: 1 pinned threads; allocated CPUs 50
rank 51 on c80.nibi.sharcnet: 1 pinned threads; allocated CPUs 51
rank 52 on c80.nibi.sharcnet: 1 pinned threads; allocated CPUs 52
rank 53 on c80.nibi.sharcnet: 1 pinned threads; allocated CPUs 53
rank 54 on c80.nibi.sharcnet: 1 pinned threads; allocated CPUs 54
rank 56 on c80.nibi.sharcnet: 1 pinned threads; allocated CPUs 56
rank 57 on c80.nibi.sharcnet: 1 pinned threads; allocated CPUs 57
rank 58 on c80.nibi.sharcnet: 1 pinned threads; allocated CPUs 58
rank 59 on c80.nibi.sharcnet: 1 pinned threads; allocated CPUs 59
rank 61 on c80.nibi.sharcnet: 1 pinned threads; allocated CPUs 61
rank 62 on c80.nibi.sharcnet: 1 pinned threads; allocated CPUs 62
rank 63 on c80.nibi.sharcnet: 1 pinned threads; allocated CPUs 63
rank 64 on c80.nibi.sharcnet: 1 pinned threads; allocated CPUs 64
rank 65 on c80.nibi.sharcnet: 1 pinned threads; allocated CPUs 65
rank 66 on c80.nibi.sharcnet: 1 pinned threads; allocated CPUs 66
rank 67 on c80.nibi.sharcnet: 1 pinned threads; allocated CPUs 67
rank 68 on c80.nibi.sharcnet: 1 pinned threads; allocated CPUs 68
rank 69 on c80.nibi.sharcnet: 1 pinned threads; allocated CPUs 69
rank 70 on c80.nibi.sharcnet: 1 pinned threads; allocated CPUs 70
rank 71 on c80.nibi.sharcnet: 1 pinned threads; allocated CPUs 71
rank 72 on c80.nibi.sharcnet: 1 pinned threads; allocated CPUs 72
rank 73 on c80.nibi.sharcnet: 1 pinned threads; allocated CPUs 73
rank 74 on c80.nibi.sharcnet: 1 pinned threads; allocated CPUs 74
rank 75 on c80.nibi.sharcnet: 1 pinned threads; allocated CPUs 75
rank 76 on c80.nibi.sharcnet: 1 pinned threads; allocated CPUs 76
rank 77 on c80.nibi.sharcnet: 1 pinned threads; allocated CPUs 77
rank 79 on c80.nibi.sharcnet: 1 pinned threads; allocated CPUs 79
rank 80 on c80.nibi.sharcnet: 1 pinned threads; allocated CPUs 80
rank 81 on c80.nibi.sharcnet: 1 pinned threads; allocated CPUs 81
rank 82 on c80.nibi.sharcnet: 1 pinned threads; allocated CPUs 82
rank 83 on c80.nibi.sharcnet: 1 pinned threads; allocated CPUs 83
rank 84 on c80.nibi.sharcnet: 1 pinned threads; allocated CPUs 84
rank 86 on c80.nibi.sharcnet: 1 pinned threads; allocated CPUs 86
rank 87 on c80.nibi.sharcnet: 1 pinned threads; allocated CPUs 87
rank 88 on c80.nibi.sharcnet: 1 pinned threads; allocated CPUs 88
rank 89 on c80.nibi.sharcnet: 1 pinned threads; allocated CPUs 89
rank 90 on c80.nibi.sharcnet: 1 pinned threads; allocated CPUs 90
rank 91 on c80.nibi.sharcnet: 1 pinned threads; allocated CPUs 91
rank 92 on c80.nibi.sharcnet: 1 pinned threads; allocated CPUs 92
rank 93 on c80.nibi.sharcnet: 1 pinned threads; allocated CPUs 93
rank 94 on c80.nibi.sharcnet: 1 pinned threads; allocated CPUs 94
rank 96 on c80.nibi.sharcnet: 1 pinned threads; allocated CPUs 96
rank 97 on c80.nibi.sharcnet: 1 pinned threads; allocated CPUs 97
rank 98 on c80.nibi.sharcnet: 1 pinned threads; allocated CPUs 98
rank 99 on c80.nibi.sharcnet: 1 pinned threads; allocated CPUs 99
rank 100 on c80.nibi.sharcnet: 1 pinned threads; allocated CPUs 100
rank 101 on c80.nibi.sharcnet: 1 pinned threads; allocated CPUs 101
rank 102 on c80.nibi.sharcnet: 1 pinned threads; allocated CPUs 102
rank 103 on c80.nibi.sharcnet: 1 pinned threads; allocated CPUs 103
rank 104 on c80.nibi.sharcnet: 1 pinned threads; allocated CPUs 104
rank 105 on c80.nibi.sharcnet: 1 pinned threads; allocated CPUs 105
rank 106 on c80.nibi.sharcnet: 1 pinned threads; allocated CPUs 106
rank 107 on c80.nibi.sharcnet: 1 pinned threads; allocated CPUs 107
rank 108 on c80.nibi.sharcnet: 1 pinned threads; allocated CPUs 108
rank 109 on c80.nibi.sharcnet: 1 pinned threads; allocated CPUs 109
rank 110 on c80.nibi.sharcnet: 1 pinned threads; allocated CPUs 110
rank 111 on c80.nibi.sharcnet: 1 pinned threads; allocated CPUs 111
rank 112 on c80.nibi.sharcnet: 1 pinned threads; allocated CPUs 112
rank 113 on c80.nibi.sharcnet: 1 pinned threads; allocated CPUs 113
rank 114 on c80.nibi.sharcnet: 1 pinned threads; allocated CPUs 114
rank 115 on c80.nibi.sharcnet: 1 pinned threads; allocated CPUs 115
rank 116 on c80.nibi.sharcnet: 1 pinned threads; allocated CPUs 116
rank 117 on c80.nibi.sharcnet: 1 pinned threads; allocated CPUs 117
rank 118 on c80.nibi.sharcnet: 1 pinned threads; allocated CPUs 118
rank 119 on c80.nibi.sharcnet: 1 pinned threads; allocated CPUs 119
rank 120 on c80.nibi.sharcnet: 1 pinned threads; allocated CPUs 120
rank 121 on c80.nibi.sharcnet: 1 pinned threads; allocated CPUs 121
rank 122 on c80.nibi.sharcnet: 1 pinned threads; allocated CPUs 122
rank 123 on c80.nibi.sharcnet: 1 pinned threads; allocated CPUs 123
rank 124 on c80.nibi.sharcnet: 1 pinned threads; allocated CPUs 124
rank 125 on c80.nibi.sharcnet: 1 pinned threads; allocated CPUs 125
rank 126 on c80.nibi.sharcnet: 1 pinned threads; allocated CPUs 126
rank 127 on c80.nibi.sharcnet: 1 pinned threads; allocated CPUs 127
rank 128 on c80.nibi.sharcnet: 1 pinned threads; allocated CPUs 128
rank 129 on c80.nibi.sharcnet: 1 pinned threads; allocated CPUs 129
rank 130 on c80.nibi.sharcnet: 1 pinned threads; allocated CPUs 130
rank 131 on c80.nibi.sharcnet: 1 pinned threads; allocated CPUs 131
rank 132 on c80.nibi.sharcnet: 1 pinned threads; allocated CPUs 132
rank 133 on c80.nibi.sharcnet: 1 pinned threads; allocated CPUs 133
rank 134 on c80.nibi.sharcnet: 1 pinned threads; allocated CPUs 134
rank 135 on c80.nibi.sharcnet: 1 pinned threads; allocated CPUs 135
rank 136 on c80.nibi.sharcnet: 1 pinned threads; allocated CPUs 136
rank 137 on c80.nibi.sharcnet: 1 pinned threads; allocated CPUs 137
rank 138 on c80.nibi.sharcnet: 1 pinned threads; allocated CPUs 138
rank 139 on c80.nibi.sharcnet: 1 pinned threads; allocated CPUs 139
rank 140 on c80.nibi.sharcnet: 1 pinned threads; allocated CPUs 140
rank 141 on c80.nibi.sharcnet: 1 pinned threads; allocated CPUs 141
rank 142 on c80.nibi.sharcnet: 1 pinned threads; allocated CPUs 142
rank 143 on c80.nibi.sharcnet: 1 pinned threads; allocated CPUs 143
rank 144 on c80.nibi.sharcnet: 1 pinned threads; allocated CPUs 144
rank 145 on c80.nibi.sharcnet: 1 pinned threads; allocated CPUs 145
rank 146 on c80.nibi.sharcnet: 1 pinned threads; allocated CPUs 146
rank 147 on c80.nibi.sharcnet: 1 pinned threads; allocated CPUs 147
rank 148 on c80.nibi.sharcnet: 1 pinned threads; allocated CPUs 148
rank 149 on c80.nibi.sharcnet: 1 pinned threads; allocated CPUs 149
rank 150 on c80.nibi.sharcnet: 1 pinned threads; allocated CPUs 150
rank 151 on c80.nibi.sharcnet: 1 pinned threads; allocated CPUs 151
rank 152 on c80.nibi.sharcnet: 1 pinned threads; allocated CPUs 152
rank 153 on c80.nibi.sharcnet: 1 pinned threads; allocated CPUs 153
rank 154 on c80.nibi.sharcnet: 1 pinned threads; allocated CPUs 154
rank 155 on c80.nibi.sharcnet: 1 pinned threads; allocated CPUs 155
rank 156 on c80.nibi.sharcnet: 1 pinned threads; allocated CPUs 156
rank 157 on c80.nibi.sharcnet: 1 pinned threads; allocated CPUs 157
rank 158 on c80.nibi.sharcnet: 1 pinned threads; allocated CPUs 158
rank 159 on c80.nibi.sharcnet: 1 pinned threads; allocated CPUs 159
rank 160 on c80.nibi.sharcnet: 1 pinned threads; allocated CPUs 160
rank 161 on c80.nibi.sharcnet: 1 pinned threads; allocated CPUs 161
rank 162 on c80.nibi.sharcnet: 1 pinned threads; allocated CPUs 162
rank 163 on c80.nibi.sharcnet: 1 pinned threads; allocated CPUs 163
rank 164 on c80.nibi.sharcnet: 1 pinned threads; allocated CPUs 164
rank 165 on c80.nibi.sharcnet: 1 pinned threads; allocated CPUs 165
rank 166 on c80.nibi.sharcnet: 1 pinned threads; allocated CPUs 166
rank 167 on c80.nibi.sharcnet: 1 pinned threads; allocated CPUs 167
rank 168 on c80.nibi.sharcnet: 1 pinned threads; allocated CPUs 168
rank 169 on c80.nibi.sharcnet: 1 pinned threads; allocated CPUs 169
rank 170 on c80.nibi.sharcnet: 1 pinned threads; allocated CPUs 170
rank 171 on c80.nibi.sharcnet: 1 pinned threads; allocated CPUs 171
rank 172 on c80.nibi.sharcnet: 1 pinned threads; allocated CPUs 172
rank 173 on c80.nibi.sharcnet: 1 pinned threads; allocated CPUs 173
rank 174 on c80.nibi.sharcnet: 1 pinned threads; allocated CPUs 174
rank 175 on c80.nibi.sharcnet: 1 pinned threads; allocated CPUs 175
rank 176 on c80.nibi.sharcnet: 1 pinned threads; allocated CPUs 176
rank 177 on c80.nibi.sharcnet: 1 pinned threads; allocated CPUs 177
rank 178 on c80.nibi.sharcnet: 1 pinned threads; allocated CPUs 178
rank 179 on c80.nibi.sharcnet: 1 pinned threads; allocated CPUs 179
rank 180 on c80.nibi.sharcnet: 1 pinned threads; allocated CPUs 180
rank 181 on c80.nibi.sharcnet: 1 pinned threads; allocated CPUs 181
rank 182 on c80.nibi.sharcnet: 1 pinned threads; allocated CPUs 182
rank 183 on c80.nibi.sharcnet: 1 pinned threads; allocated CPUs 183
rank 184 on c80.nibi.sharcnet: 1 pinned threads; allocated CPUs 184
rank 185 on c80.nibi.sharcnet: 1 pinned threads; allocated CPUs 185
rank 186 on c80.nibi.sharcnet: 1 pinned threads; allocated CPUs 186
rank 187 on c80.nibi.sharcnet: 1 pinned threads; allocated CPUs 187
rank 188 on c80.nibi.sharcnet: 1 pinned threads; allocated CPUs 188
rank 189 on c80.nibi.sharcnet: 1 pinned threads; allocated CPUs 189
rank 190 on c80.nibi.sharcnet: 1 pinned threads; allocated CPUs 190
rank 191 on c80.nibi.sharcnet: 1 pinned threads; allocated CPUs 191
rank 0 on c80.nibi.sharcnet: 1 pinned threads; allocated CPUs 0
rank 2 on c80.nibi.sharcnet: 1 pinned threads; allocated CPUs 2
rank 47 on c80.nibi.sharcnet: 1 pinned threads; allocated CPUs 47
rank 95 on c80.nibi.sharcnet: 1 pinned threads; allocated CPUs 95
rank 1 on c80.nibi.sharcnet: 1 pinned threads; allocated CPUs 1
rank 55 on c80.nibi.sharcnet: 1 pinned threads; allocated CPUs 55
rank 13 on c80.nibi.sharcnet: 1 pinned threads; allocated CPUs 13
rank 30 on c80.nibi.sharcnet: 1 pinned threads; allocated CPUs 30
rank 25 on c80.nibi.sharcnet: 1 pinned threads; allocated CPUs 25
rank 6 on c80.nibi.sharcnet: 1 pinned threads; allocated CPUs 6
rank 14 on c80.nibi.sharcnet: 1 pinned threads; allocated CPUs 14
rank 15 on c80.nibi.sharcnet: 1 pinned threads; allocated CPUs 15
rank 16 on c80.nibi.sharcnet: 1 pinned threads; allocated CPUs 16
rank 20 on c80.nibi.sharcnet: 1 pinned threads; allocated CPUs 20
rank 24 on c80.nibi.sharcnet: 1 pinned threads; allocated CPUs 24
rank 11 on c80.nibi.sharcnet: 1 pinned threads; allocated CPUs 11
rank 3 on c80.nibi.sharcnet: 1 pinned threads; allocated CPUs 3
rank 60 on c80.nibi.sharcnet: 1 pinned threads; allocated CPUs 60
rank 18 on c80.nibi.sharcnet: 1 pinned threads; allocated CPUs 18
rank 28 on c80.nibi.sharcnet: 1 pinned threads; allocated CPUs 28
rank 4 on c80.nibi.sharcnet: 1 pinned threads; allocated CPUs 4
rank 8 on c80.nibi.sharcnet: 1 pinned threads; allocated CPUs 8
rank 27 on c80.nibi.sharcnet: 1 pinned threads; allocated CPUs 27
rank 78 on c80.nibi.sharcnet: 1 pinned threads; allocated CPUs 78
rank 85 on c80.nibi.sharcnet: 1 pinned threads; allocated CPUs 85
rank 29 on c80.nibi.sharcnet: 1 pinned threads; allocated CPUs 29
rank 9 on c80.nibi.sharcnet: 1 pinned threads; allocated CPUs 9
rank 17 on c80.nibi.sharcnet: 1 pinned threads; allocated CPUs 17
rank 5 on c80.nibi.sharcnet: 1 pinned threads; allocated CPUs 5
rank 7 on c80.nibi.sharcnet: 1 pinned threads; allocated CPUs 7
rank 19 on c80.nibi.sharcnet: 1 pinned threads; allocated CPUs 19
rank 23 on c80.nibi.sharcnet: 1 pinned threads; allocated CPUs 23
rank 31 on c80.nibi.sharcnet: 1 pinned threads; allocated CPUs 31
rank 12 on c80.nibi.sharcnet: 1 pinned threads; allocated CPUs 12
rank 22 on c80.nibi.sharcnet: 1 pinned threads; allocated CPUs 22
rank 21 on c80.nibi.sharcnet: 1 pinned threads; allocated CPUs 21
rank 10 on c80.nibi.sharcnet: 1 pinned threads; allocated CPUs 10
rank 26 on c80.nibi.sharcnet: 1 pinned threads; allocated CPUs 26
PASS: CPU MPI ring and explicitly pinned Julia threads
CONFIGURATION: {"cores":192,"nodes":1,"ranks":192,"ranks_per_node":192,"threads_per_rank":1,"layout":"mpi","partition":[16,12,1],"global_resolution":[1440,720,200],"grid_type":"LatitudeLongitudeGrid","x_sizes":[90,90,90,90,90,90,90,90,90,90,90,90,90,90,90,90],"y_sizes":[60,60,60,60,60,60,60,60,60,60,60,60],"float_type":"Float64","samples":5,"time_steps":10,"warmup_steps":2,"dt":60,"free_surface_substeps":30,"extend_free_surface_halos":false,"momentum_advection":"WENOVectorInvariantDefault","tracer_advection":"WENO7","closure":"CATKE","tracers":["T","S"],"timestepper":"SplitRungeKutta3"}
[ Info: Benchmark: EarthOcean_lat_lon_1440x720x200_F64_WENOVectorInvariantDefault_WENO7_CATKE_2tr
┌ Info:   Architecture: Distributed{CPU} on 16×12×1 across 192 = 16×12×1 ranks:
│ ├── local_rank: 0 of 0-191
│ ├── local_index: [1, 1, 1]
└ └── connectivity: east=12 west=180 north=1 south=11 southwest=191 southeast=23 northwest=181 northeast=13
[ Info:   Float type: Float64
[ Info:   Grid size: 90 × 60 × 200 (1080000 points)
[ Info:   Time step: 60 s
[ Info:   Warmup steps: 2
[ Info:   Benchmark steps: 10 × 5 windows
[ Info:   Running warmup...
[ Info:   Running benchmark...
[ Info:   Results:
[ Info:     Total time: 266.325 s
[ Info:     Time per step: 5.260636 s (min of 5 windows; median 5.317312 s, max 5.422440 s)
[ Info:     Grid points/s: 2.05e+05
Completed benchmark; all 192 rank results saved to /home/anditse/Oceananigans.jl/benchmarking/results/nibi/2026-10-06_cpu_scaling_cores_super_fine/192_cores/results.json
