Precompiling packages...
Precompiling packages...
    LLVMLoopInfo Being precompiled by another machine (hostname: fc10620, pid: 2109402, pidfile: /home/anditse/.julia/compiled/v1.12/LLVMLoopInfo/X7sqD_UKt66.ji.pidfile)
    LLVMLoopInfo Being precompiled by another machine (hostname: fc10620, pid: 2109402, pidfile: /home/anditse/.julia/compiled/v1.12/LLVMLoopInfo/X7sqD_UKt66.ji.pidfile)
    ExpressionExplorer Being precompiled by another machine (hostname: fc10620, pid: 2109402, pidfile: /home/anditse/.julia/compiled/v1.12/ExpressionExplorer/O7efy_UKt66.ji.pidfile)
    ExpressionExplorer Being precompiled by another machine (hostname: fc10620, pid: 2109402, pidfile: /home/anditse/.julia/compiled/v1.12/ExpressionExplorer/O7efy_UKt66.ji.pidfile)
    AbstractFFTs Being precompiled by another process (pid: 0, pidfile: /home/anditse/.julia/compiled/v1.12/AbstractFFTs/Di3HZ_UKt66.ji.pidfile)
    AbstractFFTs Being precompiled by another process (pid: 0, pidfile: /home/anditse/.julia/compiled/v1.12/AbstractFFTs/Di3HZ_UKt66.ji.pidfile)
    LaTeXStrings Being precompiled by another process (pid: 0, pidfile: /home/anditse/.julia/compiled/v1.12/LaTeXStrings/H4HGh_UKt66.ji.pidfile)
    Glob Being precompiled by another process (pid: 3028861, pidfile: /home/anditse/.julia/compiled/v1.12/Glob/3FzEV_UKt66.ji.pidfile)
    ExprTools Being precompiled by another process (pid: 3028861, pidfile: /home/anditse/.julia/compiled/v1.12/ExprTools/eM8wu_UKt66.ji.pidfile)
    IteratorInterfaceExtensions Being precompiled by another process (pid: 3028860, pidfile: /home/anditse/.julia/compiled/v1.12/IteratorInterfaceExtensions/N0h8q_UKt66.ji.pidfile)
    UnsafeAtomics Being precompiled by another process (pid: 3028861, pidfile: /home/anditse/.julia/compiled/v1.12/UnsafeAtomics/OuhNJ_UKt66.ji.pidfile)
    StatsAPI Being precompiled by another process (pid: 0, pidfile: /home/anditse/.julia/compiled/v1.12/StatsAPI/Rf3YC_UKt66.ji.pidfile)
    ChunkCodecCore Being precompiled by another process (pid: 3028860, pidfile: /home/anditse/.julia/compiled/v1.12/ChunkCodecCore/54tFi_UKt66.ji.pidfile)
    CEnum Being precompiled by another process (pid: 3028860, pidfile: /home/anditse/.julia/compiled/v1.12/CEnum/0gyUJ_UKt66.ji.pidfile)
    OffsetArrays Being precompiled by another process (pid: 3028860, pidfile: /home/anditse/.julia/compiled/v1.12/OffsetArrays/UDEDl_UKt66.ji.pidfile)
    SeawaterPolynomials Being precompiled by another process (pid: 3028860, pidfile: /home/anditse/.julia/compiled/v1.12/SeawaterPolynomials/WUxph_UKt66.ji.pidfile)
    Statistics Being precompiled by another process (pid: 3028860, pidfile: /home/anditse/.julia/compiled/v1.12/Statistics/ERcPL_UKt66.ji.pidfile)
    MacroTools Being precompiled by another process (pid: 3028861, pidfile: /home/anditse/.julia/compiled/v1.12/MacroTools/38lnR_UKt66.ji.pidfile)
    TextWrap Being precompiled by another machine (hostname: fc10620, pid: 2109402, pidfile: /home/anditse/.julia/compiled/v1.12/TextWrap/hiFMy_UKt66.ji.pidfile)
    RandomNumbers Being precompiled by another process (pid: 3028860, pidfile: /home/anditse/.julia/compiled/v1.12/RandomNumbers/pgCpR_UKt66.ji.pidfile)
    Requires Being precompiled by another process (pid: 3028860, pidfile: /home/anditse/.julia/compiled/v1.12/Requires/IyxeS_UKt66.ji.pidfile)
    InputBuffers Being precompiled by another machine (hostname: fc10620, pid: 2109402, pidfile: /home/anditse/.julia/compiled/v1.12/InputBuffers/y8AI1_UKt66.ji.pidfile)
    RealDot Being precompiled by another process (pid: 3028861, pidfile: /home/anditse/.julia/compiled/v1.12/RealDot/dCVlS_UKt66.ji.pidfile)
    Reexport Being precompiled by another machine (hostname: fc10620, pid: 2109402, pidfile: /home/anditse/.julia/compiled/v1.12/Reexport/bTpYr_UKt66.ji.pidfile)
    ArgCheck Being precompiled by another process (pid: 3028860, pidfile: /home/anditse/.julia/compiled/v1.12/ArgCheck/P66Js_UKt66.ji.pidfile)
    URIs Being precompiled by another process (pid: 3028861, pidfile: /home/anditse/.julia/compiled/v1.12/URIs/eec2u_UKt66.ji.pidfile)
    557.7 ms  ✓ IteratorInterfaceExtensions
    656.2 ms  ✓ LaTeXStrings
    SimpleBufferStream Being precompiled by another process (pid: 3028861, pidfile: /home/anditse/.julia/compiled/v1.12/SimpleBufferStream/QbHsM_UKt66.ji.pidfile)
    CUDA_Runtime_Discovery Being precompiled by another process (pid: 3028861, pidfile: /home/anditse/.julia/compiled/v1.12/CUDA_Runtime_Discovery/T9PTO_UKt66.ji.pidfile)
    InputBuffers Being precompiled by another machine (hostname: fc10620, pid: 2109402, pidfile: /home/anditse/.julia/compiled/v1.12/InputBuffers/y8AI1_UKt66.ji.pidfile)
    TranscodingStreams Being precompiled by another process (pid: 3028861, pidfile: /home/anditse/.julia/compiled/v1.12/TranscodingStreams/eJQ7D_UKt66.ji.pidfile)
    HashArrayMappedTries Being precompiled by another machine (hostname: fc10620, pid: 2109402, pidfile: /home/anditse/.julia/compiled/v1.12/HashArrayMappedTries/HsHT3_UKt66.ji.pidfile)
    HashArrayMappedTries Being precompiled by another machine (hostname: fc10620, pid: 2109402, pidfile: /home/anditse/.julia/compiled/v1.12/HashArrayMappedTries/HsHT3_UKt66.ji.pidfile)
    DocStringExtensions Being precompiled by another process (pid: 3028860, pidfile: /home/anditse/.julia/compiled/v1.12/DocStringExtensions/KRdZs_UKt66.ji.pidfile)
    TextWrap Being precompiled by another machine (hostname: fc10620, pid: 2109402, pidfile: /home/anditse/.julia/compiled/v1.12/TextWrap/hiFMy_UKt66.ji.pidfile)
    DataValueInterfaces Being precompiled by another process (pid: 3028860, pidfile: /home/anditse/.julia/compiled/v1.12/DataValueInterfaces/9Lpkp_UKt66.ji.pidfile)
    811.6 ms  ✓ ExprTools
    LRUCache Being precompiled by another process (pid: 3028860, pidfile: /home/anditse/.julia/compiled/v1.12/LRUCache/TDw15_UKt66.ji.pidfile)
    ConstructionBase Being precompiled by another process (pid: 3028860, pidfile: /home/anditse/.julia/compiled/v1.12/ConstructionBase/sBbW6_UKt66.ji.pidfile)
    Adapt Being precompiled by another process (pid: 3028861, pidfile: /home/anditse/.julia/compiled/v1.12/Adapt/rUIgN_UKt66.ji.pidfile)
    DataAPI Being precompiled by another machine (hostname: fc10620, pid: 2109402, pidfile: /home/anditse/.julia/compiled/v1.12/DataAPI/3a8mN_UKt66.ji.pidfile)
    Crayons Being precompiled by another machine (hostname: fc10620, pid: 2109402, pidfile: /home/anditse/.julia/compiled/v1.12/Crayons/TXPcU_UKt66.ji.pidfile)
    Reexport Being precompiled by another machine (hostname: fc10620, pid: 2109402, pidfile: /home/anditse/.julia/compiled/v1.12/Reexport/bTpYr_UKt66.ji.pidfile)
    Crayons Being precompiled by another machine (hostname: fc10620, pid: 2109402, pidfile: /home/anditse/.julia/compiled/v1.12/Crayons/TXPcU_UKt66.ji.pidfile)
    721.1 ms  ✓ Glob
    DataAPI Being precompiled by another machine (hostname: fc10620, pid: 2109402, pidfile: /home/anditse/.julia/compiled/v1.12/DataAPI/3a8mN_UKt66.ji.pidfile)
    993.8 ms  ✓ StatsAPI
    ConcurrentUtilities Being precompiled by another machine (hostname: fc10620, pid: 2109402, pidfile: /home/anditse/.julia/compiled/v1.12/ConcurrentUtilities/OtIZJ_UKt66.ji.pidfile)
    Krylov Being precompiled by another machine (hostname: fc10620, pid: 2109402, pidfile: /home/anditse/.julia/compiled/v1.12/Krylov/0fcC3_UKt66.ji.pidfile)
    StaticArraysCore Being precompiled by another process (pid: 3028861, pidfile: /home/anditse/.julia/compiled/v1.12/StaticArraysCore/Tzw28_UKt66.ji.pidfile)
    ConcurrentUtilities Being precompiled by another machine (hostname: fc10620, pid: 2109402, pidfile: /home/anditse/.julia/compiled/v1.12/ConcurrentUtilities/OtIZJ_UKt66.ji.pidfile)
   1133.6 ms  ✓ StatsAPI
   1000.3 ms  ✓ SeawaterPolynomials
   1125.1 ms  ✓ ChunkCodecCore
    863.4 ms  ✓ ArgCheck
    829.1 ms  ✓ Statistics
    593.9 ms  ✓ DataValueInterfaces
    BFloat16s Being precompiled by another process (pid: 3028861, pidfile: /home/anditse/.julia/compiled/v1.12/BFloat16s/iiZ8G_UKt66.ji.pidfile)
    DateTimes64 Being precompiled by another process (pid: 3028861, pidfile: /home/anditse/.julia/compiled/v1.12/DateTimes64/4g1Dz_UKt66.ji.pidfile)
    StructUtils Being precompiled by another machine (hostname: fc10620, pid: 2109402, pidfile: /home/anditse/.julia/compiled/v1.12/StructUtils/vyJDy_UKt66.ji.pidfile)
    BitFlags Being precompiled by another process (pid: 3028860, pidfile: /home/anditse/.julia/compiled/v1.12/BitFlags/sbYUO_UKt66.ji.pidfile)
    OrderedCollections Being precompiled by another process (pid: 3028860, pidfile: /home/anditse/.julia/compiled/v1.12/OrderedCollections/LtT3J_UKt66.ji.pidfile)
    907.6 ms  ✓ SimpleBufferStream
    849.8 ms  ✓ RealDot
    CFTime Being precompiled by another process (pid: 3028860, pidfile: /home/anditse/.julia/compiled/v1.12/CFTime/W6AQs_UKt66.ji.pidfile)
    StructUtils Being precompiled by another machine (hostname: fc10620, pid: 2109402, pidfile: /home/anditse/.julia/compiled/v1.12/StructUtils/vyJDy_UKt66.ji.pidfile)
    Scratch Being precompiled by another process (pid: 3028861, pidfile: /home/anditse/.julia/compiled/v1.12/Scratch/ICI1U_UKt66.ji.pidfile)
    LoggingExtras Being precompiled by another machine (hostname: fc10620, pid: 2109402, pidfile: /home/anditse/.julia/compiled/v1.12/LoggingExtras/9fRHf_UKt66.ji.pidfile)
   1397.8 ms  ✓ IteratorInterfaceExtensions
    Preferences Being precompiled by another process (pid: 3028861, pidfile: /home/anditse/.julia/compiled/v1.12/Preferences/pWSk8_UKt66.ji.pidfile)
    ExceptionUnwrapping Being precompiled by another process (pid: 3028861, pidfile: /home/anditse/.julia/compiled/v1.12/ExceptionUnwrapping/DKnWN_UKt66.ji.pidfile)
    PkgVersion Being precompiled by another machine (hostname: fc10620, pid: 2109402, pidfile: /home/anditse/.julia/compiled/v1.12/PkgVersion/dbDoq_UKt66.ji.pidfile)
    PkgVersion Being precompiled by another machine (hostname: fc10620, pid: 2109402, pidfile: /home/anditse/.julia/compiled/v1.12/PkgVersion/dbDoq_UKt66.ji.pidfile)
   1802.5 ms  ✓ RandomNumbers
   1574.9 ms  ✓ DocStringExtensions
   1991.7 ms  ✓ OffsetArrays
   1333.2 ms  ✓ Adapt
   1084.2 ms  ✓ DateTimes64
    951.9 ms  ✓ URIs
   2059.7 ms  ✓ LaTeXStrings
    TaylorSeries Being precompiled by another process (pid: 3028860, pidfile: /home/anditse/.julia/compiled/v1.12/TaylorSeries/VXblr_UKt66.ji.pidfile)
   1202.4 ms  ✓ StaticArraysCore
   1655.0 ms  ✓ TranscodingStreams
   1089.6 ms  ✓ Scratch
   1945.1 ms  ✓ Statistics
    966.4 ms  ✓ Preferences
   1696.0 ms  ✓ CUDA_Runtime_Discovery
   2348.8 ms  ✓ UnsafeAtomics
   1554.6 ms  ✓ DataValueInterfaces
   1773.3 ms  ✓ ArgCheck
   1240.4 ms  ✓ Adapt
   2052.1 ms  ✓ SeawaterPolynomials
   2057.2 ms  ✓ ChunkCodecCore
   2086.0 ms  ✓ CEnum
   2021.9 ms  ✓ Requires
   1374.7 ms  ✓ Glob
   1185.1 ms  ✓ BitFlags
    TableTraits Being precompiled by another process (pid: 3028861, pidfile: /home/anditse/.julia/compiled/v1.12/TableTraits/I6SaN_UKt66.ji.pidfile)
   1076.6 ms  ✓ Requires
    780.3 ms  ✓ LRUCache
   1717.4 ms  ✓ ExprTools
    Krylov Being precompiled by another machine (hostname: fc10620, pid: 2109402, pidfile: /home/anditse/.julia/compiled/v1.12/Krylov/0fcC3_UKt66.ji.pidfile)
   2148.6 ms  ✓ OffsetArrays
   1554.2 ms  ✓ DateTimes64
   1798.7 ms  ✓ RealDot
    974.1 ms  ✓ ExceptionUnwrapping
   2294.6 ms  ✓ OrderedCollections
   2149.6 ms  ✓ CEnum
   2067.4 ms  ✓ RandomNumbers
   1677.4 ms  ✓ DocStringExtensions
   1896.7 ms  ✓ ConstructionBase
   1937.3 ms  ✓ URIs
   1754.8 ms  ✓ StaticArraysCore
    824.7 ms  ✓ BitFlags
   1978.9 ms  ✓ TranscodingStreams
    Distances Being precompiled by another process (pid: 3028861, pidfile: /home/anditse/.julia/compiled/v1.12/Distances/yuMjt_UKt66.ji.pidfile)
   1516.8 ms  ✓ CFTime
   1596.3 ms  ✓ SimpleBufferStream
    Adapt → AdaptSparseArraysExt Being precompiled by another process (pid: 3028860, pidfile: /home/anditse/.julia/compiled/v1.12/AdaptSparseArraysExt/7qfxl_UKt66.ji.pidfile)
    Statistics → SparseArraysExt Being precompiled by another process (pid: 3028860, pidfile: /home/anditse/.julia/compiled/v1.12/SparseArraysExt/k0lPI_UKt66.ji.pidfile)
   1718.7 ms  ✓ BFloat16s
   1338.8 ms  ✓ Preferences
   2789.0 ms  ✓ UnsafeAtomics
    FileIO Being precompiled by another process (pid: 3028861, pidfile: /home/anditse/.julia/compiled/v1.12/FileIO/6iKRU_UKt66.ji.pidfile)
    CodecInflate64 Being precompiled by another process (pid: 3028861, pidfile: /home/anditse/.julia/compiled/v1.12/CodecInflate64/KfKiS_UKt66.ji.pidfile)
   2105.9 ms  ✓ CUDA_Runtime_Discovery
   1425.4 ms  ✓ Scratch
    Quaternions Being precompiled by another process (pid: 3028861, pidfile: /home/anditse/.julia/compiled/v1.12/Quaternions/hbPLI_UKt66.ji.pidfile)
   1644.3 ms  ✓ BFloat16s
    CodecZlib Being precompiled by another process (pid: 3028861, pidfile: /home/anditse/.julia/compiled/v1.12/CodecZlib/1TI30_UKt66.ji.pidfile)
   1186.7 ms  ✓ ExceptionUnwrapping
    970.7 ms  ✓ Quaternions
    JLLWrappers Being precompiled by another process (pid: 3028860, pidfile: /home/anditse/.julia/compiled/v1.12/JLLWrappers/7Zgw7_UKt66.ji.pidfile)
   1628.1 ms  ✓ LRUCache
    921.8 ms  ✓ LoggingExtras
    811.2 ms  ✓ TableTraits
   3123.3 ms  ✓ MacroTools
    GPUArraysCore Being precompiled by another process (pid: 3028860, pidfile: /home/anditse/.julia/compiled/v1.12/GPUArraysCore/qiYUe_UKt66.ji.pidfile)
    ChunkCodecLibZlib Being precompiled by another process (pid: 3028860, pidfile: /home/anditse/.julia/compiled/v1.12/ChunkCodecLibZlib/dbPpT_UKt66.ji.pidfile)
   2123.0 ms  ✓ OrderedCollections
   2120.7 ms  ✓ CFTime
    OffsetArrays → OffsetArraysAdaptExt Being precompiled by another process (pid: 3028860, pidfile: /home/anditse/.julia/compiled/v1.12/OffsetArraysAdaptExt/evlsb_UKt66.ji.pidfile)
   2636.5 ms  ✓ ConstructionBase
    LRUCache → SerializationExt Being precompiled by another process (pid: 3028860, pidfile: /home/anditse/.julia/compiled/v1.12/SerializationExt/u9qhL_UKt66.ji.pidfile)
    DataStructures Being precompiled by another process (pid: 3028860, pidfile: /home/anditse/.julia/compiled/v1.12/DataStructures/xKiwJ_UKt66.ji.pidfile)
    OpenSSL Being precompiled by another process (pid: 3028860, pidfile: /home/anditse/.julia/compiled/v1.12/OpenSSL/B4VRP_UKt66.ji.pidfile)
    Random123 Being precompiled by another process (pid: 3028860, pidfile: /home/anditse/.julia/compiled/v1.12/Random123/1imiM_UKt66.ji.pidfile)
    ConstructionBase → ConstructionBaseLinearAlgebraExt Being precompiled by another process (pid: 3028860, pidfile: /home/anditse/.julia/compiled/v1.12/ConstructionBaseLinearAlgebraExt/mc2IG_UKt66.ji.pidfile)
    PrecompileTools Being precompiled by another process (pid: 3028861, pidfile: /home/anditse/.julia/compiled/v1.12/PrecompileTools/AQ9Mk_UKt66.ji.pidfile)
    777.6 ms  ✓ CodecZlib
    739.0 ms  ✓ PrecompileTools
    Atomix Being precompiled by another process (pid: 3028861, pidfile: /home/anditse/.julia/compiled/v1.12/Atomix/3LdQ4_UKt66.ji.pidfile)
    899.7 ms  ✓ ChunkCodecLibZlib
   3474.1 ms  ✓ MacroTools
   1107.7 ms  ✓ Statistics → SparseArraysExt
    MPIPreferences Being precompiled by another process (pid: 3028861, pidfile: /home/anditse/.julia/compiled/v1.12/MPIPreferences/rGk9Z_UKt66.ji.pidfile)
    981.0 ms  ✓ GPUArraysCore
    899.4 ms  ✓ OffsetArrays → OffsetArraysAdaptExt
    783.9 ms  ✓ LRUCache → SerializationExt
   1127.0 ms  ✓ Random123
    937.7 ms  ✓ TableTraits
    674.8 ms  ✓ Quaternions
    656.6 ms  ✓ CodecZlib
    646.8 ms  ✓ PrecompileTools
   1015.1 ms  ✓ Adapt → AdaptSparseArraysExt
    MuladdMacro Being precompiled by another process (pid: 3028861, pidfile: /home/anditse/.julia/compiled/v1.12/MuladdMacro/myzFY_UKt66.ji.pidfile)
    StaticArrays Being precompiled by another process (pid: 3028861, pidfile: /home/anditse/.julia/compiled/v1.12/StaticArrays/yY9vm_UKt66.ji.pidfile)
    StringManipulation Being precompiled by another process (pid: 3028861, pidfile: /home/anditse/.julia/compiled/v1.12/StringManipulation/4nJQd_UKt66.ji.pidfile)
    Parsers Being precompiled by another process (pid: 3028861, pidfile: /home/anditse/.julia/compiled/v1.12/Parsers/833b9_UKt66.ji.pidfile)
    927.9 ms  ✓ JLLWrappers
   1196.1 ms  ✓ Statistics → SparseArraysExt
   1037.5 ms  ✓ Atomix
   1213.1 ms  ✓ Adapt → AdaptSparseArraysExt
   1285.1 ms  ✓ MPIPreferences
    675.8 ms  ✓ GPUArraysCore
    674.8 ms  ✓ OffsetArrays → OffsetArraysAdaptExt
    675.2 ms  ✓ LRUCache → SerializationExt
    731.0 ms  ✓ ChunkCodecLibZlib
    724.9 ms  ✓ Random123
    768.0 ms  ✓ JLLWrappers
    CUDA_Driver_jll Being precompiled by another process (pid: 3028860, pidfile: /home/anditse/.julia/compiled/v1.12/CUDA_Driver_jll/QJyk7_UKt66.ji.pidfile)
    dlfcn_win32_jll Being precompiled by another process (pid: 3028860, pidfile: /home/anditse/.julia/compiled/v1.12/dlfcn_win32_jll/7OYhW_UKt66.ji.pidfile)
    aws_c_common_jll Being precompiled by another process (pid: 3028860, pidfile: /home/anditse/.julia/compiled/v1.12/aws_c_common_jll/ECOsy_UKt66.ji.pidfile)
    Bzip2_jll Being precompiled by another process (pid: 3028860, pidfile: /home/anditse/.julia/compiled/v1.12/Bzip2_jll/biC9V_UKt66.ji.pidfile)
    Lz4_jll Being precompiled by another process (pid: 3028860, pidfile: /home/anditse/.julia/compiled/v1.12/Lz4_jll/g0UsO_UKt66.ji.pidfile)
    Xorg_libpciaccess_jll Being precompiled by another process (pid: 3028860, pidfile: /home/anditse/.julia/compiled/v1.12/Xorg_libpciaccess_jll/Y7Kz1_UKt66.ji.pidfile)
    libaec_jll Being precompiled by another process (pid: 3028860, pidfile: /home/anditse/.julia/compiled/v1.12/libaec_jll/hvhO3_UKt66.ji.pidfile)
   1829.6 ms  ✓ CodecInflate64
    s2n_tls_jll Being precompiled by another process (pid: 3028860, pidfile: /home/anditse/.julia/compiled/v1.12/s2n_tls_jll/D3A3Y_UKt66.ji.pidfile)
    NVTX_jll Being precompiled by another process (pid: 3028860, pidfile: /home/anditse/.julia/compiled/v1.12/NVTX_jll/a4RQP_UKt66.ji.pidfile)
    LibTracyClient_jll Being precompiled by another process (pid: 3028861, pidfile: /home/anditse/.julia/compiled/v1.12/LibTracyClient_jll/mti1A_UKt66.ji.pidfile)
    IntelOpenMP_jll Being precompiled by another process (pid: 3028861, pidfile: /home/anditse/.julia/compiled/v1.12/IntelOpenMP_jll/3Hg0P_UKt66.ji.pidfile)
   1594.4 ms  ✓ ConstructionBase → ConstructionBaseLinearAlgebraExt
    demumble_jll Being precompiled by another process (pid: 3028860, pidfile: /home/anditse/.julia/compiled/v1.12/demumble_jll/3LhWT_UKt66.ji.pidfile)
    XZ_jll Being precompiled by another process (pid: 3028860, pidfile: /home/anditse/.julia/compiled/v1.12/XZ_jll/uX93p_UKt66.ji.pidfile)
    oneTBB_jll Being precompiled by another process (pid: 3028860, pidfile: /home/anditse/.julia/compiled/v1.12/oneTBB_jll/S2snd_UKt66.ji.pidfile)
    LLVMExtra_jll Being precompiled by another process (pid: 3028860, pidfile: /home/anditse/.julia/compiled/v1.12/LLVMExtra_jll/R9OeX_UKt66.ji.pidfile)
   2062.4 ms  ✓ OpenSSL
   1049.2 ms  ✓ dlfcn_win32_jll
    936.0 ms  ✓ Xorg_libpciaccess_jll
    MbedTLS_jll Being precompiled by another process (pid: 3028861, pidfile: /home/anditse/.julia/compiled/v1.12/MbedTLS_jll/u5NEn_UKt66.ji.pidfile)
    Zstd_jll Being precompiled by another process (pid: 3028861, pidfile: /home/anditse/.julia/compiled/v1.12/Zstd_jll/cFDJB_UKt66.ji.pidfile)
   2327.6 ms  ✓ Distances
   1155.3 ms  ✓ MuladdMacro
    JuliaNVTXCallbacks_jll Being precompiled by another process (pid: 3028860, pidfile: /home/anditse/.julia/compiled/v1.12/JuliaNVTXCallbacks_jll/EQzo6_UKt66.ji.pidfile)
    MicrosoftMPI_jll Being precompiled by another process (pid: 3028860, pidfile: /home/anditse/.julia/compiled/v1.12/MicrosoftMPI_jll/seL8u_UKt66.ji.pidfile)
   1969.4 ms  ✓ ConstructionBase → ConstructionBaseLinearAlgebraExt
   1983.0 ms  ✓ OpenSSL
    829.3 ms  ✓ dlfcn_win32_jll
    933.5 ms  ✓ Xorg_libpciaccess_jll
    Libiconv_jll Being precompiled by another process (pid: 3028861, pidfile: /home/anditse/.julia/compiled/v1.12/Libiconv_jll/ujTCF_UKt66.ji.pidfile)
   1118.4 ms  ✓ libaec_jll
   1193.8 ms  ✓ LibTracyClient_jll
   1161.9 ms  ✓ aws_c_common_jll
   1201.1 ms  ✓ s2n_tls_jll
   1252.2 ms  ✓ Lz4_jll
   1521.7 ms  ✓ NVTX_jll
   4556.4 ms  ✓ TaylorSeries
   1409.7 ms  ✓ Lz4_jll
   1192.1 ms  ✓ s2n_tls_jll
   3362.1 ms  ✓ DataStructures
   1523.8 ms  ✓ demumble_jll
   1478.8 ms  ✓ NVTX_jll
   1606.2 ms  ✓ Bzip2_jll
   1472.9 ms  ✓ XZ_jll
   1149.6 ms  ✓ libaec_jll
   1344.3 ms  ✓ aws_c_common_jll
    FFTW_jll Being precompiled by another process (pid: 3028861, pidfile: /home/anditse/.julia/compiled/v1.12/FFTW_jll/9AVlm_UKt66.ji.pidfile)
   2638.7 ms  ✓ Atomix
   2368.4 ms  ✓ MPIPreferences
   3168.4 ms  ✓ CodecInflate64
    DiskArrays Being precompiled by another process (pid: 3028861, pidfile: /home/anditse/.julia/compiled/v1.12/DiskArrays/f9Xsd_UKt66.ji.pidfile)
   3464.2 ms  ✓ Distances
   2362.7 ms  ✓ MuladdMacro
   1691.8 ms  ✓ LibTracyClient_jll
    aws_checksums_jll Being precompiled by another process (pid: 3028861, pidfile: /home/anditse/.julia/compiled/v1.12/aws_checksums_jll/H1SpO_UKt66.ji.pidfile)
    aws_c_compression_jll Being precompiled by another process (pid: 3028861, pidfile: /home/anditse/.julia/compiled/v1.12/aws_c_compression_jll/99522_UKt66.ji.pidfile)
    MPItrampoline_jll Being precompiled by another process (pid: 3028861, pidfile: /home/anditse/.julia/compiled/v1.12/MPItrampoline_jll/FwcC8_UKt66.ji.pidfile)
    OpenMPI_jll Being precompiled by another process (pid: 3028861, pidfile: /home/anditse/.julia/compiled/v1.12/OpenMPI_jll/UdERG_UKt66.ji.pidfile)
    Distances → DistancesSparseArraysExt Being precompiled by another process (pid: 3028861, pidfile: /home/anditse/.julia/compiled/v1.12/DistancesSparseArraysExt/2KLYQ_UKt66.ji.pidfile)
    Tracy Being precompiled by another process (pid: 3028861, pidfile: /home/anditse/.julia/compiled/v1.12/Tracy/QvZG9_UKt66.ji.pidfile)
   1003.3 ms  ✓ MicrosoftMPI_jll
   1022.4 ms  ✓ JuliaNVTXCallbacks_jll
   1753.7 ms  ✓ IntelOpenMP_jll
   1751.7 ms  ✓ IntelOpenMP_jll
   1234.1 ms  ✓ Libiconv_jll
   1538.1 ms  ✓ MbedTLS_jll
   1793.4 ms  ✓ MPItrampoline_jll
   1887.9 ms  ✓ OpenMPI_jll
   1208.0 ms  ✓ FFTW_jll
   1123.0 ms  ✓ Distances → DistancesSparseArraysExt
   1347.7 ms  ✓ Zstd_jll
    aws_c_sdkutils_jll Being precompiled by another process (pid: 3028860, pidfile: /home/anditse/.julia/compiled/v1.12/aws_c_sdkutils_jll/F9ATm_UKt66.ji.pidfile)
   1864.2 ms  ✓ oneTBB_jll
   1531.1 ms  ✓ MbedTLS_jll
   1834.9 ms  ✓ LLVMExtra_jll
   2088.7 ms  ✓ Bzip2_jll
   4364.8 ms  ✓ TaylorSeries
    aws_c_cal_jll Being precompiled by another process (pid: 3028860, pidfile: /home/anditse/.julia/compiled/v1.12/aws_c_cal_jll/CrOdk_UKt66.ji.pidfile)
   3271.2 ms  ✓ DataStructures
   1852.4 ms  ✓ demumble_jll
   1661.2 ms  ✓ XZ_jll
   1288.0 ms  ✓ MicrosoftMPI_jll
   3885.9 ms  ✓ FileIO
   1877.6 ms  ✓ oneTBB_jll
    390.7 ms  ✓ Distances → DistancesSparseArraysExt
   1457.7 ms  ✓ Libiconv_jll
    608.0 ms  ✓ FFTW_jll
    398.2 ms  ✓ OpenMPI_jll
    305.2 ms  ✓ MPItrampoline_jll
   1369.0 ms  ✓ Zstd_jll
   1870.0 ms  ✓ LLVMExtra_jll
   1516.0 ms  ✓ JuliaNVTXCallbacks_jll
    MbedTLS Being precompiled by another process (pid: 3028861, pidfile: /home/anditse/.julia/compiled/v1.12/MbedTLS/bf9T0_UKt66.ji.pidfile)
   4156.9 ms  ✓ FileIO
   3061.7 ms  ✓ CUDA_Driver_jll
    XML2_jll Being precompiled by another process (pid: 3028861, pidfile: /home/anditse/.julia/compiled/v1.12/XML2_jll/xWVg2_UKt66.ji.pidfile)
    ChunkCodecLibZstd Being precompiled by another process (pid: 3028861, pidfile: /home/anditse/.julia/compiled/v1.12/ChunkCodecLibZstd/j9Tqa_UKt66.ji.pidfile)
    Blosc_jll Being precompiled by another process (pid: 3028861, pidfile: /home/anditse/.julia/compiled/v1.12/Blosc_jll/XIeja_UKt66.ji.pidfile)
    libzip_jll Being precompiled by another process (pid: 3028861, pidfile: /home/anditse/.julia/compiled/v1.12/libzip_jll/1zqqB_UKt66.ji.pidfile)
   1034.2 ms  ✓ aws_c_cal_jll
   1113.1 ms  ✓ aws_checksums_jll
   1076.5 ms  ✓ aws_c_compression_jll
    976.0 ms  ✓ aws_c_sdkutils_jll
    MKL_jll Being precompiled by another process (pid: 3028860, pidfile: /home/anditse/.julia/compiled/v1.12/MKL_jll/DHEix_UKt66.ji.pidfile)
   3078.7 ms  ✓ CUDA_Driver_jll
   1112.2 ms  ✓ aws_c_compression_jll
   1325.4 ms  ✓ aws_checksums_jll
    LLVM Being precompiled by another process (pid: 3028860, pidfile: /home/anditse/.julia/compiled/v1.12/LLVM/e8NBy_UKt66.ji.pidfile)
    NVTX Being precompiled by another process (pid: 3028860, pidfile: /home/anditse/.julia/compiled/v1.12/NVTX/s1i2n_UKt66.ji.pidfile)
   3735.5 ms  ✓ StringManipulation
   1996.3 ms  ✓ DiskArrays
   1653.6 ms  ✓ Tracy
    644.6 ms  ✓ aws_c_cal_jll
    870.6 ms  ✓ aws_c_sdkutils_jll
    CUDA_Runtime_jll Being precompiled by another process (pid: 3028860, pidfile: /home/anditse/.julia/compiled/v1.12/CUDA_Runtime_jll/Hs50y_UKt66.ji.pidfile)
    aws_c_io_jll Being precompiled by another process (pid: 3028860, pidfile: /home/anditse/.julia/compiled/v1.12/aws_c_io_jll/WnwWe_UKt66.ji.pidfile)
   1240.7 ms  ✓ NVTX
   1265.1 ms  ✓ Tracy
   1457.4 ms  ✓ DiskArrays
   3848.9 ms  ✓ StringManipulation
    CommonDataModel Being precompiled by another process (pid: 3028861, pidfile: /home/anditse/.julia/compiled/v1.12/CommonDataModel/wdn7g_UKt66.ji.pidfile)
    249.3 ms  ✓ NVTX
    895.1 ms  ✓ ChunkCodecLibZstd
    475.6 ms  ✓ ChunkCodecLibZstd
   1062.9 ms  ✓ Blosc_jll
   1194.2 ms  ✓ XML2_jll
    738.6 ms  ✓ Blosc_jll
    803.5 ms  ✓ XML2_jll
    Blosc Being precompiled by another process (pid: 3028861, pidfile: /home/anditse/.julia/compiled/v1.12/Blosc/UZMg8_UKt66.ji.pidfile)
    Hwloc_jll Being precompiled by another process (pid: 3028861, pidfile: /home/anditse/.julia/compiled/v1.12/Hwloc_jll/tooZ5_UKt66.ji.pidfile)
    942.5 ms  ✓ libzip_jll
    833.1 ms  ✓ libzip_jll
   1657.1 ms  ✓ MbedTLS
   1432.3 ms  ✓ MbedTLS
   1135.2 ms  ✓ aws_c_io_jll
   1115.2 ms  ✓ aws_c_io_jll
    aws_c_http_jll Being precompiled by another process (pid: 3028860, pidfile: /home/anditse/.julia/compiled/v1.12/aws_c_http_jll/UV8fW_UKt66.ji.pidfile)
    680.0 ms  ✓ Blosc
    606.5 ms  ✓ Blosc
   1780.1 ms  ✓ MKL_jll
   1697.2 ms  ✓ MKL_jll
   1535.3 ms  ✓ CommonDataModel
   1434.8 ms  ✓ CommonDataModel
   1269.1 ms  ✓ Hwloc_jll
   1251.1 ms  ✓ Hwloc_jll
    MPIABI_jll Being precompiled by another process (pid: 3028861, pidfile: /home/anditse/.julia/compiled/v1.12/MPIABI_jll/4sp6G_UKt66.ji.pidfile)
    MPICH_jll Being precompiled by another process (pid: 3028860, pidfile: /home/anditse/.julia/compiled/v1.12/MPICH_jll/vDjle_UKt66.ji.pidfile)
    950.2 ms  ✓ aws_c_http_jll
    972.2 ms  ✓ aws_c_http_jll
    aws_c_auth_jll Being precompiled by another process (pid: 3028860, pidfile: /home/anditse/.julia/compiled/v1.12/aws_c_auth_jll/Kasyv_UKt66.ji.pidfile)
  10187.7 ms  ✓ LLVMLoopInfo
  10043.9 ms  ✓ ExpressionExplorer
  10216.7 ms  ✓ LLVMLoopInfo
  10141.6 ms  ✓ AbstractFFTs
  10154.1 ms  ✓ ExpressionExplorer
    ReactantCore Being precompiled by another process (pid: 3028860, pidfile: /home/anditse/.julia/compiled/v1.12/ReactantCore/unB5Q_UKt66.ji.pidfile)
  10168.9 ms  ✓ AbstractFFTs
    627.1 ms  ✓ MPICH_jll
    648.9 ms  ✓ MPICH_jll
  10083.8 ms  ✓ TextWrap
  10037.7 ms  ✓ InputBuffers
  10060.1 ms  ✓ Reexport
    702.2 ms  ✓ ReactantCore
    624.8 ms  ✓ ReactantCore
   1173.6 ms  ✓ MPIABI_jll
   1224.6 ms  ✓ MPIABI_jll
  10131.8 ms  ✓ HashArrayMappedTries
  10137.9 ms  ✓ InputBuffers
   1221.3 ms  ✓ aws_c_auth_jll
  10194.0 ms  ✓ Crayons
  10225.8 ms  ✓ DataAPI
    mpif_jll Being precompiled by another process (pid: 3028861, pidfile: /home/anditse/.julia/compiled/v1.12/mpif_jll/2vJ1I_UKt66.ji.pidfile)
    ZipArchives Being precompiled by another process (pid: 3028861, pidfile: /home/anditse/.julia/compiled/v1.12/ZipArchives/SGwzF_UKt66.ji.pidfile)
  10243.6 ms  ✓ Krylov
  10249.2 ms  ✓ ConcurrentUtilities
  10108.9 ms  ✓ StructUtils
  10253.6 ms  ✓ DataAPI
  10258.0 ms  ✓ Crayons
  10318.0 ms  ✓ Reexport
  10488.5 ms  ✓ TextWrap
  10162.6 ms  ✓ ConcurrentUtilities
  10556.6 ms  ✓ HashArrayMappedTries
   1547.6 ms  ✓ aws_c_auth_jll
    Tables Being precompiled by another process (pid: 3028860, pidfile: /home/anditse/.julia/compiled/v1.12/Tables/Z804B_UKt66.ji.pidfile)
    FFTW Being precompiled by another process (pid: 3028860, pidfile: /home/anditse/.julia/compiled/v1.12/FFTW/PvIn2_UKt66.ji.pidfile)
    JLD2 Being precompiled by another process (pid: 3028860, pidfile: /home/anditse/.julia/compiled/v1.12/JLD2/O1EyT_UKt66.ji.pidfile)
  10060.5 ms  ✓ StructUtils
    aws_c_s3_jll Being precompiled by another process (pid: 3028860, pidfile: /home/anditse/.julia/compiled/v1.12/aws_c_s3_jll/4S5Nn_UKt66.ji.pidfile)
    StructUtils → StructUtilsStaticArraysCoreExt Being precompiled by another process (pid: 3028860, pidfile: /home/anditse/.julia/compiled/v1.12/StructUtilsStaticArraysCoreExt/1sk5Y_UKt66.ji.pidfile)
  10125.1 ms  ✓ LoggingExtras
    HTTP Being precompiled by another process (pid: 3028861, pidfile: /home/anditse/.julia/compiled/v1.12/HTTP/zXWya_UKt66.ji.pidfile)
    583.3 ms  ✓ StructUtils → StructUtilsStaticArraysCoreExt
    548.2 ms  ✓ StructUtils → StructUtilsStaticArraysCoreExt
   8261.8 ms  ✓ StaticArrays
   8180.0 ms  ✓ StaticArrays
    StaticArrays → StaticArraysStatisticsExt Being precompiled by another process (pid: 3028861, pidfile: /home/anditse/.julia/compiled/v1.12/StaticArraysStatisticsExt/EfhbW_UKt66.ji.pidfile)
    Adapt → AdaptStaticArraysExt Being precompiled by another process (pid: 3028861, pidfile: /home/anditse/.julia/compiled/v1.12/AdaptStaticArraysExt/9bCdf_UKt66.ji.pidfile)
  10589.2 ms  ✓ PkgVersion
    ConstructionBase → ConstructionBaseStaticArraysExt Being precompiled by another process (pid: 3028861, pidfile: /home/anditse/.julia/compiled/v1.12/ConstructionBaseStaticArraysExt/MmdaU_UKt66.ji.pidfile)
    Rotations Being precompiled by another process (pid: 3028861, pidfile: /home/anditse/.julia/compiled/v1.12/Rotations/SJ1Dh_UKt66.ji.pidfile)
    TaylorSeries → TaylorSeriesSAExt Being precompiled by another process (pid: 3028861, pidfile: /home/anditse/.julia/compiled/v1.12/TaylorSeriesSAExt/ftu5M_UKt66.ji.pidfile)
  10905.1 ms  ✓ PkgVersion
    MPI Being precompiled by another process (pid: 3028860, pidfile: /home/anditse/.julia/compiled/v1.12/MPI/nO0XF_UKt66.ji.pidfile)
   1205.0 ms  ✓ aws_c_s3_jll
   1086.0 ms  ✓ aws_c_s3_jll
   1785.8 ms  ✓ mpif_jll
   1487.4 ms  ✓ mpif_jll
    HDF5_jll Being precompiled by another process (pid: 3028861, pidfile: /home/anditse/.julia/compiled/v1.12/HDF5_jll/w9xrx_UKt66.ji.pidfile)
  10064.5 ms  ✓ Krylov
    672.8 ms  ✓ StaticArrays → StaticArraysStatisticsExt
    699.6 ms  ✓ StaticArrays → StaticArraysStatisticsExt
    693.8 ms  ✓ Adapt → AdaptStaticArraysExt
    646.8 ms  ✓ ConstructionBase → ConstructionBaseStaticArraysExt
    624.2 ms  ✓ Adapt → AdaptStaticArraysExt
    659.5 ms  ✓ ConstructionBase → ConstructionBaseStaticArraysExt
    KernelAbstractions Being precompiled by another process (pid: 3028861, pidfile: /home/anditse/.julia/compiled/v1.12/KernelAbstractions/aywHT_UKt66.ji.pidfile)
    948.6 ms  ✓ TaylorSeries → TaylorSeriesSAExt
    987.3 ms  ✓ TaylorSeries → TaylorSeriesSAExt
    CubedSphere Being precompiled by another process (pid: 3028861, pidfile: /home/anditse/.julia/compiled/v1.12/CubedSphere/D8jeN_UKt66.ji.pidfile)
   2269.3 ms  ✓ Tables
   2105.2 ms  ✓ Tables
    PrettyTables Being precompiled by another process (pid: 3028860, pidfile: /home/anditse/.julia/compiled/v1.12/PrettyTables/kRdcL_UKt66.ji.pidfile)
    StructArrays Being precompiled by another process (pid: 3028861, pidfile: /home/anditse/.julia/compiled/v1.12/StructArrays/jRMFC_UKt66.ji.pidfile)
    StructUtils → StructUtilsTablesExt Being precompiled by another process (pid: 3028861, pidfile: /home/anditse/.julia/compiled/v1.12/StructUtilsTablesExt/SRnPs_UKt66.ji.pidfile)
    634.7 ms  ✓ StructUtils → StructUtilsTablesExt
    687.4 ms  ✓ StructUtils → StructUtilsTablesExt
   4031.2 ms  ✓ ZipArchives
   3406.5 ms  ✓ ZipArchives
   2401.2 ms  ✓ HDF5_jll
   1922.8 ms  ✓ CubedSphere
   3321.8 ms  ✓ Rotations
   2342.2 ms  ✓ StructArrays
   3315.6 ms  ✓ HDF5_jll
   3008.7 ms  ✓ CubedSphere
   3999.6 ms  ✓ Rotations
   2754.7 ms  ✓ StructArrays
    NetCDF_jll Being precompiled by another process (pid: 3028861, pidfile: /home/anditse/.julia/compiled/v1.12/NetCDF_jll/cIvCy_UKt66.ji.pidfile)
    StructArrays → StructArraysAdaptExt Being precompiled by another process (pid: 3028861, pidfile: /home/anditse/.julia/compiled/v1.12/StructArraysAdaptExt/LGSao_UKt66.ji.pidfile)
    StructArrays → StructArraysSparseArraysExt Being precompiled by another process (pid: 3028861, pidfile: /home/anditse/.julia/compiled/v1.12/StructArraysSparseArraysExt/PDHF1_UKt66.ji.pidfile)
    StructArrays → StructArraysStaticArraysExt Being precompiled by another process (pid: 3028861, pidfile: /home/anditse/.julia/compiled/v1.12/StructArraysStaticArraysExt/xG3H2_UKt66.ji.pidfile)
    StructArrays → StructArraysLinearAlgebraExt Being precompiled by another process (pid: 3028861, pidfile: /home/anditse/.julia/compiled/v1.12/StructArraysLinearAlgebraExt/j2VwV_UKt66.ji.pidfile)
    762.5 ms  ✓ StructArrays → StructArraysLinearAlgebraExt
    939.7 ms  ✓ StructArrays → StructArraysSparseArraysExt
   1059.5 ms  ✓ StructArrays → StructArraysAdaptExt
   9729.2 ms  ✓ LLVM
   9728.4 ms  ✓ LLVM
   4419.4 ms  ✓ KernelAbstractions
    GPUToolbox Being precompiled by another process (pid: 3028860, pidfile: /home/anditse/.julia/compiled/v1.12/GPUToolbox/VNkSP_UKt66.ji.pidfile)
    LLVM → BFloat16sExt Being precompiled by another process (pid: 3028860, pidfile: /home/anditse/.julia/compiled/v1.12/BFloat16sExt/B6KwG_UKt66.ji.pidfile)
    GPUCompiler Being precompiled by another process (pid: 3028860, pidfile: /home/anditse/.julia/compiled/v1.12/GPUCompiler/yPwef_UKt66.ji.pidfile)
    UnsafeAtomics → UnsafeAtomicsLLVM Being precompiled by another process (pid: 0, pidfile: /home/anditse/.julia/compiled/v1.12/UnsafeAtomicsLLVM/yk2PZ_UKt66.ji.pidfile)
   4603.6 ms  ✓ KernelAbstractions
   6940.8 ms  ✓ FFTW
    KernelAbstractions → SparseArraysExt Being precompiled by another process (pid: 3028861, pidfile: /home/anditse/.julia/compiled/v1.12/SparseArraysExt/TR6ym_UKt66.ji.pidfile)
    KernelAbstractions → LinearAlgebraExt Being precompiled by another process (pid: 3028861, pidfile: /home/anditse/.julia/compiled/v1.12/LinearAlgebraExt/1TyTB_UKt66.ji.pidfile)
    StructArrays → StructArraysGPUArraysCoreExt Being precompiled by another process (pid: 3028861, pidfile: /home/anditse/.julia/compiled/v1.12/StructArraysGPUArraysCoreExt/KyZgZ_UKt66.ji.pidfile)
   6177.8 ms  ✓ FFTW
   5385.3 ms  ✓ MPI
   5505.1 ms  ✓ MPI
    816.2 ms  ✓ KernelAbstractions → LinearAlgebraExt
    861.3 ms  ✓ KernelAbstractions → SparseArraysExt
    840.4 ms  ✓ KernelAbstractions → LinearAlgebraExt
   1228.2 ms  ✓ LLVM → BFloat16sExt
    933.8 ms  ✓ KernelAbstractions → SparseArraysExt
   1481.2 ms  ✓ GPUToolbox
   1278.5 ms  ✓ LLVM → BFloat16sExt
   1404.2 ms  ✓ GPUToolbox
   3969.1 ms  ✓ NetCDF_jll
   2671.3 ms  ✓ NetCDF_jll
    NCDatasets Being precompiled by another process (pid: 3028861, pidfile: /home/anditse/.julia/compiled/v1.12/NCDatasets/lxvtD_UKt66.ji.pidfile)
   1592.1 ms  ✓ UnsafeAtomics → UnsafeAtomicsLLVM
   1697.2 ms  ✓ UnsafeAtomics → UnsafeAtomicsLLVM
    GPUArrays Being precompiled by another process (pid: 3028861, pidfile: /home/anditse/.julia/compiled/v1.12/GPUArrays/v5u0T_UKt66.ji.pidfile)
  15593.8 ms  ✓ Parsers
  15568.4 ms  ✓ Parsers
    JSON Being precompiled by another process (pid: 3028861, pidfile: /home/anditse/.julia/compiled/v1.12/JSON/uf6oy_UKt66.ji.pidfile)
  13304.8 ms  ✓ HTTP
  13298.6 ms  ✓ HTTP
    DataDeps Being precompiled by another process (pid: 3028861, pidfile: /home/anditse/.julia/compiled/v1.12/DataDeps/cCpxD_UKt66.ji.pidfile)
    FileIO → HTTPExt Being precompiled by another process (pid: 3028861, pidfile: /home/anditse/.julia/compiled/v1.12/HTTPExt/VIoHu_UKt66.ji.pidfile)
   5737.1 ms  ✓ GPUArrays
   5830.3 ms  ✓ GPUArrays
   1150.4 ms  ✓ FileIO → HTTPExt
   1190.3 ms  ✓ FileIO → HTTPExt
   7571.0 ms  ✓ JSON
   7675.7 ms  ✓ JSON
    Zarr Being precompiled by another process (pid: 3028861, pidfile: /home/anditse/.julia/compiled/v1.12/Zarr/hCPS9_UKt66.ji.pidfile)
   8422.6 ms  ✓ NCDatasets
   8606.1 ms  ✓ NCDatasets
    NCDatasets → NCDatasetsMPIExt Being precompiled by another process (pid: 3028861, pidfile: /home/anditse/.julia/compiled/v1.12/NCDatasetsMPIExt/LY4mO_UKt66.ji.pidfile)
  11343.5 ms  ✓ StructArrays → StructArraysLinearAlgebraExt
  11354.3 ms  ✓ StructArrays → StructArraysAdaptExt
   3132.8 ms  ✓ DataDeps
  11815.0 ms  ✓ StructArrays → StructArraysStaticArraysExt
   3170.7 ms  ✓ DataDeps
  11697.4 ms  ✓ StructArrays → StructArraysStaticArraysExt
  11697.4 ms  ✓ StructArrays → StructArraysSparseArraysExt
  10997.9 ms  ✓ StructArrays → StructArraysGPUArraysCoreExt
  11106.9 ms  ✓ StructArrays → StructArraysGPUArraysCoreExt
   1856.9 ms  ✓ NCDatasets → NCDatasetsMPIExt
   1792.4 ms  ✓ NCDatasets → NCDatasetsMPIExt
   3896.8 ms  ✓ Zarr
   4042.5 ms  ✓ Zarr
  18330.9 ms  ✓ PrettyTables
  21578.2 ms  ✓ JLD2
  21410.6 ms  ✓ JLD2
    TaylorSeries → TaylorSeriesJLD2Ext Being precompiled by another process (pid: 3028860, pidfile: /home/anditse/.julia/compiled/v1.12/TaylorSeriesJLD2Ext/zqoiM_UKt66.ji.pidfile)
    GPUArrays → JLD2Ext Being precompiled by another process (pid: 3028860, pidfile: /home/anditse/.julia/compiled/v1.12/JLD2Ext/LWN1a_UKt66.ji.pidfile)
   1396.7 ms  ✓ TaylorSeries → TaylorSeriesJLD2Ext
   1456.1 ms  ✓ TaylorSeries → TaylorSeriesJLD2Ext
    Oceananigans Being precompiled by another process (pid: 3028860, pidfile: /home/anditse/.julia/compiled/v1.12/Oceananigans/hU93i_UKt66.ji.pidfile)
   1938.2 ms  ✓ GPUArrays → JLD2Ext
   2143.0 ms  ✓ GPUArrays → JLD2Ext
  23262.3 ms  ✓ GPUCompiler
  23351.0 ms  ✓ GPUCompiler
  39550.2 ms  ✓ CUDA_Runtime_jll
  39562.8 ms  ✓ CUDA_Runtime_jll
  33640.3 ms  ✓ PrettyTables
    CUDA_Compiler_jll Being precompiled by another process (pid: 3028860, pidfile: /home/anditse/.julia/compiled/v1.12/CUDA_Compiler_jll/ljFRe_UKt66.ji.pidfile)
  37037.7 ms  ✓ Oceananigans
  37606.3 ms  ✓ Oceananigans
    Oceananigans → OceananigansNCDatasetsExt Being precompiled by another process (pid: 3028860, pidfile: /home/anditse/.julia/compiled/v1.12/OceananigansNCDatasetsExt/fy6mv_UKt66.ji.pidfile)
    Oceananigans → OceananigansZarrExt Being precompiled by another process (pid: 3028860, pidfile: /home/anditse/.julia/compiled/v1.12/OceananigansZarrExt/m9mHf_UKt66.ji.pidfile)
   3758.3 ms  ✓ Oceananigans → OceananigansNCDatasetsExt
   3795.3 ms  ✓ Oceananigans → OceananigansZarrExt
   3667.7 ms  ✓ Oceananigans → OceananigansNCDatasetsExt
   4323.7 ms  ✓ Oceananigans → OceananigansZarrExt
  43772.8 ms  ✓ CUDA_Compiler_jll
  43737.7 ms  ✓ CUDA_Compiler_jll
    CUDACore Being precompiled by another process (pid: 3028860, pidfile: /home/anditse/.julia/compiled/v1.12/CUDACore/mcKyc_UKt66.ji.pidfile)
  41734.9 ms  ✓ CUDACore
  41948.3 ms  ✓ CUDACore
    NVML Being precompiled by another process (pid: 3028860, pidfile: /home/anditse/.julia/compiled/v1.12/NVML/P9TkG_UKt66.ji.pidfile)
    cuRAND Being precompiled by another process (pid: 3028860, pidfile: /home/anditse/.julia/compiled/v1.12/cuRAND/VLzXk_UKt66.ji.pidfile)
    CUPTI Being precompiled by another process (pid: 3028860, pidfile: /home/anditse/.julia/compiled/v1.12/CUPTI/OuEGu_UKt66.ji.pidfile)
    cuSPARSE Being precompiled by another process (pid: 3028860, pidfile: /home/anditse/.julia/compiled/v1.12/cuSPARSE/Dbmja_UKt66.ji.pidfile)
    cuBLAS Being precompiled by another process (pid: 3028860, pidfile: /home/anditse/.julia/compiled/v1.12/cuBLAS/EI0St_UKt66.ji.pidfile)
    cuFFT Being precompiled by another process (pid: 3028861, pidfile: /home/anditse/.julia/compiled/v1.12/cuFFT/XwQlj_UKt66.ji.pidfile)
   4027.7 ms  ✓ cuFFT
   4290.3 ms  ✓ cuFFT
   4990.6 ms  ✓ cuRAND
   5172.7 ms  ✓ NVML
   5031.5 ms  ✓ cuRAND
   5291.3 ms  ✓ NVML
   5808.8 ms  ✓ CUPTI
   5967.9 ms  ✓ CUPTI
    CUDATools Being precompiled by another process (pid: 3028860, pidfile: /home/anditse/.julia/compiled/v1.12/CUDATools/v1A2g_UKt66.ji.pidfile)
   7408.1 ms  ✓ cuSPARSE
   7666.2 ms  ✓ cuSPARSE
   8564.2 ms  ✓ cuBLAS
   8772.3 ms  ✓ cuBLAS
    cuSOLVER Being precompiled by another process (pid: 3028860, pidfile: /home/anditse/.julia/compiled/v1.12/cuSOLVER/oYUMB_UKt66.ji.pidfile)
   8052.6 ms  ✓ cuSOLVER
   8211.7 ms  ✓ cuSOLVER
  11381.1 ms  ✓ CUDATools
  11498.8 ms  ✓ CUDATools
    CUDA Being precompiled by another process (pid: 3028860, pidfile: /home/anditse/.julia/compiled/v1.12/CUDA/oWw5k_UKt66.ji.pidfile)
   4731.5 ms  ✓ CUDA
   4782.2 ms  ✓ CUDA
    Atomix → AtomixCUDAExt Being precompiled by another process (pid: 3028860, pidfile: /home/anditse/.julia/compiled/v1.12/AtomixCUDAExt/B0Tg4_UKt66.ji.pidfile)
    MPI → CUDAExt Being precompiled by another process (pid: 3028860, pidfile: /home/anditse/.julia/compiled/v1.12/CUDAExt/HrViO_UKt66.ji.pidfile)
    Oceananigans → OceananigansCUDAExt Being precompiled by another process (pid: 3028860, pidfile: /home/anditse/.julia/compiled/v1.12/OceananigansCUDAExt/RRSG2_UKt66.ji.pidfile)
   4284.3 ms  ✓ Atomix → AtomixCUDAExt
   4489.4 ms  ✓ MPI → CUDAExt
   4267.2 ms  ✓ Atomix → AtomixCUDAExt
   4671.0 ms  ✓ MPI → CUDAExt
   6186.3 ms  ✓ Oceananigans → OceananigansCUDAExt
   6829.2 ms  ✓ Oceananigans → OceananigansCUDAExt
    OceananigansBenchmarks Being precompiled by another process (pid: 3028860, pidfile: /home/anditse/.julia/compiled/v1.12/OceananigansBenchmarks/5mx5t_UKt66.ji.pidfile)
   7950.2 ms  ✓ OceananigansBenchmarks
  180 dependencies successfully precompiled in 180 seconds. 40 already precompiled.
   7905.3 ms  ✓ OceananigansBenchmarks
  180 dependencies successfully precompiled in 181 seconds. 40 already precompiled.
PASS: MPI ring, distinct resources, finite fields and all 2 rank results
