julia --threads=1 --project=benchmarking benchmarking/run_benchmarks.jl --float_type=Float64 --momentum_advection=WENOVectorInvariantDefault --tracer_advection=WENO7 --closure=CATKE --timestepper=SplitRungeKutta3 --tracers=T\,S --dt=60 --warmup_steps=2 --time_steps=10 --samples=5 --device=GPU --size=360x180x50 --grid_type=lat_lon --output=/u/ajtse/Oceananigans.jl/benchmarking/results/rondeau/2026-09-27T025835Z_all_3680654/gpu_resolution/360x180x50/results.json 
===============================================================================================
Oceananigans Benchmark Suite
===============================================================================================
Date: 2026-09-27T04:51:21.516
Mode: benchmark
Case: earth_ocean
Grid types: SubString{String}["lat_lon"]
Architecture: GPU{CUDABackend}(CUDABackend(false, true))
Distributed: false
Sizes: [(360, 180, 50)]
Float types: DataType[Float64]
Momentum advection: SubString{String}["WENOVectorInvariantDefault"]
Tracer advection: SubString{String}["WENO7"]
Closures: SubString{String}["CATKE"]
Tracers: (:T, :S)
Timestepper: SplitRungeKutta3
Time steps: 10 × 5 windows (warmup: 2)
Δt: 60.0 s
===============================================================================================


----------------------------------------------------------------------
Running: EarthOcean_lat_lon_360x180x50_F64_WENOVectorInvariantDefault_WENO7_CATKE_2tr
----------------------------------------------------------------------
[ Info: Benchmark: EarthOcean_lat_lon_360x180x50_F64_WENOVectorInvariantDefault_WENO7_CATKE_2tr
[ Info:   Architecture: GPU{CUDABackend}(CUDABackend(false, true))
[ Info:   Float type: Float64
[ Info:   Grid size: 360 × 180 × 50 (3240000 points)
[ Info:   Time step: 60.0 s
[ Info:   Warmup steps: 2
[ Info:   Benchmark steps: 10 × 5 windows
[ Info:   Running warmup...
[ Info:   Running benchmark...
[ Info:   Results:
[ Info:     Total time: 1.700 s
[ Info:     Time per step: 0.033800 s (min of 5 windows; median 0.033816 s, max 0.034779 s)
[ Info:     Grid points/s: 9.59e+07
[ Info:     GPU memory usage: 957.299 MiB

=======================================================================================================================================
BENCHMARK SUMMARY
=======================================================================================================================================

Benchmark                                                  Float         Grid Time/unit (ms)    Units/s        Points/s       Size           Chunks
---------------------------------------------------------------------------------------------------------------------------------------
EarthOcean_lat_lon_360x180x50_F64_WENOVectorInvariantDefault_WENO7_CATKE_2tr  Float64   360×180×50        33.8002      29.59        9.59e+07          —                —
=======================================================================================================================================
Results saved to: /u/ajtse/Oceananigans.jl/benchmarking/results/rondeau/2026-09-27T025835Z_all_3680654/gpu_resolution/360x180x50/results.json
Markdown report saved to: /u/ajtse/Oceananigans.jl/benchmarking/results/rondeau/2026-09-27T025835Z_all_3680654/gpu_resolution/360x180x50/results.md
Benchmarks completed at 2026-09-27T04:53:01.870Z
