Precompiling packages...
    LaTeXStrings Being precompiled by another machine (hostname: fc10606, pid: 3028860, pidfile: /home/anditse/.julia/compiled/v1.12/LaTeXStrings/H4HGh_UKt66.ji.pidfile)
    Glob Being precompiled by another machine (hostname: fc10606, pid: 3028861, pidfile: /home/anditse/.julia/compiled/v1.12/Glob/3FzEV_UKt66.ji.pidfile)
    ExprTools Being precompiled by another machine (hostname: fc10606, pid: 3028861, pidfile: /home/anditse/.julia/compiled/v1.12/ExprTools/eM8wu_UKt66.ji.pidfile)
    IteratorInterfaceExtensions Being precompiled by another machine (hostname: fc10606, pid: 3028860, pidfile: /home/anditse/.julia/compiled/v1.12/IteratorInterfaceExtensions/N0h8q_UKt66.ji.pidfile)
    UnsafeAtomics Being precompiled by another machine (hostname: fc10606, pid: 3028861, pidfile: /home/anditse/.julia/compiled/v1.12/UnsafeAtomics/OuhNJ_UKt66.ji.pidfile)
    StatsAPI Being precompiled by another machine (hostname: fc10606, pid: 3028861, pidfile: /home/anditse/.julia/compiled/v1.12/StatsAPI/Rf3YC_UKt66.ji.pidfile)
    ChunkCodecCore Being precompiled by another machine (hostname: fc10606, pid: 3028860, pidfile: /home/anditse/.julia/compiled/v1.12/ChunkCodecCore/54tFi_UKt66.ji.pidfile)
    CEnum Being precompiled by another machine (hostname: fc10606, pid: 3028860, pidfile: /home/anditse/.julia/compiled/v1.12/CEnum/0gyUJ_UKt66.ji.pidfile)
    OffsetArrays Being precompiled by another machine (hostname: fc10606, pid: 3028860, pidfile: /home/anditse/.julia/compiled/v1.12/OffsetArrays/UDEDl_UKt66.ji.pidfile)
    SeawaterPolynomials Being precompiled by another machine (hostname: fc10606, pid: 3028860, pidfile: /home/anditse/.julia/compiled/v1.12/SeawaterPolynomials/WUxph_UKt66.ji.pidfile)
    ArgCheck Being precompiled by another machine (hostname: fc10606, pid: 3028860, pidfile: /home/anditse/.julia/compiled/v1.12/ArgCheck/P66Js_UKt66.ji.pidfile)
    RandomNumbers Being precompiled by another machine (hostname: fc10606, pid: 3028860, pidfile: /home/anditse/.julia/compiled/v1.12/RandomNumbers/pgCpR_UKt66.ji.pidfile)
    Requires Being precompiled by another machine (hostname: fc10606, pid: 3028860, pidfile: /home/anditse/.julia/compiled/v1.12/Requires/IyxeS_UKt66.ji.pidfile)
    TranscodingStreams Being precompiled by another machine (hostname: fc10606, pid: 3028861, pidfile: /home/anditse/.julia/compiled/v1.12/TranscodingStreams/eJQ7D_UKt66.ji.pidfile)
    Statistics Being precompiled by another machine (hostname: fc10606, pid: 3028860, pidfile: /home/anditse/.julia/compiled/v1.12/Statistics/ERcPL_UKt66.ji.pidfile)
    MacroTools Being precompiled by another machine (hostname: fc10606, pid: 3028861, pidfile: /home/anditse/.julia/compiled/v1.12/MacroTools/38lnR_UKt66.ji.pidfile)
    OrderedCollections Being precompiled by another machine (hostname: fc10606, pid: 3028860, pidfile: /home/anditse/.julia/compiled/v1.12/OrderedCollections/LtT3J_UKt66.ji.pidfile)
    RealDot Being precompiled by another machine (hostname: fc10606, pid: 3028861, pidfile: /home/anditse/.julia/compiled/v1.12/RealDot/dCVlS_UKt66.ji.pidfile)
    DocStringExtensions Being precompiled by another machine (hostname: fc10606, pid: 3028860, pidfile: /home/anditse/.julia/compiled/v1.12/DocStringExtensions/KRdZs_UKt66.ji.pidfile)
    SimpleBufferStream Being precompiled by another machine (hostname: fc10606, pid: 3028861, pidfile: /home/anditse/.julia/compiled/v1.12/SimpleBufferStream/QbHsM_UKt66.ji.pidfile)
    ConstructionBase Being precompiled by another machine (hostname: fc10606, pid: 3028860, pidfile: /home/anditse/.julia/compiled/v1.12/ConstructionBase/sBbW6_UKt66.ji.pidfile)
    849.9 ms  ✓ AbstractFFTs
    Adapt Being precompiled by another machine (hostname: fc10606, pid: 3028861, pidfile: /home/anditse/.julia/compiled/v1.12/Adapt/rUIgN_UKt66.ji.pidfile)
    URIs Being precompiled by another machine (hostname: fc10606, pid: 3028861, pidfile: /home/anditse/.julia/compiled/v1.12/URIs/eec2u_UKt66.ji.pidfile)
    BitFlags Being precompiled by another machine (hostname: fc10606, pid: 3028860, pidfile: /home/anditse/.julia/compiled/v1.12/BitFlags/sbYUO_UKt66.ji.pidfile)
    StaticArraysCore Being precompiled by another machine (hostname: fc10606, pid: 3028861, pidfile: /home/anditse/.julia/compiled/v1.12/StaticArraysCore/Tzw28_UKt66.ji.pidfile)
    LRUCache Being precompiled by another machine (hostname: fc10606, pid: 3028860, pidfile: /home/anditse/.julia/compiled/v1.12/LRUCache/TDw15_UKt66.ji.pidfile)
    BFloat16s Being precompiled by another machine (hostname: fc10606, pid: 3028861, pidfile: /home/anditse/.julia/compiled/v1.12/BFloat16s/iiZ8G_UKt66.ji.pidfile)
    DateTimes64 Being precompiled by another machine (hostname: fc10606, pid: 3028861, pidfile: /home/anditse/.julia/compiled/v1.12/DateTimes64/4g1Dz_UKt66.ji.pidfile)
    CUDA_Runtime_Discovery Being precompiled by another machine (hostname: fc10606, pid: 3028861, pidfile: /home/anditse/.julia/compiled/v1.12/CUDA_Runtime_Discovery/T9PTO_UKt66.ji.pidfile)
    873.1 ms  ✓ TextWrap
    802.2 ms  ✓ InputBuffers
    741.6 ms  ✓ Reexport
    595.7 ms  ✓ HashArrayMappedTries
    CFTime Being precompiled by another machine (hostname: fc10606, pid: 3028860, pidfile: /home/anditse/.julia/compiled/v1.12/CFTime/W6AQs_UKt66.ji.pidfile)
    Scratch Being precompiled by another machine (hostname: fc10606, pid: 3028861, pidfile: /home/anditse/.julia/compiled/v1.12/Scratch/ICI1U_UKt66.ji.pidfile)
   1205.1 ms  ✓ ExpressionExplorer
    Preferences Being precompiled by another machine (hostname: fc10606, pid: 3028861, pidfile: /home/anditse/.julia/compiled/v1.12/Preferences/pWSk8_UKt66.ji.pidfile)
    840.9 ms  ✓ LLVMLoopInfo
    TaylorSeries Being precompiled by another machine (hostname: fc10606, pid: 3028860, pidfile: /home/anditse/.julia/compiled/v1.12/TaylorSeries/VXblr_UKt66.ji.pidfile)
    ExceptionUnwrapping Being precompiled by another machine (hostname: fc10606, pid: 3028861, pidfile: /home/anditse/.julia/compiled/v1.12/ExceptionUnwrapping/DKnWN_UKt66.ji.pidfile)
    555.8 ms  ✓ DataAPI
    508.9 ms  ✓ ScopedValues
    565.3 ms  ✓ DataValueInterfaces
   1018.8 ms  ✓ ConcurrentUtilities
    956.9 ms  ✓ LoggingExtras
   1083.8 ms  ✓ ArgParse
   1260.1 ms  ✓ PkgVersion
   1439.7 ms  ✓ AbstractFFTs → AbstractFFTsTestExt
   1941.3 ms  ✓ StructUtils
   2345.9 ms  ✓ Crayons
   7310.2 ms  ✓ Krylov
  10086.0 ms  ✓ IteratorInterfaceExtensions
  10091.1 ms  ✓ ExprTools
  10095.0 ms  ✓ Glob
  10109.9 ms  ✓ UnsafeAtomics
  10264.6 ms  ✓ LaTeXStrings
  10277.7 ms  ✓ StatsAPI
  10125.8 ms  ✓ OffsetArrays
  10266.6 ms  ✓ RandomNumbers
  10358.1 ms  ✓ TranscodingStreams
  10441.6 ms  ✓ Requires
  10578.3 ms  ✓ DocStringExtensions
  10583.7 ms  ✓ RealDot
  10677.0 ms  ✓ OrderedCollections
  10346.4 ms  ✓ StaticArraysCore
  10274.1 ms  ✓ ArgCheck
  10355.1 ms  ✓ MacroTools
  10146.3 ms  ✓ CEnum
  10275.3 ms  ✓ SeawaterPolynomials
  10181.1 ms  ✓ ChunkCodecCore
  10540.0 ms  ✓ BitFlags
  10585.9 ms  ✓ URIs
  10306.7 ms  ✓ CUDA_Runtime_Discovery
  10629.3 ms  ✓ DateTimes64
  10632.7 ms  ✓ BFloat16s
  10850.1 ms  ✓ LRUCache
  10768.5 ms  ✓ Scratch
  10788.7 ms  ✓ CFTime
  10429.9 ms  ✓ Adapt
  10448.0 ms  ✓ ConstructionBase
  10529.3 ms  ✓ SimpleBufferStream
  10364.1 ms  ✓ Statistics
  10699.9 ms  ✓ Preferences
  10562.5 ms  ✓ ExceptionUnwrapping
    JLD2 Being precompiled by another machine (hostname: fc10606, pid: 3028860, pidfile: /home/anditse/.julia/compiled/v1.12/JLD2/O1EyT_UKt66.ji.pidfile)
    Parsers Being precompiled by another machine (hostname: fc10606, pid: 3028861, pidfile: /home/anditse/.julia/compiled/v1.12/Parsers/833b9_UKt66.ji.pidfile)
    CUDA_Runtime_jll Being precompiled by another machine (hostname: fc10606, pid: 3028860, pidfile: /home/anditse/.julia/compiled/v1.12/CUDA_Runtime_jll/Hs50y_UKt66.ji.pidfile)
    FFTW Being precompiled by another machine (hostname: fc10606, pid: 3028860, pidfile: /home/anditse/.julia/compiled/v1.12/FFTW/PvIn2_UKt66.ji.pidfile)
    KernelAbstractions Being precompiled by another machine (hostname: fc10606, pid: 3028861, pidfile: /home/anditse/.julia/compiled/v1.12/KernelAbstractions/aywHT_UKt66.ji.pidfile)
    HTTP Being precompiled by another machine (hostname: fc10606, pid: 3028861, pidfile: /home/anditse/.julia/compiled/v1.12/HTTP/zXWya_UKt66.ji.pidfile)
    HDF5_jll Being precompiled by another machine (hostname: fc10606, pid: 3028861, pidfile: /home/anditse/.julia/compiled/v1.12/HDF5_jll/w9xrx_UKt66.ji.pidfile)
    LLVM Being precompiled by another machine (hostname: fc10606, pid: 3028860, pidfile: /home/anditse/.julia/compiled/v1.12/LLVM/e8NBy_UKt66.ji.pidfile)
  10565.7 ms  ✓ TaylorSeries
    MPI Being precompiled by another machine (hostname: fc10606, pid: 3028860, pidfile: /home/anditse/.julia/compiled/v1.12/MPI/nO0XF_UKt66.ji.pidfile)
    Rotations Being precompiled by another machine (hostname: fc10606, pid: 3028861, pidfile: /home/anditse/.julia/compiled/v1.12/Rotations/SJ1Dh_UKt66.ji.pidfile)
    CubedSphere Being precompiled by another machine (hostname: fc10606, pid: 3028861, pidfile: /home/anditse/.julia/compiled/v1.12/CubedSphere/D8jeN_UKt66.ji.pidfile)
   1930.3 ms  ✓ Tables
    PrettyTables Being precompiled by another machine (hostname: fc10606, pid: 3028860, pidfile: /home/anditse/.julia/compiled/v1.12/PrettyTables/kRdcL_UKt66.ji.pidfile)
    475.0 ms  ✓ StructUtils → StructUtilsTablesExt
   1629.0 ms  ✓ StructArrays
    StructArrays → StructArraysAdaptExt Being precompiled by another machine (hostname: fc10606, pid: 3028860, pidfile: /home/anditse/.julia/compiled/v1.12/StructArraysAdaptExt/LGSao_UKt66.ji.pidfile)
    StructArrays → StructArraysSparseArraysExt Being precompiled by another machine (hostname: fc10606, pid: 3028860, pidfile: /home/anditse/.julia/compiled/v1.12/StructArraysSparseArraysExt/PDHF1_UKt66.ji.pidfile)
    StructArrays → StructArraysStaticArraysExt Being precompiled by another machine (hostname: fc10606, pid: 3028861, pidfile: /home/anditse/.julia/compiled/v1.12/StructArraysStaticArraysExt/xG3H2_UKt66.ji.pidfile)
    StructArrays → StructArraysLinearAlgebraExt Being precompiled by another machine (hostname: fc10606, pid: 3028860, pidfile: /home/anditse/.julia/compiled/v1.12/StructArraysLinearAlgebraExt/j2VwV_UKt66.ji.pidfile)
   3684.9 ms  ✓ ZipArchives
  10589.0 ms  ✓ KernelAbstractions
  11584.4 ms  ✓ CubedSphere
  11587.8 ms  ✓ Rotations
  11608.4 ms  ✓ MPI
  11613.3 ms  ✓ LLVM
  11619.0 ms  ✓ HDF5_jll
  11622.4 ms  ✓ HTTP
  10592.2 ms  ✓ FFTW
  10600.7 ms  ✓ Parsers
    StructArrays → StructArraysGPUArraysCoreExt Being precompiled by another machine (hostname: fc10606, pid: 3028861, pidfile: /home/anditse/.julia/compiled/v1.12/StructArraysGPUArraysCoreExt/KyZgZ_UKt66.ji.pidfile)
    GPUCompiler Being precompiled by another machine (hostname: fc10606, pid: 3028860, pidfile: /home/anditse/.julia/compiled/v1.12/GPUCompiler/yPwef_UKt66.ji.pidfile)
    NCDatasets Being precompiled by another machine (hostname: fc10606, pid: 3028861, pidfile: /home/anditse/.julia/compiled/v1.12/NCDatasets/lxvtD_UKt66.ji.pidfile)
    DataDeps Being precompiled by another machine (hostname: fc10606, pid: 3028861, pidfile: /home/anditse/.julia/compiled/v1.12/DataDeps/cCpxD_UKt66.ji.pidfile)
    JSON Being precompiled by another machine (hostname: fc10606, pid: 3028861, pidfile: /home/anditse/.julia/compiled/v1.12/JSON/uf6oy_UKt66.ji.pidfile)
  10146.5 ms  ✓ StructArrays → StructArraysStaticArraysExt
  10199.7 ms  ✓ StructArrays → StructArraysLinearAlgebraExt
  10152.1 ms  ✓ StructArrays → StructArraysSparseArraysExt
  10176.2 ms  ✓ StructArrays → StructArraysAdaptExt
  21292.2 ms  ✓ JLD2
  10526.9 ms  ✓ NCDatasets
  10718.9 ms  ✓ JSON
  10724.1 ms  ✓ DataDeps
  10535.0 ms  ✓ StructArrays → StructArraysGPUArraysCoreExt
    Oceananigans Being precompiled by another machine (hostname: fc10606, pid: 3028860, pidfile: /home/anditse/.julia/compiled/v1.12/Oceananigans/hU93i_UKt66.ji.pidfile)
  21717.4 ms  ✓ GPUCompiler
  31787.5 ms  ✓ PrettyTables
  40625.6 ms  ✓ CUDA_Runtime_jll
    CUDA_Compiler_jll Being precompiled by another machine (hostname: fc10606, pid: 3028860, pidfile: /home/anditse/.julia/compiled/v1.12/CUDA_Compiler_jll/ljFRe_UKt66.ji.pidfile)
  41914.7 ms  ✓ Oceananigans
  40271.7 ms  ✓ CUDA_Compiler_jll
    CUDACore Being precompiled by another machine (hostname: fc10606, pid: 3028860, pidfile: /home/anditse/.julia/compiled/v1.12/CUDACore/mcKyc_UKt66.ji.pidfile)
  44751.0 ms  ✓ CUDACore
    cuBLAS Being precompiled by another machine (hostname: fc10606, pid: 3028860, pidfile: /home/anditse/.julia/compiled/v1.12/cuBLAS/EI0St_UKt66.ji.pidfile)
    CUDATools Being precompiled by another machine (hostname: fc10606, pid: 3028860, pidfile: /home/anditse/.julia/compiled/v1.12/CUDATools/v1A2g_UKt66.ji.pidfile)
  11013.6 ms  ✓ CUDATools
  11019.8 ms  ✓ cuBLAS
    CUDA Being precompiled by another machine (hostname: fc10606, pid: 3028860, pidfile: /home/anditse/.julia/compiled/v1.12/CUDA/oWw5k_UKt66.ji.pidfile)
  10617.4 ms  ✓ CUDA
    OceananigansBenchmarks Being precompiled by another machine (hostname: fc10606, pid: 3028860, pidfile: /home/anditse/.julia/compiled/v1.12/OceananigansBenchmarks/5mx5t_UKt66.ji.pidfile)
  11454.9 ms  ✓ OceananigansBenchmarks
  84 dependencies successfully precompiled in 186 seconds. 136 already precompiled.
┌ Warning: We are building a Distributed architecture on a single MPI rank. 
│ This can occur when MPI is incorrectly configured. 
│ See https://juliaparallel.org/MPI.jl/stable/configuration/ for more details.
└ @ Oceananigans.DistributedComputations ~/Oceananigans.jl/src/DistributedComputations/distributed_architectures.jl:275
PASS: MPI ring, distinct resources, finite fields and all 1 rank results
