The following modules were not unloaded:
  (Use "module --force purge" to unload all):

  1) CCconfig        6)  ucx/1.14.1         11) flexiblas/3.3.1
  2) gentoo/2023     7)  libfabric/1.18.0   12) imkl/2023.2.0
  3) gcccore/.12.3   8)  pmix/4.2.4         13) StdEnv/2023
  4) gcc/12.3        9)  ucc/1.2.0
  5) hwloc/2.9.1     10) openmpi/4.1.5
Oceananigans-DRAC environment (Nibi): repo=/home/anditse/Oceananigans-DRAC, depot=/scratch/anditse/julia_depot
rank 134 on c80.nibi.sharcnet: 1 pinned threads; allocated CPUs 134
rank 142 on c80.nibi.sharcnet: 1 pinned threads; allocated CPUs 142
rank 144 on c80.nibi.sharcnet: 1 pinned threads; allocated CPUs 144
rank 145 on c80.nibi.sharcnet: 1 pinned threads; allocated CPUs 145
rank 151 on c80.nibi.sharcnet: 1 pinned threads; allocated CPUs 151
rank 153 on c80.nibi.sharcnet: 1 pinned threads; allocated CPUs 153
rank 157 on c80.nibi.sharcnet: 1 pinned threads; allocated CPUs 157
rank 165 on c80.nibi.sharcnet: 1 pinned threads; allocated CPUs 165
rank 172 on c80.nibi.sharcnet: 1 pinned threads; allocated CPUs 172
rank 175 on c80.nibi.sharcnet: 1 pinned threads; allocated CPUs 175
rank 177 on c80.nibi.sharcnet: 1 pinned threads; allocated CPUs 177
rank 178 on c80.nibi.sharcnet: 1 pinned threads; allocated CPUs 178
rank 180 on c80.nibi.sharcnet: 1 pinned threads; allocated CPUs 180
rank 181 on c80.nibi.sharcnet: 1 pinned threads; allocated CPUs 181
rank 183 on c80.nibi.sharcnet: 1 pinned threads; allocated CPUs 183
rank 186 on c80.nibi.sharcnet: 1 pinned threads; allocated CPUs 186
rank 190 on c80.nibi.sharcnet: 1 pinned threads; allocated CPUs 190
rank 191 on c80.nibi.sharcnet: 1 pinned threads; allocated CPUs 191
rank 164 on c80.nibi.sharcnet: 1 pinned threads; allocated CPUs 164
rank 170 on c80.nibi.sharcnet: 1 pinned threads; allocated CPUs 170
rank 173 on c80.nibi.sharcnet: 1 pinned threads; allocated CPUs 173
rank 182 on c80.nibi.sharcnet: 1 pinned threads; allocated CPUs 182
rank 189 on c80.nibi.sharcnet: 1 pinned threads; allocated CPUs 189
rank 129 on c80.nibi.sharcnet: 1 pinned threads; allocated CPUs 129
rank 131 on c80.nibi.sharcnet: 1 pinned threads; allocated CPUs 131
rank 133 on c80.nibi.sharcnet: 1 pinned threads; allocated CPUs 133
rank 135 on c80.nibi.sharcnet: 1 pinned threads; allocated CPUs 135
rank 140 on c80.nibi.sharcnet: 1 pinned threads; allocated CPUs 140
rank 141 on c80.nibi.sharcnet: 1 pinned threads; allocated CPUs 141
rank 143 on c80.nibi.sharcnet: 1 pinned threads; allocated CPUs 143
rank 148 on c80.nibi.sharcnet: 1 pinned threads; allocated CPUs 148
rank 149 on c80.nibi.sharcnet: 1 pinned threads; allocated CPUs 149
rank 150 on c80.nibi.sharcnet: 1 pinned threads; allocated CPUs 150
rank 158 on c80.nibi.sharcnet: 1 pinned threads; allocated CPUs 158
rank 159 on c80.nibi.sharcnet: 1 pinned threads; allocated CPUs 159
rank 162 on c80.nibi.sharcnet: 1 pinned threads; allocated CPUs 162
rank 163 on c80.nibi.sharcnet: 1 pinned threads; allocated CPUs 163
rank 168 on c80.nibi.sharcnet: 1 pinned threads; allocated CPUs 168
rank 169 on c80.nibi.sharcnet: 1 pinned threads; allocated CPUs 169
rank 171 on c80.nibi.sharcnet: 1 pinned threads; allocated CPUs 171
rank 174 on c80.nibi.sharcnet: 1 pinned threads; allocated CPUs 174
rank 108 on c80.nibi.sharcnet: 1 pinned threads; allocated CPUs 108
rank 132 on c80.nibi.sharcnet: 1 pinned threads; allocated CPUs 132
rank 138 on c80.nibi.sharcnet: 1 pinned threads; allocated CPUs 138
rank 147 on c80.nibi.sharcnet: 1 pinned threads; allocated CPUs 147
rank 179 on c80.nibi.sharcnet: 1 pinned threads; allocated CPUs 179
rank 185 on c80.nibi.sharcnet: 1 pinned threads; allocated CPUs 185
rank 107 on c80.nibi.sharcnet: 1 pinned threads; allocated CPUs 107
rank 137 on c80.nibi.sharcnet: 1 pinned threads; allocated CPUs 137
rank 160 on c80.nibi.sharcnet: 1 pinned threads; allocated CPUs 160
rank 98 on c80.nibi.sharcnet: 1 pinned threads; allocated CPUs 98
rank 101 on c80.nibi.sharcnet: 1 pinned threads; allocated CPUs 101
rank 104 on c80.nibi.sharcnet: 1 pinned threads; allocated CPUs 104
rank 120 on c80.nibi.sharcnet: 1 pinned threads; allocated CPUs 120
rank 136 on c80.nibi.sharcnet: 1 pinned threads; allocated CPUs 136
rank 184 on c80.nibi.sharcnet: 1 pinned threads; allocated CPUs 184
rank 96 on c80.nibi.sharcnet: 1 pinned threads; allocated CPUs 96
rank 113 on c80.nibi.sharcnet: 1 pinned threads; allocated CPUs 113
rank 124 on c80.nibi.sharcnet: 1 pinned threads; allocated CPUs 124
rank 97 on c80.nibi.sharcnet: 1 pinned threads; allocated CPUs 97
rank 128 on c80.nibi.sharcnet: 1 pinned threads; allocated CPUs 128
rank 139 on c80.nibi.sharcnet: 1 pinned threads; allocated CPUs 139
rank 154 on c80.nibi.sharcnet: 1 pinned threads; allocated CPUs 154
rank 167 on c80.nibi.sharcnet: 1 pinned threads; allocated CPUs 167
rank 176 on c80.nibi.sharcnet: 1 pinned threads; allocated CPUs 176
rank 152 on c80.nibi.sharcnet: 1 pinned threads; allocated CPUs 152
rank 187 on c80.nibi.sharcnet: 1 pinned threads; allocated CPUs 187
rank 115 on c80.nibi.sharcnet: 1 pinned threads; allocated CPUs 115
rank 109 on c80.nibi.sharcnet: 1 pinned threads; allocated CPUs 109
rank 146 on c80.nibi.sharcnet: 1 pinned threads; allocated CPUs 146
rank 105 on c80.nibi.sharcnet: 1 pinned threads; allocated CPUs 105
rank 121 on c80.nibi.sharcnet: 1 pinned threads; allocated CPUs 121
rank 106 on c80.nibi.sharcnet: 1 pinned threads; allocated CPUs 106
rank 119 on c80.nibi.sharcnet: 1 pinned threads; allocated CPUs 119
rank 155 on c80.nibi.sharcnet: 1 pinned threads; allocated CPUs 155
rank 112 on c80.nibi.sharcnet: 1 pinned threads; allocated CPUs 112
rank 103 on c80.nibi.sharcnet: 1 pinned threads; allocated CPUs 103
rank 114 on c80.nibi.sharcnet: 1 pinned threads; allocated CPUs 114
rank 116 on c80.nibi.sharcnet: 1 pinned threads; allocated CPUs 116
rank 118 on c80.nibi.sharcnet: 1 pinned threads; allocated CPUs 118
rank 126 on c80.nibi.sharcnet: 1 pinned threads; allocated CPUs 126
rank 127 on c80.nibi.sharcnet: 1 pinned threads; allocated CPUs 127
rank 102 on c80.nibi.sharcnet: 1 pinned threads; allocated CPUs 102
rank 110 on c80.nibi.sharcnet: 1 pinned threads; allocated CPUs 110
rank 99 on c80.nibi.sharcnet: 1 pinned threads; allocated CPUs 99
rank 122 on c80.nibi.sharcnet: 1 pinned threads; allocated CPUs 122
rank 156 on c80.nibi.sharcnet: 1 pinned threads; allocated CPUs 156
rank 100 on c80.nibi.sharcnet: 1 pinned threads; allocated CPUs 100
rank 123 on c80.nibi.sharcnet: 1 pinned threads; allocated CPUs 123
rank 161 on c80.nibi.sharcnet: 1 pinned threads; allocated CPUs 161
rank 166 on c80.nibi.sharcnet: 1 pinned threads; allocated CPUs 166
rank 188 on c80.nibi.sharcnet: 1 pinned threads; allocated CPUs 188
rank 117 on c80.nibi.sharcnet: 1 pinned threads; allocated CPUs 117
rank 125 on c80.nibi.sharcnet: 1 pinned threads; allocated CPUs 125
rank 111 on c80.nibi.sharcnet: 1 pinned threads; allocated CPUs 111
rank 130 on c80.nibi.sharcnet: 1 pinned threads; allocated CPUs 130
rank 68 on c80.nibi.sharcnet: 1 pinned threads; allocated CPUs 68
rank 576 on c396.nibi.sharcnet: 1 pinned threads; allocated CPUs 0
rank 72 on c80.nibi.sharcnet: 1 pinned threads; allocated CPUs 72
rank 577 on c396.nibi.sharcnet: 1 pinned threads; allocated CPUs 1
rank 79 on c80.nibi.sharcnet: 1 pinned threads; allocated CPUs 79
rank 578 on c396.nibi.sharcnet: 1 pinned threads; allocated CPUs 2
rank 88 on c80.nibi.sharcnet: 1 pinned threads; allocated CPUs 88
rank 579 on c396.nibi.sharcnet: 1 pinned threads; allocated CPUs 3
rank 44 on c80.nibi.sharcnet: 1 pinned threads; allocated CPUs 44
rank 48 on c80.nibi.sharcnet: 1 pinned threads; allocated CPUs 48
rank 581 on c396.nibi.sharcnet: 1 pinned threads; allocated CPUs 5
rank 52 on c80.nibi.sharcnet: 1 pinned threads; allocated CPUs 52
rank 584 on c396.nibi.sharcnet: 1 pinned threads; allocated CPUs 8
rank 66 on c80.nibi.sharcnet: 1 pinned threads; allocated CPUs 66
rank 585 on c396.nibi.sharcnet: 1 pinned threads; allocated CPUs 9
rank 40 on c80.nibi.sharcnet: 1 pinned threads; allocated CPUs 40
rank 586 on c396.nibi.sharcnet: 1 pinned threads; allocated CPUs 10
rank 60 on c80.nibi.sharcnet: 1 pinned threads; allocated CPUs 60
rank 587 on c396.nibi.sharcnet: 1 pinned threads; allocated CPUs 11
rank 62 on c80.nibi.sharcnet: 1 pinned threads; allocated CPUs 62
rank 65 on c80.nibi.sharcnet: 1 pinned threads; allocated CPUs 65
rank 588 on c396.nibi.sharcnet: 1 pinned threads; allocated CPUs 12
rank 76 on c80.nibi.sharcnet: 1 pinned threads; allocated CPUs 76
rank 590 on c396.nibi.sharcnet: 1 pinned threads; allocated CPUs 14
rank 596 on c396.nibi.sharcnet: 1 pinned threads; allocated CPUs 20
rank 78 on c80.nibi.sharcnet: 1 pinned threads; allocated CPUs 78
rank 597 on c396.nibi.sharcnet: 1 pinned threads; allocated CPUs 21
rank 80 on c80.nibi.sharcnet: 1 pinned threads; allocated CPUs 80
rank 90 on c80.nibi.sharcnet: 1 pinned threads; allocated CPUs 90
rank 600 on c396.nibi.sharcnet: 1 pinned threads; allocated CPUs 24
rank 94 on c80.nibi.sharcnet: 1 pinned threads; allocated CPUs 94
rank 601 on c396.nibi.sharcnet: 1 pinned threads; allocated CPUs 25
rank 35 on c80.nibi.sharcnet: 1 pinned threads; allocated CPUs 35
rank 602 on c396.nibi.sharcnet: 1 pinned threads; allocated CPUs 26
rank 56 on c80.nibi.sharcnet: 1 pinned threads; allocated CPUs 56
rank 604 on c396.nibi.sharcnet: 1 pinned threads; allocated CPUs 28
rank 70 on c80.nibi.sharcnet: 1 pinned threads; allocated CPUs 70
rank 607 on c396.nibi.sharcnet: 1 pinned threads; allocated CPUs 31
rank 608 on c396.nibi.sharcnet: 1 pinned threads; allocated CPUs 32
rank 50 on c80.nibi.sharcnet: 1 pinned threads; allocated CPUs 50
rank 61 on c80.nibi.sharcnet: 1 pinned threads; allocated CPUs 61
rank 609 on c396.nibi.sharcnet: 1 pinned threads; allocated CPUs 33
rank 610 on c396.nibi.sharcnet: 1 pinned threads; allocated CPUs 34
rank 69 on c80.nibi.sharcnet: 1 pinned threads; allocated CPUs 69
rank 611 on c396.nibi.sharcnet: 1 pinned threads; allocated CPUs 35
rank 192 on c344.nibi.sharcnet: 1 pinned threads; allocated CPUs 0
rank 612 on c396.nibi.sharcnet: 1 pinned threads; allocated CPUs 36
rank 193 on c344.nibi.sharcnet: 1 pinned threads; allocated CPUs 1
rank 613 on c396.nibi.sharcnet: 1 pinned threads; allocated CPUs 37
rank 194 on c344.nibi.sharcnet: 1 pinned threads; allocated CPUs 2
rank 614 on c396.nibi.sharcnet: 1 pinned threads; allocated CPUs 38
rank 615 on c396.nibi.sharcnet: 1 pinned threads; allocated CPUs 39
rank 616 on c396.nibi.sharcnet: 1 pinned threads; allocated CPUs 40
rank 195 on c344.nibi.sharcnet: 1 pinned threads; allocated CPUs 3
rank 196 on c344.nibi.sharcnet: 1 pinned threads; allocated CPUs 4
rank 618 on c396.nibi.sharcnet: 1 pinned threads; allocated CPUs 42
rank 197 on c344.nibi.sharcnet: 1 pinned threads; allocated CPUs 5
rank 619 on c396.nibi.sharcnet: 1 pinned threads; allocated CPUs 43
rank 198 on c344.nibi.sharcnet: 1 pinned threads; allocated CPUs 6
rank 620 on c396.nibi.sharcnet: 1 pinned threads; allocated CPUs 44
rank 199 on c344.nibi.sharcnet: 1 pinned threads; allocated CPUs 7
rank 621 on c396.nibi.sharcnet: 1 pinned threads; allocated CPUs 45
rank 622 on c396.nibi.sharcnet: 1 pinned threads; allocated CPUs 46
rank 200 on c344.nibi.sharcnet: 1 pinned threads; allocated CPUs 8
rank 201 on c344.nibi.sharcnet: 1 pinned threads; allocated CPUs 9
rank 624 on c396.nibi.sharcnet: 1 pinned threads; allocated CPUs 48
rank 202 on c344.nibi.sharcnet: 1 pinned threads; allocated CPUs 10
rank 625 on c396.nibi.sharcnet: 1 pinned threads; allocated CPUs 49
rank 203 on c344.nibi.sharcnet: 1 pinned threads; allocated CPUs 11
rank 626 on c396.nibi.sharcnet: 1 pinned threads; allocated CPUs 50
rank 204 on c344.nibi.sharcnet: 1 pinned threads; allocated CPUs 12
rank 627 on c396.nibi.sharcnet: 1 pinned threads; allocated CPUs 51
rank 205 on c344.nibi.sharcnet: 1 pinned threads; allocated CPUs 13
rank 206 on c344.nibi.sharcnet: 1 pinned threads; allocated CPUs 14
rank 630 on c396.nibi.sharcnet: 1 pinned threads; allocated CPUs 54
rank 631 on c396.nibi.sharcnet: 1 pinned threads; allocated CPUs 55
rank 207 on c344.nibi.sharcnet: 1 pinned threads; allocated CPUs 15
rank 632 on c396.nibi.sharcnet: 1 pinned threads; allocated CPUs 56
rank 633 on c396.nibi.sharcnet: 1 pinned threads; allocated CPUs 57
rank 208 on c344.nibi.sharcnet: 1 pinned threads; allocated CPUs 16
rank 634 on c396.nibi.sharcnet: 1 pinned threads; allocated CPUs 58
rank 209 on c344.nibi.sharcnet: 1 pinned threads; allocated CPUs 17
rank 210 on c344.nibi.sharcnet: 1 pinned threads; allocated CPUs 18
rank 635 on c396.nibi.sharcnet: 1 pinned threads; allocated CPUs 59
rank 211 on c344.nibi.sharcnet: 1 pinned threads; allocated CPUs 19
rank 638 on c396.nibi.sharcnet: 1 pinned threads; allocated CPUs 62
rank 212 on c344.nibi.sharcnet: 1 pinned threads; allocated CPUs 20
rank 639 on c396.nibi.sharcnet: 1 pinned threads; allocated CPUs 63
rank 213 on c344.nibi.sharcnet: 1 pinned threads; allocated CPUs 21
rank 672 on c396.nibi.sharcnet: 1 pinned threads; allocated CPUs 96
rank 214 on c344.nibi.sharcnet: 1 pinned threads; allocated CPUs 22
rank 673 on c396.nibi.sharcnet: 1 pinned threads; allocated CPUs 97
rank 215 on c344.nibi.sharcnet: 1 pinned threads; allocated CPUs 23
rank 674 on c396.nibi.sharcnet: 1 pinned threads; allocated CPUs 98
rank 675 on c396.nibi.sharcnet: 1 pinned threads; allocated CPUs 99
rank 216 on c344.nibi.sharcnet: 1 pinned threads; allocated CPUs 24
rank 217 on c344.nibi.sharcnet: 1 pinned threads; allocated CPUs 25
rank 384 on c395.nibi.sharcnet: 1 pinned threads; allocated CPUs 0
rank 676 on c396.nibi.sharcnet: 1 pinned threads; allocated CPUs 100
rank 218 on c344.nibi.sharcnet: 1 pinned threads; allocated CPUs 26
rank 385 on c395.nibi.sharcnet: 1 pinned threads; allocated CPUs 1
rank 219 on c344.nibi.sharcnet: 1 pinned threads; allocated CPUs 27
rank 677 on c396.nibi.sharcnet: 1 pinned threads; allocated CPUs 101
rank 220 on c344.nibi.sharcnet: 1 pinned threads; allocated CPUs 28
rank 678 on c396.nibi.sharcnet: 1 pinned threads; allocated CPUs 102
rank 386 on c395.nibi.sharcnet: 1 pinned threads; allocated CPUs 2
rank 679 on c396.nibi.sharcnet: 1 pinned threads; allocated CPUs 103
rank 221 on c344.nibi.sharcnet: 1 pinned threads; allocated CPUs 29
rank 680 on c396.nibi.sharcnet: 1 pinned threads; allocated CPUs 104
rank 681 on c396.nibi.sharcnet: 1 pinned threads; allocated CPUs 105
rank 222 on c344.nibi.sharcnet: 1 pinned threads; allocated CPUs 30
rank 388 on c395.nibi.sharcnet: 1 pinned threads; allocated CPUs 4
rank 223 on c344.nibi.sharcnet: 1 pinned threads; allocated CPUs 31
rank 389 on c395.nibi.sharcnet: 1 pinned threads; allocated CPUs 5
rank 224 on c344.nibi.sharcnet: 1 pinned threads; allocated CPUs 32
rank 390 on c395.nibi.sharcnet: 1 pinned threads; allocated CPUs 6
rank 682 on c396.nibi.sharcnet: 1 pinned threads; allocated CPUs 106
rank 225 on c344.nibi.sharcnet: 1 pinned threads; allocated CPUs 33
rank 391 on c395.nibi.sharcnet: 1 pinned threads; allocated CPUs 7
rank 683 on c396.nibi.sharcnet: 1 pinned threads; allocated CPUs 107
rank 684 on c396.nibi.sharcnet: 1 pinned threads; allocated CPUs 108
rank 226 on c344.nibi.sharcnet: 1 pinned threads; allocated CPUs 34
rank 685 on c396.nibi.sharcnet: 1 pinned threads; allocated CPUs 109
rank 392 on c395.nibi.sharcnet: 1 pinned threads; allocated CPUs 8
rank 393 on c395.nibi.sharcnet: 1 pinned threads; allocated CPUs 9
rank 227 on c344.nibi.sharcnet: 1 pinned threads; allocated CPUs 35
rank 228 on c344.nibi.sharcnet: 1 pinned threads; allocated CPUs 36
rank 686 on c396.nibi.sharcnet: 1 pinned threads; allocated CPUs 110
rank 687 on c396.nibi.sharcnet: 1 pinned threads; allocated CPUs 111
rank 394 on c395.nibi.sharcnet: 1 pinned threads; allocated CPUs 10
rank 229 on c344.nibi.sharcnet: 1 pinned threads; allocated CPUs 37
rank 688 on c396.nibi.sharcnet: 1 pinned threads; allocated CPUs 112
rank 230 on c344.nibi.sharcnet: 1 pinned threads; allocated CPUs 38
rank 395 on c395.nibi.sharcnet: 1 pinned threads; allocated CPUs 11
rank 396 on c395.nibi.sharcnet: 1 pinned threads; allocated CPUs 12
rank 231 on c344.nibi.sharcnet: 1 pinned threads; allocated CPUs 39
rank 397 on c395.nibi.sharcnet: 1 pinned threads; allocated CPUs 13
rank 689 on c396.nibi.sharcnet: 1 pinned threads; allocated CPUs 113
rank 398 on c395.nibi.sharcnet: 1 pinned threads; allocated CPUs 14
rank 690 on c396.nibi.sharcnet: 1 pinned threads; allocated CPUs 114
rank 232 on c344.nibi.sharcnet: 1 pinned threads; allocated CPUs 40
rank 233 on c344.nibi.sharcnet: 1 pinned threads; allocated CPUs 41
rank 399 on c395.nibi.sharcnet: 1 pinned threads; allocated CPUs 15
rank 691 on c396.nibi.sharcnet: 1 pinned threads; allocated CPUs 115
rank 234 on c344.nibi.sharcnet: 1 pinned threads; allocated CPUs 42
rank 692 on c396.nibi.sharcnet: 1 pinned threads; allocated CPUs 116
rank 400 on c395.nibi.sharcnet: 1 pinned threads; allocated CPUs 16
rank 693 on c396.nibi.sharcnet: 1 pinned threads; allocated CPUs 117
rank 235 on c344.nibi.sharcnet: 1 pinned threads; allocated CPUs 43
rank 401 on c395.nibi.sharcnet: 1 pinned threads; allocated CPUs 17
rank 694 on c396.nibi.sharcnet: 1 pinned threads; allocated CPUs 118
rank 402 on c395.nibi.sharcnet: 1 pinned threads; allocated CPUs 18
rank 236 on c344.nibi.sharcnet: 1 pinned threads; allocated CPUs 44
rank 237 on c344.nibi.sharcnet: 1 pinned threads; allocated CPUs 45
rank 403 on c395.nibi.sharcnet: 1 pinned threads; allocated CPUs 19
rank 695 on c396.nibi.sharcnet: 1 pinned threads; allocated CPUs 119
rank 238 on c344.nibi.sharcnet: 1 pinned threads; allocated CPUs 46
rank 696 on c396.nibi.sharcnet: 1 pinned threads; allocated CPUs 120
rank 239 on c344.nibi.sharcnet: 1 pinned threads; allocated CPUs 47
rank 404 on c395.nibi.sharcnet: 1 pinned threads; allocated CPUs 20
rank 405 on c395.nibi.sharcnet: 1 pinned threads; allocated CPUs 21
rank 697 on c396.nibi.sharcnet: 1 pinned threads; allocated CPUs 121
rank 698 on c396.nibi.sharcnet: 1 pinned threads; allocated CPUs 122
rank 240 on c344.nibi.sharcnet: 1 pinned threads; allocated CPUs 48
rank 406 on c395.nibi.sharcnet: 1 pinned threads; allocated CPUs 22
rank 699 on c396.nibi.sharcnet: 1 pinned threads; allocated CPUs 123
rank 241 on c344.nibi.sharcnet: 1 pinned threads; allocated CPUs 49
rank 700 on c396.nibi.sharcnet: 1 pinned threads; allocated CPUs 124
rank 701 on c396.nibi.sharcnet: 1 pinned threads; allocated CPUs 125
rank 242 on c344.nibi.sharcnet: 1 pinned threads; allocated CPUs 50
rank 407 on c395.nibi.sharcnet: 1 pinned threads; allocated CPUs 23
rank 408 on c395.nibi.sharcnet: 1 pinned threads; allocated CPUs 24
rank 702 on c396.nibi.sharcnet: 1 pinned threads; allocated CPUs 126
rank 703 on c396.nibi.sharcnet: 1 pinned threads; allocated CPUs 127
rank 243 on c344.nibi.sharcnet: 1 pinned threads; allocated CPUs 51
rank 409 on c395.nibi.sharcnet: 1 pinned threads; allocated CPUs 25
rank 244 on c344.nibi.sharcnet: 1 pinned threads; allocated CPUs 52
rank 410 on c395.nibi.sharcnet: 1 pinned threads; allocated CPUs 26
rank 245 on c344.nibi.sharcnet: 1 pinned threads; allocated CPUs 53
rank 704 on c396.nibi.sharcnet: 1 pinned threads; allocated CPUs 128
rank 705 on c396.nibi.sharcnet: 1 pinned threads; allocated CPUs 129
rank 246 on c344.nibi.sharcnet: 1 pinned threads; allocated CPUs 54
rank 411 on c395.nibi.sharcnet: 1 pinned threads; allocated CPUs 27
rank 706 on c396.nibi.sharcnet: 1 pinned threads; allocated CPUs 130
rank 412 on c395.nibi.sharcnet: 1 pinned threads; allocated CPUs 28
rank 707 on c396.nibi.sharcnet: 1 pinned threads; allocated CPUs 131
rank 413 on c395.nibi.sharcnet: 1 pinned threads; allocated CPUs 29
rank 247 on c344.nibi.sharcnet: 1 pinned threads; allocated CPUs 55
rank 248 on c344.nibi.sharcnet: 1 pinned threads; allocated CPUs 56
rank 414 on c395.nibi.sharcnet: 1 pinned threads; allocated CPUs 30
rank 708 on c396.nibi.sharcnet: 1 pinned threads; allocated CPUs 132
rank 709 on c396.nibi.sharcnet: 1 pinned threads; allocated CPUs 133
rank 249 on c344.nibi.sharcnet: 1 pinned threads; allocated CPUs 57
rank 710 on c396.nibi.sharcnet: 1 pinned threads; allocated CPUs 134
rank 415 on c395.nibi.sharcnet: 1 pinned threads; allocated CPUs 31
rank 711 on c396.nibi.sharcnet: 1 pinned threads; allocated CPUs 135
rank 416 on c395.nibi.sharcnet: 1 pinned threads; allocated CPUs 32
rank 712 on c396.nibi.sharcnet: 1 pinned threads; allocated CPUs 136
rank 250 on c344.nibi.sharcnet: 1 pinned threads; allocated CPUs 58
rank 713 on c396.nibi.sharcnet: 1 pinned threads; allocated CPUs 137
rank 251 on c344.nibi.sharcnet: 1 pinned threads; allocated CPUs 59
rank 714 on c396.nibi.sharcnet: 1 pinned threads; allocated CPUs 138
rank 417 on c395.nibi.sharcnet: 1 pinned threads; allocated CPUs 33
rank 715 on c396.nibi.sharcnet: 1 pinned threads; allocated CPUs 139
rank 418 on c395.nibi.sharcnet: 1 pinned threads; allocated CPUs 34
rank 252 on c344.nibi.sharcnet: 1 pinned threads; allocated CPUs 60
rank 716 on c396.nibi.sharcnet: 1 pinned threads; allocated CPUs 140
rank 253 on c344.nibi.sharcnet: 1 pinned threads; allocated CPUs 61
rank 419 on c395.nibi.sharcnet: 1 pinned threads; allocated CPUs 35
rank 254 on c344.nibi.sharcnet: 1 pinned threads; allocated CPUs 62
rank 717 on c396.nibi.sharcnet: 1 pinned threads; allocated CPUs 141
rank 718 on c396.nibi.sharcnet: 1 pinned threads; allocated CPUs 142
rank 719 on c396.nibi.sharcnet: 1 pinned threads; allocated CPUs 143
rank 420 on c395.nibi.sharcnet: 1 pinned threads; allocated CPUs 36
rank 421 on c395.nibi.sharcnet: 1 pinned threads; allocated CPUs 37
rank 720 on c396.nibi.sharcnet: 1 pinned threads; allocated CPUs 144
rank 255 on c344.nibi.sharcnet: 1 pinned threads; allocated CPUs 63
rank 256 on c344.nibi.sharcnet: 1 pinned threads; allocated CPUs 64
rank 422 on c395.nibi.sharcnet: 1 pinned threads; allocated CPUs 38
rank 721 on c396.nibi.sharcnet: 1 pinned threads; allocated CPUs 145
rank 257 on c344.nibi.sharcnet: 1 pinned threads; allocated CPUs 65
rank 722 on c396.nibi.sharcnet: 1 pinned threads; allocated CPUs 146
rank 258 on c344.nibi.sharcnet: 1 pinned threads; allocated CPUs 66
rank 423 on c395.nibi.sharcnet: 1 pinned threads; allocated CPUs 39
rank 723 on c396.nibi.sharcnet: 1 pinned threads; allocated CPUs 147
rank 259 on c344.nibi.sharcnet: 1 pinned threads; allocated CPUs 67
rank 261 on c344.nibi.sharcnet: 1 pinned threads; allocated CPUs 69
rank 424 on c395.nibi.sharcnet: 1 pinned threads; allocated CPUs 40
rank 425 on c395.nibi.sharcnet: 1 pinned threads; allocated CPUs 41
rank 724 on c396.nibi.sharcnet: 1 pinned threads; allocated CPUs 148
rank 426 on c395.nibi.sharcnet: 1 pinned threads; allocated CPUs 42
rank 262 on c344.nibi.sharcnet: 1 pinned threads; allocated CPUs 70
rank 725 on c396.nibi.sharcnet: 1 pinned threads; allocated CPUs 149
rank 263 on c344.nibi.sharcnet: 1 pinned threads; allocated CPUs 71
rank 726 on c396.nibi.sharcnet: 1 pinned threads; allocated CPUs 150
rank 264 on c344.nibi.sharcnet: 1 pinned threads; allocated CPUs 72
rank 727 on c396.nibi.sharcnet: 1 pinned threads; allocated CPUs 151
rank 265 on c344.nibi.sharcnet: 1 pinned threads; allocated CPUs 73
rank 427 on c395.nibi.sharcnet: 1 pinned threads; allocated CPUs 43
rank 728 on c396.nibi.sharcnet: 1 pinned threads; allocated CPUs 152
rank 266 on c344.nibi.sharcnet: 1 pinned threads; allocated CPUs 74
rank 428 on c395.nibi.sharcnet: 1 pinned threads; allocated CPUs 44
rank 729 on c396.nibi.sharcnet: 1 pinned threads; allocated CPUs 153
rank 267 on c344.nibi.sharcnet: 1 pinned threads; allocated CPUs 75
rank 730 on c396.nibi.sharcnet: 1 pinned threads; allocated CPUs 154
rank 731 on c396.nibi.sharcnet: 1 pinned threads; allocated CPUs 155
rank 270 on c344.nibi.sharcnet: 1 pinned threads; allocated CPUs 78
rank 271 on c344.nibi.sharcnet: 1 pinned threads; allocated CPUs 79
rank 429 on c395.nibi.sharcnet: 1 pinned threads; allocated CPUs 45
rank 430 on c395.nibi.sharcnet: 1 pinned threads; allocated CPUs 46
rank 431 on c395.nibi.sharcnet: 1 pinned threads; allocated CPUs 47
rank 732 on c396.nibi.sharcnet: 1 pinned threads; allocated CPUs 156
rank 733 on c396.nibi.sharcnet: 1 pinned threads; allocated CPUs 157
rank 272 on c344.nibi.sharcnet: 1 pinned threads; allocated CPUs 80
rank 432 on c395.nibi.sharcnet: 1 pinned threads; allocated CPUs 48
rank 273 on c344.nibi.sharcnet: 1 pinned threads; allocated CPUs 81
rank 734 on c396.nibi.sharcnet: 1 pinned threads; allocated CPUs 158
rank 38 on c80.nibi.sharcnet: 1 pinned threads; allocated CPUs 38
rank 433 on c395.nibi.sharcnet: 1 pinned threads; allocated CPUs 49
rank 735 on c396.nibi.sharcnet: 1 pinned threads; allocated CPUs 159
rank 274 on c344.nibi.sharcnet: 1 pinned threads; allocated CPUs 82
rank 434 on c395.nibi.sharcnet: 1 pinned threads; allocated CPUs 50
rank 736 on c396.nibi.sharcnet: 1 pinned threads; allocated CPUs 160
rank 275 on c344.nibi.sharcnet: 1 pinned threads; allocated CPUs 83
rank 276 on c344.nibi.sharcnet: 1 pinned threads; allocated CPUs 84
rank 39 on c80.nibi.sharcnet: 1 pinned threads; allocated CPUs 39
rank 737 on c396.nibi.sharcnet: 1 pinned threads; allocated CPUs 161
rank 277 on c344.nibi.sharcnet: 1 pinned threads; allocated CPUs 85
rank 49 on c80.nibi.sharcnet: 1 pinned threads; allocated CPUs 49
rank 435 on c395.nibi.sharcnet: 1 pinned threads; allocated CPUs 51
rank 738 on c396.nibi.sharcnet: 1 pinned threads; allocated CPUs 162
rank 278 on c344.nibi.sharcnet: 1 pinned threads; allocated CPUs 86
rank 436 on c395.nibi.sharcnet: 1 pinned threads; allocated CPUs 52
rank 739 on c396.nibi.sharcnet: 1 pinned threads; allocated CPUs 163
rank 280 on c344.nibi.sharcnet: 1 pinned threads; allocated CPUs 88
rank 740 on c396.nibi.sharcnet: 1 pinned threads; allocated CPUs 164
rank 281 on c344.nibi.sharcnet: 1 pinned threads; allocated CPUs 89
rank 63 on c80.nibi.sharcnet: 1 pinned threads; allocated CPUs 63
rank 437 on c395.nibi.sharcnet: 1 pinned threads; allocated CPUs 53
rank 34 on c80.nibi.sharcnet: 1 pinned threads; allocated CPUs 34
rank 741 on c396.nibi.sharcnet: 1 pinned threads; allocated CPUs 165
rank 282 on c344.nibi.sharcnet: 1 pinned threads; allocated CPUs 90
rank 438 on c395.nibi.sharcnet: 1 pinned threads; allocated CPUs 54
rank 742 on c396.nibi.sharcnet: 1 pinned threads; allocated CPUs 166
rank 36 on c80.nibi.sharcnet: 1 pinned threads; allocated CPUs 36
rank 439 on c395.nibi.sharcnet: 1 pinned threads; allocated CPUs 55
rank 743 on c396.nibi.sharcnet: 1 pinned threads; allocated CPUs 167
rank 283 on c344.nibi.sharcnet: 1 pinned threads; allocated CPUs 91
rank 284 on c344.nibi.sharcnet: 1 pinned threads; allocated CPUs 92
rank 41 on c80.nibi.sharcnet: 1 pinned threads; allocated CPUs 41
rank 744 on c396.nibi.sharcnet: 1 pinned threads; allocated CPUs 168
rank 285 on c344.nibi.sharcnet: 1 pinned threads; allocated CPUs 93
rank 440 on c395.nibi.sharcnet: 1 pinned threads; allocated CPUs 56
rank 92 on c80.nibi.sharcnet: 1 pinned threads; allocated CPUs 92
rank 745 on c396.nibi.sharcnet: 1 pinned threads; allocated CPUs 169
rank 45 on c80.nibi.sharcnet: 1 pinned threads; allocated CPUs 45
rank 441 on c395.nibi.sharcnet: 1 pinned threads; allocated CPUs 57
rank 746 on c396.nibi.sharcnet: 1 pinned threads; allocated CPUs 170
rank 286 on c344.nibi.sharcnet: 1 pinned threads; allocated CPUs 94
rank 287 on c344.nibi.sharcnet: 1 pinned threads; allocated CPUs 95
rank 442 on c395.nibi.sharcnet: 1 pinned threads; allocated CPUs 58
rank 81 on c80.nibi.sharcnet: 1 pinned threads; allocated CPUs 81
rank 747 on c396.nibi.sharcnet: 1 pinned threads; allocated CPUs 171
rank 288 on c344.nibi.sharcnet: 1 pinned threads; allocated CPUs 96
rank 748 on c396.nibi.sharcnet: 1 pinned threads; allocated CPUs 172
rank 289 on c344.nibi.sharcnet: 1 pinned threads; allocated CPUs 97
rank 86 on c80.nibi.sharcnet: 1 pinned threads; allocated CPUs 86
rank 443 on c395.nibi.sharcnet: 1 pinned threads; allocated CPUs 59
rank 32 on c80.nibi.sharcnet: 1 pinned threads; allocated CPUs 32
rank 749 on c396.nibi.sharcnet: 1 pinned threads; allocated CPUs 173
rank 750 on c396.nibi.sharcnet: 1 pinned threads; allocated CPUs 174
rank 290 on c344.nibi.sharcnet: 1 pinned threads; allocated CPUs 98
rank 291 on c344.nibi.sharcnet: 1 pinned threads; allocated CPUs 99
rank 42 on c80.nibi.sharcnet: 1 pinned threads; allocated CPUs 42
rank 751 on c396.nibi.sharcnet: 1 pinned threads; allocated CPUs 175
rank 292 on c344.nibi.sharcnet: 1 pinned threads; allocated CPUs 100
rank 444 on c395.nibi.sharcnet: 1 pinned threads; allocated CPUs 60
rank 445 on c395.nibi.sharcnet: 1 pinned threads; allocated CPUs 61
rank 58 on c80.nibi.sharcnet: 1 pinned threads; allocated CPUs 58
rank 752 on c396.nibi.sharcnet: 1 pinned threads; allocated CPUs 176
rank 446 on c395.nibi.sharcnet: 1 pinned threads; allocated CPUs 62
rank 293 on c344.nibi.sharcnet: 1 pinned threads; allocated CPUs 101
rank 71 on c80.nibi.sharcnet: 1 pinned threads; allocated CPUs 71
rank 753 on c396.nibi.sharcnet: 1 pinned threads; allocated CPUs 177
rank 294 on c344.nibi.sharcnet: 1 pinned threads; allocated CPUs 102
rank 447 on c395.nibi.sharcnet: 1 pinned threads; allocated CPUs 63
rank 74 on c80.nibi.sharcnet: 1 pinned threads; allocated CPUs 74
rank 754 on c396.nibi.sharcnet: 1 pinned threads; allocated CPUs 178
rank 448 on c395.nibi.sharcnet: 1 pinned threads; allocated CPUs 64
rank 295 on c344.nibi.sharcnet: 1 pinned threads; allocated CPUs 103
rank 77 on c80.nibi.sharcnet: 1 pinned threads; allocated CPUs 77
rank 296 on c344.nibi.sharcnet: 1 pinned threads; allocated CPUs 104
rank 89 on c80.nibi.sharcnet: 1 pinned threads; allocated CPUs 89
rank 755 on c396.nibi.sharcnet: 1 pinned threads; allocated CPUs 179
rank 449 on c395.nibi.sharcnet: 1 pinned threads; allocated CPUs 65
rank 756 on c396.nibi.sharcnet: 1 pinned threads; allocated CPUs 180
rank 297 on c344.nibi.sharcnet: 1 pinned threads; allocated CPUs 105
rank 298 on c344.nibi.sharcnet: 1 pinned threads; allocated CPUs 106
rank 757 on c396.nibi.sharcnet: 1 pinned threads; allocated CPUs 181
rank 91 on c80.nibi.sharcnet: 1 pinned threads; allocated CPUs 91
rank 450 on c395.nibi.sharcnet: 1 pinned threads; allocated CPUs 66
rank 758 on c396.nibi.sharcnet: 1 pinned threads; allocated CPUs 182
rank 451 on c395.nibi.sharcnet: 1 pinned threads; allocated CPUs 67
rank 37 on c80.nibi.sharcnet: 1 pinned threads; allocated CPUs 37
rank 452 on c395.nibi.sharcnet: 1 pinned threads; allocated CPUs 68
rank 759 on c396.nibi.sharcnet: 1 pinned threads; allocated CPUs 183
rank 299 on c344.nibi.sharcnet: 1 pinned threads; allocated CPUs 107
rank 300 on c344.nibi.sharcnet: 1 pinned threads; allocated CPUs 108
rank 453 on c395.nibi.sharcnet: 1 pinned threads; allocated CPUs 69
rank 301 on c344.nibi.sharcnet: 1 pinned threads; allocated CPUs 109
rank 53 on c80.nibi.sharcnet: 1 pinned threads; allocated CPUs 53
rank 760 on c396.nibi.sharcnet: 1 pinned threads; allocated CPUs 184
rank 54 on c80.nibi.sharcnet: 1 pinned threads; allocated CPUs 54
rank 454 on c395.nibi.sharcnet: 1 pinned threads; allocated CPUs 70
rank 302 on c344.nibi.sharcnet: 1 pinned threads; allocated CPUs 110
rank 303 on c344.nibi.sharcnet: 1 pinned threads; allocated CPUs 111
rank 55 on c80.nibi.sharcnet: 1 pinned threads; allocated CPUs 55
rank 455 on c395.nibi.sharcnet: 1 pinned threads; allocated CPUs 71
rank 761 on c396.nibi.sharcnet: 1 pinned threads; allocated CPUs 185
rank 304 on c344.nibi.sharcnet: 1 pinned threads; allocated CPUs 112
rank 762 on c396.nibi.sharcnet: 1 pinned threads; allocated CPUs 186
rank 763 on c396.nibi.sharcnet: 1 pinned threads; allocated CPUs 187
rank 67 on c80.nibi.sharcnet: 1 pinned threads; allocated CPUs 67
rank 305 on c344.nibi.sharcnet: 1 pinned threads; allocated CPUs 113
rank 764 on c396.nibi.sharcnet: 1 pinned threads; allocated CPUs 188
rank 456 on c395.nibi.sharcnet: 1 pinned threads; allocated CPUs 72
rank 83 on c80.nibi.sharcnet: 1 pinned threads; allocated CPUs 83
rank 457 on c395.nibi.sharcnet: 1 pinned threads; allocated CPUs 73
rank 306 on c344.nibi.sharcnet: 1 pinned threads; allocated CPUs 114
rank 307 on c344.nibi.sharcnet: 1 pinned threads; allocated CPUs 115
rank 95 on c80.nibi.sharcnet: 1 pinned threads; allocated CPUs 95
rank 765 on c396.nibi.sharcnet: 1 pinned threads; allocated CPUs 189
rank 766 on c396.nibi.sharcnet: 1 pinned threads; allocated CPUs 190
rank 46 on c80.nibi.sharcnet: 1 pinned threads; allocated CPUs 46
rank 458 on c395.nibi.sharcnet: 1 pinned threads; allocated CPUs 74
rank 309 on c344.nibi.sharcnet: 1 pinned threads; allocated CPUs 117
rank 459 on c395.nibi.sharcnet: 1 pinned threads; allocated CPUs 75
rank 460 on c395.nibi.sharcnet: 1 pinned threads; allocated CPUs 76
rank 767 on c396.nibi.sharcnet: 1 pinned threads; allocated CPUs 191
rank 310 on c344.nibi.sharcnet: 1 pinned threads; allocated CPUs 118
rank 64 on c80.nibi.sharcnet: 1 pinned threads; allocated CPUs 64
rank 580 on c396.nibi.sharcnet: 1 pinned threads; allocated CPUs 4
rank 311 on c344.nibi.sharcnet: 1 pinned threads; allocated CPUs 119
rank 461 on c395.nibi.sharcnet: 1 pinned threads; allocated CPUs 77
rank 75 on c80.nibi.sharcnet: 1 pinned threads; allocated CPUs 75
rank 462 on c395.nibi.sharcnet: 1 pinned threads; allocated CPUs 78
rank 582 on c396.nibi.sharcnet: 1 pinned threads; allocated CPUs 6
rank 312 on c344.nibi.sharcnet: 1 pinned threads; allocated CPUs 120
rank 463 on c395.nibi.sharcnet: 1 pinned threads; allocated CPUs 79
rank 57 on c80.nibi.sharcnet: 1 pinned threads; allocated CPUs 57
rank 583 on c396.nibi.sharcnet: 1 pinned threads; allocated CPUs 7
rank 591 on c396.nibi.sharcnet: 1 pinned threads; allocated CPUs 15
rank 313 on c344.nibi.sharcnet: 1 pinned threads; allocated CPUs 121
rank 314 on c344.nibi.sharcnet: 1 pinned threads; allocated CPUs 122
rank 73 on c80.nibi.sharcnet: 1 pinned threads; allocated CPUs 73
rank 464 on c395.nibi.sharcnet: 1 pinned threads; allocated CPUs 80
rank 315 on c344.nibi.sharcnet: 1 pinned threads; allocated CPUs 123
rank 87 on c80.nibi.sharcnet: 1 pinned threads; allocated CPUs 87
rank 465 on c395.nibi.sharcnet: 1 pinned threads; allocated CPUs 81
rank 592 on c396.nibi.sharcnet: 1 pinned threads; allocated CPUs 16
rank 466 on c395.nibi.sharcnet: 1 pinned threads; allocated CPUs 82
rank 593 on c396.nibi.sharcnet: 1 pinned threads; allocated CPUs 17
rank 93 on c80.nibi.sharcnet: 1 pinned threads; allocated CPUs 93
rank 316 on c344.nibi.sharcnet: 1 pinned threads; allocated CPUs 124
rank 467 on c395.nibi.sharcnet: 1 pinned threads; allocated CPUs 83
rank 594 on c396.nibi.sharcnet: 1 pinned threads; allocated CPUs 18
rank 317 on c344.nibi.sharcnet: 1 pinned threads; allocated CPUs 125
rank 43 on c80.nibi.sharcnet: 1 pinned threads; allocated CPUs 43
rank 468 on c395.nibi.sharcnet: 1 pinned threads; allocated CPUs 84
rank 318 on c344.nibi.sharcnet: 1 pinned threads; allocated CPUs 126
rank 51 on c80.nibi.sharcnet: 1 pinned threads; allocated CPUs 51
rank 469 on c395.nibi.sharcnet: 1 pinned threads; allocated CPUs 85
rank 595 on c396.nibi.sharcnet: 1 pinned threads; allocated CPUs 19
rank 598 on c396.nibi.sharcnet: 1 pinned threads; allocated CPUs 22
rank 59 on c80.nibi.sharcnet: 1 pinned threads; allocated CPUs 59
rank 599 on c396.nibi.sharcnet: 1 pinned threads; allocated CPUs 23
rank 319 on c344.nibi.sharcnet: 1 pinned threads; allocated CPUs 127
rank 470 on c395.nibi.sharcnet: 1 pinned threads; allocated CPUs 86
rank 320 on c344.nibi.sharcnet: 1 pinned threads; allocated CPUs 128
rank 471 on c395.nibi.sharcnet: 1 pinned threads; allocated CPUs 87
rank 47 on c80.nibi.sharcnet: 1 pinned threads; allocated CPUs 47
rank 603 on c396.nibi.sharcnet: 1 pinned threads; allocated CPUs 27
rank 84 on c80.nibi.sharcnet: 1 pinned threads; allocated CPUs 84
rank 605 on c396.nibi.sharcnet: 1 pinned threads; allocated CPUs 29
rank 321 on c344.nibi.sharcnet: 1 pinned threads; allocated CPUs 129
rank 472 on c395.nibi.sharcnet: 1 pinned threads; allocated CPUs 88
rank 322 on c344.nibi.sharcnet: 1 pinned threads; allocated CPUs 130
rank 85 on c80.nibi.sharcnet: 1 pinned threads; allocated CPUs 85
rank 606 on c396.nibi.sharcnet: 1 pinned threads; allocated CPUs 30
rank 323 on c344.nibi.sharcnet: 1 pinned threads; allocated CPUs 131
rank 473 on c395.nibi.sharcnet: 1 pinned threads; allocated CPUs 89
rank 324 on c344.nibi.sharcnet: 1 pinned threads; allocated CPUs 132
rank 0 on c80.nibi.sharcnet: 1 pinned threads; allocated CPUs 0
rank 474 on c395.nibi.sharcnet: 1 pinned threads; allocated CPUs 90
rank 623 on c396.nibi.sharcnet: 1 pinned threads; allocated CPUs 47
rank 1 on c80.nibi.sharcnet: 1 pinned threads; allocated CPUs 1
rank 628 on c396.nibi.sharcnet: 1 pinned threads; allocated CPUs 52
rank 325 on c344.nibi.sharcnet: 1 pinned threads; allocated CPUs 133
rank 475 on c395.nibi.sharcnet: 1 pinned threads; allocated CPUs 91
rank 476 on c395.nibi.sharcnet: 1 pinned threads; allocated CPUs 92
rank 636 on c396.nibi.sharcnet: 1 pinned threads; allocated CPUs 60
rank 326 on c344.nibi.sharcnet: 1 pinned threads; allocated CPUs 134
rank 13 on c80.nibi.sharcnet: 1 pinned threads; allocated CPUs 13
rank 477 on c395.nibi.sharcnet: 1 pinned threads; allocated CPUs 93
rank 28 on c80.nibi.sharcnet: 1 pinned threads; allocated CPUs 28
rank 478 on c395.nibi.sharcnet: 1 pinned threads; allocated CPUs 94
rank 637 on c396.nibi.sharcnet: 1 pinned threads; allocated CPUs 61
rank 327 on c344.nibi.sharcnet: 1 pinned threads; allocated CPUs 135
rank 328 on c344.nibi.sharcnet: 1 pinned threads; allocated CPUs 136
rank 479 on c395.nibi.sharcnet: 1 pinned threads; allocated CPUs 95
rank 30 on c80.nibi.sharcnet: 1 pinned threads; allocated CPUs 30
rank 640 on c396.nibi.sharcnet: 1 pinned threads; allocated CPUs 64
rank 329 on c344.nibi.sharcnet: 1 pinned threads; allocated CPUs 137
rank 3 on c80.nibi.sharcnet: 1 pinned threads; allocated CPUs 3
rank 641 on c396.nibi.sharcnet: 1 pinned threads; allocated CPUs 65
rank 480 on c395.nibi.sharcnet: 1 pinned threads; allocated CPUs 96
rank 481 on c395.nibi.sharcnet: 1 pinned threads; allocated CPUs 97
rank 330 on c344.nibi.sharcnet: 1 pinned threads; allocated CPUs 138
rank 331 on c344.nibi.sharcnet: 1 pinned threads; allocated CPUs 139
rank 14 on c80.nibi.sharcnet: 1 pinned threads; allocated CPUs 14
rank 643 on c396.nibi.sharcnet: 1 pinned threads; allocated CPUs 67
rank 646 on c396.nibi.sharcnet: 1 pinned threads; allocated CPUs 70
rank 332 on c344.nibi.sharcnet: 1 pinned threads; allocated CPUs 140
rank 20 on c80.nibi.sharcnet: 1 pinned threads; allocated CPUs 20
rank 482 on c395.nibi.sharcnet: 1 pinned threads; allocated CPUs 98
rank 483 on c395.nibi.sharcnet: 1 pinned threads; allocated CPUs 99
rank 333 on c344.nibi.sharcnet: 1 pinned threads; allocated CPUs 141
rank 4 on c80.nibi.sharcnet: 1 pinned threads; allocated CPUs 4
rank 485 on c395.nibi.sharcnet: 1 pinned threads; allocated CPUs 101
rank 647 on c396.nibi.sharcnet: 1 pinned threads; allocated CPUs 71
rank 334 on c344.nibi.sharcnet: 1 pinned threads; allocated CPUs 142
rank 648 on c396.nibi.sharcnet: 1 pinned threads; allocated CPUs 72
rank 486 on c395.nibi.sharcnet: 1 pinned threads; allocated CPUs 102
rank 10 on c80.nibi.sharcnet: 1 pinned threads; allocated CPUs 10
rank 650 on c396.nibi.sharcnet: 1 pinned threads; allocated CPUs 74
rank 487 on c395.nibi.sharcnet: 1 pinned threads; allocated CPUs 103
rank 651 on c396.nibi.sharcnet: 1 pinned threads; allocated CPUs 75
rank 335 on c344.nibi.sharcnet: 1 pinned threads; allocated CPUs 143
rank 17 on c80.nibi.sharcnet: 1 pinned threads; allocated CPUs 17
rank 653 on c396.nibi.sharcnet: 1 pinned threads; allocated CPUs 77
rank 336 on c344.nibi.sharcnet: 1 pinned threads; allocated CPUs 144
rank 18 on c80.nibi.sharcnet: 1 pinned threads; allocated CPUs 18
rank 337 on c344.nibi.sharcnet: 1 pinned threads; allocated CPUs 145
rank 488 on c395.nibi.sharcnet: 1 pinned threads; allocated CPUs 104
rank 489 on c395.nibi.sharcnet: 1 pinned threads; allocated CPUs 105
rank 654 on c396.nibi.sharcnet: 1 pinned threads; allocated CPUs 78
rank 655 on c396.nibi.sharcnet: 1 pinned threads; allocated CPUs 79
rank 21 on c80.nibi.sharcnet: 1 pinned threads; allocated CPUs 21
rank 339 on c344.nibi.sharcnet: 1 pinned threads; allocated CPUs 147
rank 656 on c396.nibi.sharcnet: 1 pinned threads; allocated CPUs 80
rank 31 on c80.nibi.sharcnet: 1 pinned threads; allocated CPUs 31
rank 490 on c395.nibi.sharcnet: 1 pinned threads; allocated CPUs 106
rank 340 on c344.nibi.sharcnet: 1 pinned threads; allocated CPUs 148
rank 657 on c396.nibi.sharcnet: 1 pinned threads; allocated CPUs 81
rank 341 on c344.nibi.sharcnet: 1 pinned threads; allocated CPUs 149
rank 2 on c80.nibi.sharcnet: 1 pinned threads; allocated CPUs 2
rank 342 on c344.nibi.sharcnet: 1 pinned threads; allocated CPUs 150
rank 491 on c395.nibi.sharcnet: 1 pinned threads; allocated CPUs 107
rank 5 on c80.nibi.sharcnet: 1 pinned threads; allocated CPUs 5
rank 492 on c395.nibi.sharcnet: 1 pinned threads; allocated CPUs 108
rank 658 on c396.nibi.sharcnet: 1 pinned threads; allocated CPUs 82
rank 493 on c395.nibi.sharcnet: 1 pinned threads; allocated CPUs 109
rank 343 on c344.nibi.sharcnet: 1 pinned threads; allocated CPUs 151
rank 660 on c396.nibi.sharcnet: 1 pinned threads; allocated CPUs 84
rank 6 on c80.nibi.sharcnet: 1 pinned threads; allocated CPUs 6
rank 496 on c395.nibi.sharcnet: 1 pinned threads; allocated CPUs 112
rank 344 on c344.nibi.sharcnet: 1 pinned threads; allocated CPUs 152
rank 661 on c396.nibi.sharcnet: 1 pinned threads; allocated CPUs 85
rank 9 on c80.nibi.sharcnet: 1 pinned threads; allocated CPUs 9
rank 498 on c395.nibi.sharcnet: 1 pinned threads; allocated CPUs 114
rank 345 on c344.nibi.sharcnet: 1 pinned threads; allocated CPUs 153
rank 22 on c80.nibi.sharcnet: 1 pinned threads; allocated CPUs 22
rank 499 on c395.nibi.sharcnet: 1 pinned threads; allocated CPUs 115
rank 663 on c396.nibi.sharcnet: 1 pinned threads; allocated CPUs 87
rank 664 on c396.nibi.sharcnet: 1 pinned threads; allocated CPUs 88
rank 346 on c344.nibi.sharcnet: 1 pinned threads; allocated CPUs 154
rank 347 on c344.nibi.sharcnet: 1 pinned threads; allocated CPUs 155
rank 29 on c80.nibi.sharcnet: 1 pinned threads; allocated CPUs 29
rank 665 on c396.nibi.sharcnet: 1 pinned threads; allocated CPUs 89
rank 501 on c395.nibi.sharcnet: 1 pinned threads; allocated CPUs 117
rank 502 on c395.nibi.sharcnet: 1 pinned threads; allocated CPUs 118
rank 11 on c80.nibi.sharcnet: 1 pinned threads; allocated CPUs 11
rank 666 on c396.nibi.sharcnet: 1 pinned threads; allocated CPUs 90
rank 348 on c344.nibi.sharcnet: 1 pinned threads; allocated CPUs 156
rank 503 on c395.nibi.sharcnet: 1 pinned threads; allocated CPUs 119
rank 349 on c344.nibi.sharcnet: 1 pinned threads; allocated CPUs 157
rank 15 on c80.nibi.sharcnet: 1 pinned threads; allocated CPUs 15
rank 350 on c344.nibi.sharcnet: 1 pinned threads; allocated CPUs 158
rank 505 on c395.nibi.sharcnet: 1 pinned threads; allocated CPUs 121
rank 667 on c396.nibi.sharcnet: 1 pinned threads; allocated CPUs 91
rank 351 on c344.nibi.sharcnet: 1 pinned threads; allocated CPUs 159
rank 23 on c80.nibi.sharcnet: 1 pinned threads; allocated CPUs 23
rank 668 on c396.nibi.sharcnet: 1 pinned threads; allocated CPUs 92
rank 16 on c80.nibi.sharcnet: 1 pinned threads; allocated CPUs 16
rank 669 on c396.nibi.sharcnet: 1 pinned threads; allocated CPUs 93
rank 352 on c344.nibi.sharcnet: 1 pinned threads; allocated CPUs 160
rank 506 on c395.nibi.sharcnet: 1 pinned threads; allocated CPUs 122
rank 507 on c395.nibi.sharcnet: 1 pinned threads; allocated CPUs 123
rank 19 on c80.nibi.sharcnet: 1 pinned threads; allocated CPUs 19
rank 670 on c396.nibi.sharcnet: 1 pinned threads; allocated CPUs 94
rank 354 on c344.nibi.sharcnet: 1 pinned threads; allocated CPUs 162
rank 508 on c395.nibi.sharcnet: 1 pinned threads; allocated CPUs 124
rank 642 on c396.nibi.sharcnet: 1 pinned threads; allocated CPUs 66
rank 355 on c344.nibi.sharcnet: 1 pinned threads; allocated CPUs 163
rank 7 on c80.nibi.sharcnet: 1 pinned threads; allocated CPUs 7
rank 509 on c395.nibi.sharcnet: 1 pinned threads; allocated CPUs 125
rank 659 on c396.nibi.sharcnet: 1 pinned threads; allocated CPUs 83
rank 356 on c344.nibi.sharcnet: 1 pinned threads; allocated CPUs 164
rank 511 on c395.nibi.sharcnet: 1 pinned threads; allocated CPUs 127
rank 82 on c80.nibi.sharcnet: 1 pinned threads; allocated CPUs 82
rank 652 on c396.nibi.sharcnet: 1 pinned threads; allocated CPUs 76
rank 512 on c395.nibi.sharcnet: 1 pinned threads; allocated CPUs 128
rank 12 on c80.nibi.sharcnet: 1 pinned threads; allocated CPUs 12
rank 357 on c344.nibi.sharcnet: 1 pinned threads; allocated CPUs 165
rank 513 on c395.nibi.sharcnet: 1 pinned threads; allocated CPUs 129
rank 358 on c344.nibi.sharcnet: 1 pinned threads; allocated CPUs 166
rank 25 on c80.nibi.sharcnet: 1 pinned threads; allocated CPUs 25
rank 645 on c396.nibi.sharcnet: 1 pinned threads; allocated CPUs 69
rank 662 on c396.nibi.sharcnet: 1 pinned threads; allocated CPUs 86
rank 359 on c344.nibi.sharcnet: 1 pinned threads; allocated CPUs 167
rank 27 on c80.nibi.sharcnet: 1 pinned threads; allocated CPUs 27
rank 514 on c395.nibi.sharcnet: 1 pinned threads; allocated CPUs 130
rank 671 on c396.nibi.sharcnet: 1 pinned threads; allocated CPUs 95
rank 515 on c395.nibi.sharcnet: 1 pinned threads; allocated CPUs 131
rank 33 on c80.nibi.sharcnet: 1 pinned threads; allocated CPUs 33
rank 644 on c396.nibi.sharcnet: 1 pinned threads; allocated CPUs 68
rank 360 on c344.nibi.sharcnet: 1 pinned threads; allocated CPUs 168
rank 516 on c395.nibi.sharcnet: 1 pinned threads; allocated CPUs 132
rank 589 on c396.nibi.sharcnet: 1 pinned threads; allocated CPUs 13
rank 361 on c344.nibi.sharcnet: 1 pinned threads; allocated CPUs 169
rank 26 on c80.nibi.sharcnet: 1 pinned threads; allocated CPUs 26
rank 517 on c395.nibi.sharcnet: 1 pinned threads; allocated CPUs 133
rank 8 on c80.nibi.sharcnet: 1 pinned threads; allocated CPUs 8
rank 617 on c396.nibi.sharcnet: 1 pinned threads; allocated CPUs 41
rank 362 on c344.nibi.sharcnet: 1 pinned threads; allocated CPUs 170
rank 363 on c344.nibi.sharcnet: 1 pinned threads; allocated CPUs 171
rank 24 on c80.nibi.sharcnet: 1 pinned threads; allocated CPUs 24
rank 629 on c396.nibi.sharcnet: 1 pinned threads; allocated CPUs 53
rank 364 on c344.nibi.sharcnet: 1 pinned threads; allocated CPUs 172
rank 518 on c395.nibi.sharcnet: 1 pinned threads; allocated CPUs 134
rank 520 on c395.nibi.sharcnet: 1 pinned threads; allocated CPUs 136
rank 521 on c395.nibi.sharcnet: 1 pinned threads; allocated CPUs 137
rank 649 on c396.nibi.sharcnet: 1 pinned threads; allocated CPUs 73
rank 365 on c344.nibi.sharcnet: 1 pinned threads; allocated CPUs 173
rank 367 on c344.nibi.sharcnet: 1 pinned threads; allocated CPUs 175
rank 522 on c395.nibi.sharcnet: 1 pinned threads; allocated CPUs 138
rank 523 on c395.nibi.sharcnet: 1 pinned threads; allocated CPUs 139
rank 368 on c344.nibi.sharcnet: 1 pinned threads; allocated CPUs 176
rank 369 on c344.nibi.sharcnet: 1 pinned threads; allocated CPUs 177
rank 524 on c395.nibi.sharcnet: 1 pinned threads; allocated CPUs 140
rank 370 on c344.nibi.sharcnet: 1 pinned threads; allocated CPUs 178
rank 525 on c395.nibi.sharcnet: 1 pinned threads; allocated CPUs 141
rank 526 on c395.nibi.sharcnet: 1 pinned threads; allocated CPUs 142
rank 371 on c344.nibi.sharcnet: 1 pinned threads; allocated CPUs 179
rank 527 on c395.nibi.sharcnet: 1 pinned threads; allocated CPUs 143
rank 372 on c344.nibi.sharcnet: 1 pinned threads; allocated CPUs 180
rank 528 on c395.nibi.sharcnet: 1 pinned threads; allocated CPUs 144
rank 373 on c344.nibi.sharcnet: 1 pinned threads; allocated CPUs 181
rank 529 on c395.nibi.sharcnet: 1 pinned threads; allocated CPUs 145
rank 374 on c344.nibi.sharcnet: 1 pinned threads; allocated CPUs 182
rank 375 on c344.nibi.sharcnet: 1 pinned threads; allocated CPUs 183
rank 530 on c395.nibi.sharcnet: 1 pinned threads; allocated CPUs 146
rank 531 on c395.nibi.sharcnet: 1 pinned threads; allocated CPUs 147
rank 377 on c344.nibi.sharcnet: 1 pinned threads; allocated CPUs 185
rank 532 on c395.nibi.sharcnet: 1 pinned threads; allocated CPUs 148
rank 378 on c344.nibi.sharcnet: 1 pinned threads; allocated CPUs 186
rank 533 on c395.nibi.sharcnet: 1 pinned threads; allocated CPUs 149
rank 379 on c344.nibi.sharcnet: 1 pinned threads; allocated CPUs 187
rank 534 on c395.nibi.sharcnet: 1 pinned threads; allocated CPUs 150
rank 380 on c344.nibi.sharcnet: 1 pinned threads; allocated CPUs 188
rank 535 on c395.nibi.sharcnet: 1 pinned threads; allocated CPUs 151
rank 382 on c344.nibi.sharcnet: 1 pinned threads; allocated CPUs 190
rank 536 on c395.nibi.sharcnet: 1 pinned threads; allocated CPUs 152
rank 383 on c344.nibi.sharcnet: 1 pinned threads; allocated CPUs 191
rank 260 on c344.nibi.sharcnet: 1 pinned threads; allocated CPUs 68
rank 537 on c395.nibi.sharcnet: 1 pinned threads; allocated CPUs 153
rank 268 on c344.nibi.sharcnet: 1 pinned threads; allocated CPUs 76
rank 538 on c395.nibi.sharcnet: 1 pinned threads; allocated CPUs 154
rank 269 on c344.nibi.sharcnet: 1 pinned threads; allocated CPUs 77
rank 539 on c395.nibi.sharcnet: 1 pinned threads; allocated CPUs 155
rank 540 on c395.nibi.sharcnet: 1 pinned threads; allocated CPUs 156
rank 279 on c344.nibi.sharcnet: 1 pinned threads; allocated CPUs 87
rank 541 on c395.nibi.sharcnet: 1 pinned threads; allocated CPUs 157
rank 308 on c344.nibi.sharcnet: 1 pinned threads; allocated CPUs 116
rank 338 on c344.nibi.sharcnet: 1 pinned threads; allocated CPUs 146
rank 542 on c395.nibi.sharcnet: 1 pinned threads; allocated CPUs 158
rank 543 on c395.nibi.sharcnet: 1 pinned threads; allocated CPUs 159
rank 353 on c344.nibi.sharcnet: 1 pinned threads; allocated CPUs 161
rank 376 on c344.nibi.sharcnet: 1 pinned threads; allocated CPUs 184
rank 544 on c395.nibi.sharcnet: 1 pinned threads; allocated CPUs 160
rank 545 on c395.nibi.sharcnet: 1 pinned threads; allocated CPUs 161
rank 381 on c344.nibi.sharcnet: 1 pinned threads; allocated CPUs 189
rank 366 on c344.nibi.sharcnet: 1 pinned threads; allocated CPUs 174
rank 546 on c395.nibi.sharcnet: 1 pinned threads; allocated CPUs 162
rank 547 on c395.nibi.sharcnet: 1 pinned threads; allocated CPUs 163
rank 548 on c395.nibi.sharcnet: 1 pinned threads; allocated CPUs 164
rank 549 on c395.nibi.sharcnet: 1 pinned threads; allocated CPUs 165
rank 550 on c395.nibi.sharcnet: 1 pinned threads; allocated CPUs 166
rank 551 on c395.nibi.sharcnet: 1 pinned threads; allocated CPUs 167
rank 552 on c395.nibi.sharcnet: 1 pinned threads; allocated CPUs 168
rank 553 on c395.nibi.sharcnet: 1 pinned threads; allocated CPUs 169
rank 554 on c395.nibi.sharcnet: 1 pinned threads; allocated CPUs 170
rank 555 on c395.nibi.sharcnet: 1 pinned threads; allocated CPUs 171
rank 556 on c395.nibi.sharcnet: 1 pinned threads; allocated CPUs 172
rank 557 on c395.nibi.sharcnet: 1 pinned threads; allocated CPUs 173
rank 558 on c395.nibi.sharcnet: 1 pinned threads; allocated CPUs 174
rank 559 on c395.nibi.sharcnet: 1 pinned threads; allocated CPUs 175
rank 560 on c395.nibi.sharcnet: 1 pinned threads; allocated CPUs 176
rank 561 on c395.nibi.sharcnet: 1 pinned threads; allocated CPUs 177
rank 562 on c395.nibi.sharcnet: 1 pinned threads; allocated CPUs 178
rank 563 on c395.nibi.sharcnet: 1 pinned threads; allocated CPUs 179
rank 564 on c395.nibi.sharcnet: 1 pinned threads; allocated CPUs 180
rank 565 on c395.nibi.sharcnet: 1 pinned threads; allocated CPUs 181
rank 566 on c395.nibi.sharcnet: 1 pinned threads; allocated CPUs 182
rank 567 on c395.nibi.sharcnet: 1 pinned threads; allocated CPUs 183
rank 568 on c395.nibi.sharcnet: 1 pinned threads; allocated CPUs 184
rank 569 on c395.nibi.sharcnet: 1 pinned threads; allocated CPUs 185
rank 570 on c395.nibi.sharcnet: 1 pinned threads; allocated CPUs 186
rank 572 on c395.nibi.sharcnet: 1 pinned threads; allocated CPUs 188
rank 573 on c395.nibi.sharcnet: 1 pinned threads; allocated CPUs 189
rank 574 on c395.nibi.sharcnet: 1 pinned threads; allocated CPUs 190
rank 387 on c395.nibi.sharcnet: 1 pinned threads; allocated CPUs 3
rank 484 on c395.nibi.sharcnet: 1 pinned threads; allocated CPUs 100
rank 494 on c395.nibi.sharcnet: 1 pinned threads; allocated CPUs 110
rank 495 on c395.nibi.sharcnet: 1 pinned threads; allocated CPUs 111
rank 497 on c395.nibi.sharcnet: 1 pinned threads; allocated CPUs 113
rank 500 on c395.nibi.sharcnet: 1 pinned threads; allocated CPUs 116
rank 504 on c395.nibi.sharcnet: 1 pinned threads; allocated CPUs 120
rank 510 on c395.nibi.sharcnet: 1 pinned threads; allocated CPUs 126
rank 519 on c395.nibi.sharcnet: 1 pinned threads; allocated CPUs 135
rank 571 on c395.nibi.sharcnet: 1 pinned threads; allocated CPUs 187
rank 575 on c395.nibi.sharcnet: 1 pinned threads; allocated CPUs 191
PASS: CPU MPI ring and explicitly pinned Julia threads
CONFIGURATION: {"cores":768,"nodes":4,"ranks":768,"ranks_per_node":192,"threads_per_rank":1,"layout":"mpi","partition":[32,24,1],"global_resolution":[1440,720,200],"grid_type":"LatitudeLongitudeGrid","x_sizes":[45,45,45,45,45,45,45,45,45,45,45,45,45,45,45,45,45,45,45,45,45,45,45,45,45,45,45,45,45,45,45,45],"y_sizes":[30,30,30,30,30,30,30,30,30,30,30,30,30,30,30,30,30,30,30,30,30,30,30,30],"float_type":"Float64","samples":5,"time_steps":10,"warmup_steps":2,"dt":60,"free_surface_substeps":30,"extend_free_surface_halos":false,"momentum_advection":"WENOVectorInvariantDefault","tracer_advection":"WENO7","closure":"CATKE","tracers":["T","S"],"timestepper":"SplitRungeKutta3"}
[ Info: Benchmark: EarthOcean_lat_lon_1440x720x200_F64_WENOVectorInvariantDefault_WENO7_CATKE_2tr
┌ Info:   Architecture: Distributed{CPU} on 32×24×1 across 768 = 32×24×1 ranks:
│ ├── local_rank: 0 of 0-767
│ ├── local_index: [1, 1, 1]
└ └── connectivity: east=24 west=744 north=1 south=23 southwest=767 southeast=47 northwest=745 northeast=25
[ Info:   Float type: Float64
[ Info:   Grid size: 45 × 30 × 200 (270000 points)
[ Info:   Time step: 60 s
[ Info:   Warmup steps: 2
[ Info:   Benchmark steps: 10 × 5 windows
[ Info:   Running warmup...
[ Info:   Running benchmark...
[ Info:   Results:
[ Info:     Total time: 98.383 s
[ Info:     Time per step: 1.668912 s (min of 5 windows; median 1.773620 s, max 2.471819 s)
[ Info:     Grid points/s: 1.62e+05
Completed benchmark; all 768 rank results saved to /home/anditse/Oceananigans.jl/benchmarking/results/nibi/2026-10-06_cpu_scaling_cores_super_fine/768_cores/results.json
