The following modules were not unloaded:
  (Use "module --force purge" to unload all):

  1) CCconfig        6)  ucx/1.14.1         11) flexiblas/3.3.1
  2) gentoo/2023     7)  libfabric/1.18.0   12) imkl/2023.2.0
  3) gcccore/.12.3   8)  pmix/4.2.4         13) StdEnv/2023
  4) gcc/12.3        9)  ucc/1.2.0
  5) hwloc/2.9.1     10) openmpi/4.1.5
Oceananigans-DRAC environment (Nibi): repo=/home/anditse/Oceananigans-DRAC, depot=/scratch/anditse/julia_depot
rank 1 on c492.nibi.sharcnet: 1 pinned threads; allocated CPUs 13
rank 0 on c492.nibi.sharcnet: 1 pinned threads; allocated CPUs 12
rank 10 on c492.nibi.sharcnet: 1 pinned threads; allocated CPUs 22
rank 4 on c492.nibi.sharcnet: 1 pinned threads; allocated CPUs 16
rank 18 on c492.nibi.sharcnet: 1 pinned threads; allocated CPUs 30
rank 8 on c492.nibi.sharcnet: 1 pinned threads; allocated CPUs 20
rank 16 on c492.nibi.sharcnet: 1 pinned threads; allocated CPUs 28
rank 7 on c492.nibi.sharcnet: 1 pinned threads; allocated CPUs 19
rank 19 on c492.nibi.sharcnet: 1 pinned threads; allocated CPUs 31
rank 11 on c492.nibi.sharcnet: 1 pinned threads; allocated CPUs 23
rank 13 on c492.nibi.sharcnet: 1 pinned threads; allocated CPUs 25
rank 12 on c492.nibi.sharcnet: 1 pinned threads; allocated CPUs 24
rank 15 on c492.nibi.sharcnet: 1 pinned threads; allocated CPUs 27
rank 17 on c492.nibi.sharcnet: 1 pinned threads; allocated CPUs 29
rank 3 on c492.nibi.sharcnet: 1 pinned threads; allocated CPUs 15
rank 14 on c492.nibi.sharcnet: 1 pinned threads; allocated CPUs 26
rank 6 on c492.nibi.sharcnet: 1 pinned threads; allocated CPUs 18
rank 9 on c492.nibi.sharcnet: 1 pinned threads; allocated CPUs 21
rank 5 on c492.nibi.sharcnet: 1 pinned threads; allocated CPUs 17
rank 2 on c492.nibi.sharcnet: 1 pinned threads; allocated CPUs 14
rank 22 on c492.nibi.sharcnet: 1 pinned threads; allocated CPUs 34
rank 21 on c492.nibi.sharcnet: 1 pinned threads; allocated CPUs 33
rank 20 on c492.nibi.sharcnet: 1 pinned threads; allocated CPUs 32
rank 23 on c492.nibi.sharcnet: 1 pinned threads; allocated CPUs 35
PASS: CPU MPI ring and explicitly pinned Julia threads
CONFIGURATION: {"cores":24,"nodes":1,"ranks":24,"ranks_per_node":24,"threads_per_rank":1,"layout":"mpi","partition":[6,4,1],"global_resolution":[1440,720,200],"grid_type":"LatitudeLongitudeGrid","x_sizes":[240,240,240,240,240,240],"y_sizes":[180,180,180,180],"float_type":"Float64","samples":5,"time_steps":10,"warmup_steps":2,"dt":60,"free_surface_substeps":30,"extend_free_surface_halos":false,"momentum_advection":"WENOVectorInvariantDefault","tracer_advection":"WENO7","closure":"CATKE","tracers":["T","S"],"timestepper":"SplitRungeKutta3"}
[ Info: Benchmark: EarthOcean_lat_lon_1440x720x200_F64_WENOVectorInvariantDefault_WENO7_CATKE_2tr
┌ Info:   Architecture: Distributed{CPU} on 6×4×1 across 24 = 6×4×1 ranks:
│ ├── local_rank: 0 of 0-23
│ ├── local_index: [1, 1, 1]
└ └── connectivity: east=4 west=20 north=1 south=3 southwest=23 southeast=7 northwest=21 northeast=5
[ Info:   Float type: Float64
[ Info:   Grid size: 240 × 180 × 200 (8640000 points)
[ Info:   Time step: 60 s
[ Info:   Warmup steps: 2
[ Info:   Benchmark steps: 10 × 5 windows
[ Info:   Running warmup...
[ Info:   Running benchmark...
[ Info:   Results:
[ Info:     Total time: 2309.317 s
[ Info:     Time per step: 45.458667 s (min of 5 windows; median 46.367240 s, max 46.541222 s)
[ Info:     Grid points/s: 1.90e+05
Completed benchmark; all 24 rank results saved to /home/anditse/Oceananigans.jl/benchmarking/results/nibi/2026-10-06_cpu_scaling_cores_super_fine/24_cores/results.json
