The following modules were not unloaded:
  (Use "module --force purge" to unload all):

  1) CCconfig        6)  ucx/1.14.1         11) flexiblas/3.3.1
  2) gentoo/2023     7)  libfabric/1.18.0   12) imkl/2023.2.0
  3) gcccore/.12.3   8)  pmix/4.2.4         13) StdEnv/2023
  4) gcc/12.3        9)  ucc/1.2.0
  5) hwloc/2.9.1     10) openmpi/4.1.5
Oceananigans-DRAC environment (Nibi): repo=/home/anditse/Oceananigans-DRAC, depot=/scratch/anditse/julia_depot
[ Info: Oceananigans will use 192 threads
[ Info: Oceananigans will use 192 threads
[ Info: Oceananigans will use 192 threads
[ Info: Oceananigans will use 192 threads
[ Info: Oceananigans will use 192 threads
[ Info: Oceananigans will use 192 threads
[ Info: Oceananigans will use 192 threads
[ Info: Oceananigans will use 192 threads
rank 5 on c377.nibi.sharcnet: 192 threads; CPU affinity 0-191
rank 7 on c380.nibi.sharcnet: 192 threads; CPU affinity 0-191
rank 0 on c341.nibi.sharcnet: 192 threads; CPU affinity 0-191
rank 6 on c379.nibi.sharcnet: 192 threads; CPU affinity 0-191
rank 4 on c345.nibi.sharcnet: 192 threads; CPU affinity 0-191
rank 3 on c344.nibi.sharcnet: 192 threads; CPU affinity 0-191
rank 1 on c342.nibi.sharcnet: 192 threads; CPU affinity 0-191
rank 2 on c343.nibi.sharcnet: 192 threads; CPU affinity 0-191
PASS: 8 distinct CPU nodes and CPU MPI ring
[ Info: Distributed run: 8 ranks (x=4, y=2, z=1)
===============================================================================================
Oceananigans Benchmark Suite
===============================================================================================
Date: 2026-10-06T07:15:37.957
Mode: benchmark
Case: earth_ocean
Grid types: SubString{String}["lat_lon"]
Architecture: Distributed{CPU} on 4×2×1 across 8 = 4×2×1 ranks:
├── local_rank: 0 of 0-7
├── local_index: [1, 1, 1]
└── connectivity: east=2 west=6 north=1 south=1 southwest=7 southeast=3 northwest=7 northeast=3
Distributed: true
Partition: (4, 2, 1) (8 ranks)
Sizes: [(1440, 720, 200)]
Float types: DataType[Float64]
Momentum advection: SubString{String}["WENOVectorInvariantDefault"]
Tracer advection: SubString{String}["WENO7"]
Closures: SubString{String}["CATKE"]
Coriolis: spherical
Buoyancy: seawater
Tracers: (:T, :S)
Timestepper: SplitRungeKutta3
Time steps: 10 × 5 windows (warmup: 2)
Δt: 60.0 s
===============================================================================================


----------------------------------------------------------------------
Running: EarthOcean_lat_lon_1440x720x200_F64_WENOVectorInvariantDefault_WENO7_CATKE_2tr
----------------------------------------------------------------------
