The following modules were not unloaded:
  (Use "module --force purge" to unload all):

  1) CCconfig        6)  ucx/1.14.1         11) flexiblas/3.3.1
  2) gentoo/2023     7)  libfabric/1.18.0   12) imkl/2023.2.0
  3) gcccore/.12.3   8)  pmix/4.2.4         13) StdEnv/2023
  4) gcc/12.3        9)  ucc/1.2.0
  5) hwloc/2.9.1     10) openmpi/4.1.5
Oceananigans-DRAC environment (Nibi): repo=/home/anditse/Oceananigans-DRAC, depot=/scratch/anditse/julia_depot
rank 192 on c89.nibi.sharcnet: 1 pinned threads; allocated CPUs 0
rank 193 on c89.nibi.sharcnet: 1 pinned threads; allocated CPUs 1
rank 194 on c89.nibi.sharcnet: 1 pinned threads; allocated CPUs 2
rank 0 on c81.nibi.sharcnet: 1 pinned threads; allocated CPUs 0
rank 195 on c89.nibi.sharcnet: 1 pinned threads; allocated CPUs 3
rank 1 on c81.nibi.sharcnet: 1 pinned threads; allocated CPUs 1
rank 196 on c89.nibi.sharcnet: 1 pinned threads; allocated CPUs 4
rank 2 on c81.nibi.sharcnet: 1 pinned threads; allocated CPUs 2
rank 197 on c89.nibi.sharcnet: 1 pinned threads; allocated CPUs 5
rank 3 on c81.nibi.sharcnet: 1 pinned threads; allocated CPUs 3
rank 198 on c89.nibi.sharcnet: 1 pinned threads; allocated CPUs 6
rank 4 on c81.nibi.sharcnet: 1 pinned threads; allocated CPUs 4
rank 199 on c89.nibi.sharcnet: 1 pinned threads; allocated CPUs 7
rank 7 on c81.nibi.sharcnet: 1 pinned threads; allocated CPUs 7
rank 200 on c89.nibi.sharcnet: 1 pinned threads; allocated CPUs 8
rank 8 on c81.nibi.sharcnet: 1 pinned threads; allocated CPUs 8
rank 201 on c89.nibi.sharcnet: 1 pinned threads; allocated CPUs 9
rank 9 on c81.nibi.sharcnet: 1 pinned threads; allocated CPUs 9
rank 202 on c89.nibi.sharcnet: 1 pinned threads; allocated CPUs 10
rank 10 on c81.nibi.sharcnet: 1 pinned threads; allocated CPUs 10
rank 203 on c89.nibi.sharcnet: 1 pinned threads; allocated CPUs 11
rank 12 on c81.nibi.sharcnet: 1 pinned threads; allocated CPUs 12
rank 13 on c81.nibi.sharcnet: 1 pinned threads; allocated CPUs 13
rank 16 on c81.nibi.sharcnet: 1 pinned threads; allocated CPUs 16
rank 20 on c81.nibi.sharcnet: 1 pinned threads; allocated CPUs 20
rank 21 on c81.nibi.sharcnet: 1 pinned threads; allocated CPUs 21
rank 24 on c81.nibi.sharcnet: 1 pinned threads; allocated CPUs 24
rank 25 on c81.nibi.sharcnet: 1 pinned threads; allocated CPUs 25
rank 26 on c81.nibi.sharcnet: 1 pinned threads; allocated CPUs 26
rank 27 on c81.nibi.sharcnet: 1 pinned threads; allocated CPUs 27
rank 28 on c81.nibi.sharcnet: 1 pinned threads; allocated CPUs 28
rank 29 on c81.nibi.sharcnet: 1 pinned threads; allocated CPUs 29
rank 30 on c81.nibi.sharcnet: 1 pinned threads; allocated CPUs 30
rank 31 on c81.nibi.sharcnet: 1 pinned threads; allocated CPUs 31
rank 32 on c81.nibi.sharcnet: 1 pinned threads; allocated CPUs 32
rank 33 on c81.nibi.sharcnet: 1 pinned threads; allocated CPUs 33
rank 34 on c81.nibi.sharcnet: 1 pinned threads; allocated CPUs 34
rank 204 on c89.nibi.sharcnet: 1 pinned threads; allocated CPUs 12
rank 205 on c89.nibi.sharcnet: 1 pinned threads; allocated CPUs 13
rank 206 on c89.nibi.sharcnet: 1 pinned threads; allocated CPUs 14
rank 207 on c89.nibi.sharcnet: 1 pinned threads; allocated CPUs 15
rank 208 on c89.nibi.sharcnet: 1 pinned threads; allocated CPUs 16
rank 209 on c89.nibi.sharcnet: 1 pinned threads; allocated CPUs 17
rank 210 on c89.nibi.sharcnet: 1 pinned threads; allocated CPUs 18
rank 211 on c89.nibi.sharcnet: 1 pinned threads; allocated CPUs 19
rank 212 on c89.nibi.sharcnet: 1 pinned threads; allocated CPUs 20
rank 213 on c89.nibi.sharcnet: 1 pinned threads; allocated CPUs 21
rank 214 on c89.nibi.sharcnet: 1 pinned threads; allocated CPUs 22
rank 215 on c89.nibi.sharcnet: 1 pinned threads; allocated CPUs 23
rank 216 on c89.nibi.sharcnet: 1 pinned threads; allocated CPUs 24
rank 217 on c89.nibi.sharcnet: 1 pinned threads; allocated CPUs 25
rank 218 on c89.nibi.sharcnet: 1 pinned threads; allocated CPUs 26
rank 219 on c89.nibi.sharcnet: 1 pinned threads; allocated CPUs 27
rank 220 on c89.nibi.sharcnet: 1 pinned threads; allocated CPUs 28
rank 221 on c89.nibi.sharcnet: 1 pinned threads; allocated CPUs 29
rank 222 on c89.nibi.sharcnet: 1 pinned threads; allocated CPUs 30
rank 223 on c89.nibi.sharcnet: 1 pinned threads; allocated CPUs 31
rank 224 on c89.nibi.sharcnet: 1 pinned threads; allocated CPUs 32
rank 225 on c89.nibi.sharcnet: 1 pinned threads; allocated CPUs 33
rank 226 on c89.nibi.sharcnet: 1 pinned threads; allocated CPUs 34
rank 35 on c81.nibi.sharcnet: 1 pinned threads; allocated CPUs 35
rank 227 on c89.nibi.sharcnet: 1 pinned threads; allocated CPUs 35
rank 228 on c89.nibi.sharcnet: 1 pinned threads; allocated CPUs 36
rank 36 on c81.nibi.sharcnet: 1 pinned threads; allocated CPUs 36
rank 229 on c89.nibi.sharcnet: 1 pinned threads; allocated CPUs 37
rank 37 on c81.nibi.sharcnet: 1 pinned threads; allocated CPUs 37
rank 230 on c89.nibi.sharcnet: 1 pinned threads; allocated CPUs 38
rank 231 on c89.nibi.sharcnet: 1 pinned threads; allocated CPUs 39
rank 38 on c81.nibi.sharcnet: 1 pinned threads; allocated CPUs 38
rank 39 on c81.nibi.sharcnet: 1 pinned threads; allocated CPUs 39
rank 40 on c81.nibi.sharcnet: 1 pinned threads; allocated CPUs 40
rank 232 on c89.nibi.sharcnet: 1 pinned threads; allocated CPUs 40
rank 233 on c89.nibi.sharcnet: 1 pinned threads; allocated CPUs 41
rank 234 on c89.nibi.sharcnet: 1 pinned threads; allocated CPUs 42
rank 41 on c81.nibi.sharcnet: 1 pinned threads; allocated CPUs 41
rank 235 on c89.nibi.sharcnet: 1 pinned threads; allocated CPUs 43
rank 43 on c81.nibi.sharcnet: 1 pinned threads; allocated CPUs 43
rank 236 on c89.nibi.sharcnet: 1 pinned threads; allocated CPUs 44
rank 44 on c81.nibi.sharcnet: 1 pinned threads; allocated CPUs 44
rank 45 on c81.nibi.sharcnet: 1 pinned threads; allocated CPUs 45
rank 237 on c89.nibi.sharcnet: 1 pinned threads; allocated CPUs 45
rank 238 on c89.nibi.sharcnet: 1 pinned threads; allocated CPUs 46
rank 46 on c81.nibi.sharcnet: 1 pinned threads; allocated CPUs 46
rank 47 on c81.nibi.sharcnet: 1 pinned threads; allocated CPUs 47
rank 239 on c89.nibi.sharcnet: 1 pinned threads; allocated CPUs 47
rank 240 on c89.nibi.sharcnet: 1 pinned threads; allocated CPUs 48
rank 48 on c81.nibi.sharcnet: 1 pinned threads; allocated CPUs 48
rank 241 on c89.nibi.sharcnet: 1 pinned threads; allocated CPUs 49
rank 49 on c81.nibi.sharcnet: 1 pinned threads; allocated CPUs 49
rank 51 on c81.nibi.sharcnet: 1 pinned threads; allocated CPUs 51
rank 242 on c89.nibi.sharcnet: 1 pinned threads; allocated CPUs 50
rank 243 on c89.nibi.sharcnet: 1 pinned threads; allocated CPUs 51
rank 52 on c81.nibi.sharcnet: 1 pinned threads; allocated CPUs 52
rank 53 on c81.nibi.sharcnet: 1 pinned threads; allocated CPUs 53
rank 244 on c89.nibi.sharcnet: 1 pinned threads; allocated CPUs 52
rank 245 on c89.nibi.sharcnet: 1 pinned threads; allocated CPUs 53
rank 54 on c81.nibi.sharcnet: 1 pinned threads; allocated CPUs 54
rank 55 on c81.nibi.sharcnet: 1 pinned threads; allocated CPUs 55
rank 246 on c89.nibi.sharcnet: 1 pinned threads; allocated CPUs 54
rank 247 on c89.nibi.sharcnet: 1 pinned threads; allocated CPUs 55
rank 56 on c81.nibi.sharcnet: 1 pinned threads; allocated CPUs 56
rank 248 on c89.nibi.sharcnet: 1 pinned threads; allocated CPUs 56
rank 57 on c81.nibi.sharcnet: 1 pinned threads; allocated CPUs 57
rank 249 on c89.nibi.sharcnet: 1 pinned threads; allocated CPUs 57
rank 58 on c81.nibi.sharcnet: 1 pinned threads; allocated CPUs 58
rank 250 on c89.nibi.sharcnet: 1 pinned threads; allocated CPUs 58
rank 59 on c81.nibi.sharcnet: 1 pinned threads; allocated CPUs 59
rank 252 on c89.nibi.sharcnet: 1 pinned threads; allocated CPUs 60
rank 60 on c81.nibi.sharcnet: 1 pinned threads; allocated CPUs 60
rank 253 on c89.nibi.sharcnet: 1 pinned threads; allocated CPUs 61
rank 61 on c81.nibi.sharcnet: 1 pinned threads; allocated CPUs 61
rank 254 on c89.nibi.sharcnet: 1 pinned threads; allocated CPUs 62
rank 62 on c81.nibi.sharcnet: 1 pinned threads; allocated CPUs 62
rank 255 on c89.nibi.sharcnet: 1 pinned threads; allocated CPUs 63
rank 63 on c81.nibi.sharcnet: 1 pinned threads; allocated CPUs 63
rank 64 on c81.nibi.sharcnet: 1 pinned threads; allocated CPUs 64
rank 256 on c89.nibi.sharcnet: 1 pinned threads; allocated CPUs 64
rank 257 on c89.nibi.sharcnet: 1 pinned threads; allocated CPUs 65
rank 65 on c81.nibi.sharcnet: 1 pinned threads; allocated CPUs 65
rank 258 on c89.nibi.sharcnet: 1 pinned threads; allocated CPUs 66
rank 66 on c81.nibi.sharcnet: 1 pinned threads; allocated CPUs 66
rank 259 on c89.nibi.sharcnet: 1 pinned threads; allocated CPUs 67
rank 260 on c89.nibi.sharcnet: 1 pinned threads; allocated CPUs 68
rank 67 on c81.nibi.sharcnet: 1 pinned threads; allocated CPUs 67
rank 261 on c89.nibi.sharcnet: 1 pinned threads; allocated CPUs 69
rank 262 on c89.nibi.sharcnet: 1 pinned threads; allocated CPUs 70
rank 68 on c81.nibi.sharcnet: 1 pinned threads; allocated CPUs 68
rank 263 on c89.nibi.sharcnet: 1 pinned threads; allocated CPUs 71
rank 70 on c81.nibi.sharcnet: 1 pinned threads; allocated CPUs 70
rank 264 on c89.nibi.sharcnet: 1 pinned threads; allocated CPUs 72
rank 265 on c89.nibi.sharcnet: 1 pinned threads; allocated CPUs 73
rank 71 on c81.nibi.sharcnet: 1 pinned threads; allocated CPUs 71
rank 266 on c89.nibi.sharcnet: 1 pinned threads; allocated CPUs 74
rank 72 on c81.nibi.sharcnet: 1 pinned threads; allocated CPUs 72
rank 267 on c89.nibi.sharcnet: 1 pinned threads; allocated CPUs 75
rank 268 on c89.nibi.sharcnet: 1 pinned threads; allocated CPUs 76
rank 73 on c81.nibi.sharcnet: 1 pinned threads; allocated CPUs 73
rank 75 on c81.nibi.sharcnet: 1 pinned threads; allocated CPUs 75
rank 269 on c89.nibi.sharcnet: 1 pinned threads; allocated CPUs 77
rank 270 on c89.nibi.sharcnet: 1 pinned threads; allocated CPUs 78
rank 76 on c81.nibi.sharcnet: 1 pinned threads; allocated CPUs 76
rank 271 on c89.nibi.sharcnet: 1 pinned threads; allocated CPUs 79
rank 77 on c81.nibi.sharcnet: 1 pinned threads; allocated CPUs 77
rank 272 on c89.nibi.sharcnet: 1 pinned threads; allocated CPUs 80
rank 78 on c81.nibi.sharcnet: 1 pinned threads; allocated CPUs 78
rank 273 on c89.nibi.sharcnet: 1 pinned threads; allocated CPUs 81
rank 274 on c89.nibi.sharcnet: 1 pinned threads; allocated CPUs 82
rank 79 on c81.nibi.sharcnet: 1 pinned threads; allocated CPUs 79
rank 275 on c89.nibi.sharcnet: 1 pinned threads; allocated CPUs 83
rank 80 on c81.nibi.sharcnet: 1 pinned threads; allocated CPUs 80
rank 276 on c89.nibi.sharcnet: 1 pinned threads; allocated CPUs 84
rank 81 on c81.nibi.sharcnet: 1 pinned threads; allocated CPUs 81
rank 277 on c89.nibi.sharcnet: 1 pinned threads; allocated CPUs 85
rank 278 on c89.nibi.sharcnet: 1 pinned threads; allocated CPUs 86
rank 82 on c81.nibi.sharcnet: 1 pinned threads; allocated CPUs 82
rank 83 on c81.nibi.sharcnet: 1 pinned threads; allocated CPUs 83
rank 279 on c89.nibi.sharcnet: 1 pinned threads; allocated CPUs 87
rank 84 on c81.nibi.sharcnet: 1 pinned threads; allocated CPUs 84
rank 280 on c89.nibi.sharcnet: 1 pinned threads; allocated CPUs 88
rank 281 on c89.nibi.sharcnet: 1 pinned threads; allocated CPUs 89
rank 85 on c81.nibi.sharcnet: 1 pinned threads; allocated CPUs 85
rank 282 on c89.nibi.sharcnet: 1 pinned threads; allocated CPUs 90
rank 86 on c81.nibi.sharcnet: 1 pinned threads; allocated CPUs 86
rank 283 on c89.nibi.sharcnet: 1 pinned threads; allocated CPUs 91
rank 88 on c81.nibi.sharcnet: 1 pinned threads; allocated CPUs 88
rank 284 on c89.nibi.sharcnet: 1 pinned threads; allocated CPUs 92
rank 89 on c81.nibi.sharcnet: 1 pinned threads; allocated CPUs 89
rank 285 on c89.nibi.sharcnet: 1 pinned threads; allocated CPUs 93
rank 90 on c81.nibi.sharcnet: 1 pinned threads; allocated CPUs 90
rank 286 on c89.nibi.sharcnet: 1 pinned threads; allocated CPUs 94
rank 92 on c81.nibi.sharcnet: 1 pinned threads; allocated CPUs 92
rank 287 on c89.nibi.sharcnet: 1 pinned threads; allocated CPUs 95
rank 93 on c81.nibi.sharcnet: 1 pinned threads; allocated CPUs 93
rank 94 on c81.nibi.sharcnet: 1 pinned threads; allocated CPUs 94
rank 288 on c89.nibi.sharcnet: 1 pinned threads; allocated CPUs 96
rank 289 on c89.nibi.sharcnet: 1 pinned threads; allocated CPUs 97
rank 95 on c81.nibi.sharcnet: 1 pinned threads; allocated CPUs 95
rank 96 on c81.nibi.sharcnet: 1 pinned threads; allocated CPUs 96
rank 290 on c89.nibi.sharcnet: 1 pinned threads; allocated CPUs 98
rank 291 on c89.nibi.sharcnet: 1 pinned threads; allocated CPUs 99
rank 97 on c81.nibi.sharcnet: 1 pinned threads; allocated CPUs 97
rank 292 on c89.nibi.sharcnet: 1 pinned threads; allocated CPUs 100
rank 98 on c81.nibi.sharcnet: 1 pinned threads; allocated CPUs 98
rank 295 on c89.nibi.sharcnet: 1 pinned threads; allocated CPUs 103
rank 99 on c81.nibi.sharcnet: 1 pinned threads; allocated CPUs 99
rank 296 on c89.nibi.sharcnet: 1 pinned threads; allocated CPUs 104
rank 100 on c81.nibi.sharcnet: 1 pinned threads; allocated CPUs 100
rank 297 on c89.nibi.sharcnet: 1 pinned threads; allocated CPUs 105
rank 101 on c81.nibi.sharcnet: 1 pinned threads; allocated CPUs 101
rank 298 on c89.nibi.sharcnet: 1 pinned threads; allocated CPUs 106
rank 102 on c81.nibi.sharcnet: 1 pinned threads; allocated CPUs 102
rank 299 on c89.nibi.sharcnet: 1 pinned threads; allocated CPUs 107
rank 103 on c81.nibi.sharcnet: 1 pinned threads; allocated CPUs 103
rank 300 on c89.nibi.sharcnet: 1 pinned threads; allocated CPUs 108
rank 301 on c89.nibi.sharcnet: 1 pinned threads; allocated CPUs 109
rank 104 on c81.nibi.sharcnet: 1 pinned threads; allocated CPUs 104
rank 105 on c81.nibi.sharcnet: 1 pinned threads; allocated CPUs 105
rank 302 on c89.nibi.sharcnet: 1 pinned threads; allocated CPUs 110
rank 303 on c89.nibi.sharcnet: 1 pinned threads; allocated CPUs 111
rank 106 on c81.nibi.sharcnet: 1 pinned threads; allocated CPUs 106
rank 304 on c89.nibi.sharcnet: 1 pinned threads; allocated CPUs 112
rank 107 on c81.nibi.sharcnet: 1 pinned threads; allocated CPUs 107
rank 305 on c89.nibi.sharcnet: 1 pinned threads; allocated CPUs 113
rank 108 on c81.nibi.sharcnet: 1 pinned threads; allocated CPUs 108
rank 306 on c89.nibi.sharcnet: 1 pinned threads; allocated CPUs 114
rank 110 on c81.nibi.sharcnet: 1 pinned threads; allocated CPUs 110
rank 307 on c89.nibi.sharcnet: 1 pinned threads; allocated CPUs 115
rank 308 on c89.nibi.sharcnet: 1 pinned threads; allocated CPUs 116
rank 111 on c81.nibi.sharcnet: 1 pinned threads; allocated CPUs 111
rank 112 on c81.nibi.sharcnet: 1 pinned threads; allocated CPUs 112
rank 309 on c89.nibi.sharcnet: 1 pinned threads; allocated CPUs 117
rank 310 on c89.nibi.sharcnet: 1 pinned threads; allocated CPUs 118
rank 113 on c81.nibi.sharcnet: 1 pinned threads; allocated CPUs 113
rank 114 on c81.nibi.sharcnet: 1 pinned threads; allocated CPUs 114
rank 311 on c89.nibi.sharcnet: 1 pinned threads; allocated CPUs 119
rank 115 on c81.nibi.sharcnet: 1 pinned threads; allocated CPUs 115
rank 312 on c89.nibi.sharcnet: 1 pinned threads; allocated CPUs 120
rank 116 on c81.nibi.sharcnet: 1 pinned threads; allocated CPUs 116
rank 313 on c89.nibi.sharcnet: 1 pinned threads; allocated CPUs 121
rank 315 on c89.nibi.sharcnet: 1 pinned threads; allocated CPUs 123
rank 117 on c81.nibi.sharcnet: 1 pinned threads; allocated CPUs 117
rank 118 on c81.nibi.sharcnet: 1 pinned threads; allocated CPUs 118
rank 316 on c89.nibi.sharcnet: 1 pinned threads; allocated CPUs 124
rank 317 on c89.nibi.sharcnet: 1 pinned threads; allocated CPUs 125
rank 119 on c81.nibi.sharcnet: 1 pinned threads; allocated CPUs 119
rank 318 on c89.nibi.sharcnet: 1 pinned threads; allocated CPUs 126
rank 120 on c81.nibi.sharcnet: 1 pinned threads; allocated CPUs 120
rank 121 on c81.nibi.sharcnet: 1 pinned threads; allocated CPUs 121
rank 319 on c89.nibi.sharcnet: 1 pinned threads; allocated CPUs 127
rank 320 on c89.nibi.sharcnet: 1 pinned threads; allocated CPUs 128
rank 122 on c81.nibi.sharcnet: 1 pinned threads; allocated CPUs 122
rank 123 on c81.nibi.sharcnet: 1 pinned threads; allocated CPUs 123
rank 124 on c81.nibi.sharcnet: 1 pinned threads; allocated CPUs 124
rank 321 on c89.nibi.sharcnet: 1 pinned threads; allocated CPUs 129
rank 322 on c89.nibi.sharcnet: 1 pinned threads; allocated CPUs 130
rank 323 on c89.nibi.sharcnet: 1 pinned threads; allocated CPUs 131
rank 125 on c81.nibi.sharcnet: 1 pinned threads; allocated CPUs 125
rank 126 on c81.nibi.sharcnet: 1 pinned threads; allocated CPUs 126
rank 324 on c89.nibi.sharcnet: 1 pinned threads; allocated CPUs 132
rank 325 on c89.nibi.sharcnet: 1 pinned threads; allocated CPUs 133
rank 127 on c81.nibi.sharcnet: 1 pinned threads; allocated CPUs 127
rank 326 on c89.nibi.sharcnet: 1 pinned threads; allocated CPUs 134
rank 327 on c89.nibi.sharcnet: 1 pinned threads; allocated CPUs 135
rank 128 on c81.nibi.sharcnet: 1 pinned threads; allocated CPUs 128
rank 129 on c81.nibi.sharcnet: 1 pinned threads; allocated CPUs 129
rank 328 on c89.nibi.sharcnet: 1 pinned threads; allocated CPUs 136
rank 130 on c81.nibi.sharcnet: 1 pinned threads; allocated CPUs 130
rank 329 on c89.nibi.sharcnet: 1 pinned threads; allocated CPUs 137
rank 131 on c81.nibi.sharcnet: 1 pinned threads; allocated CPUs 131
rank 330 on c89.nibi.sharcnet: 1 pinned threads; allocated CPUs 138
rank 133 on c81.nibi.sharcnet: 1 pinned threads; allocated CPUs 133
rank 331 on c89.nibi.sharcnet: 1 pinned threads; allocated CPUs 139
rank 134 on c81.nibi.sharcnet: 1 pinned threads; allocated CPUs 134
rank 332 on c89.nibi.sharcnet: 1 pinned threads; allocated CPUs 140
rank 333 on c89.nibi.sharcnet: 1 pinned threads; allocated CPUs 141
rank 136 on c81.nibi.sharcnet: 1 pinned threads; allocated CPUs 136
rank 137 on c81.nibi.sharcnet: 1 pinned threads; allocated CPUs 137
rank 138 on c81.nibi.sharcnet: 1 pinned threads; allocated CPUs 138
rank 334 on c89.nibi.sharcnet: 1 pinned threads; allocated CPUs 142
rank 335 on c89.nibi.sharcnet: 1 pinned threads; allocated CPUs 143
rank 336 on c89.nibi.sharcnet: 1 pinned threads; allocated CPUs 144
rank 139 on c81.nibi.sharcnet: 1 pinned threads; allocated CPUs 139
rank 140 on c81.nibi.sharcnet: 1 pinned threads; allocated CPUs 140
rank 141 on c81.nibi.sharcnet: 1 pinned threads; allocated CPUs 141
rank 337 on c89.nibi.sharcnet: 1 pinned threads; allocated CPUs 145
rank 338 on c89.nibi.sharcnet: 1 pinned threads; allocated CPUs 146
rank 339 on c89.nibi.sharcnet: 1 pinned threads; allocated CPUs 147
rank 142 on c81.nibi.sharcnet: 1 pinned threads; allocated CPUs 142
rank 340 on c89.nibi.sharcnet: 1 pinned threads; allocated CPUs 148
rank 143 on c81.nibi.sharcnet: 1 pinned threads; allocated CPUs 143
rank 341 on c89.nibi.sharcnet: 1 pinned threads; allocated CPUs 149
rank 144 on c81.nibi.sharcnet: 1 pinned threads; allocated CPUs 144
rank 342 on c89.nibi.sharcnet: 1 pinned threads; allocated CPUs 150
rank 145 on c81.nibi.sharcnet: 1 pinned threads; allocated CPUs 145
rank 146 on c81.nibi.sharcnet: 1 pinned threads; allocated CPUs 146
rank 343 on c89.nibi.sharcnet: 1 pinned threads; allocated CPUs 151
rank 147 on c81.nibi.sharcnet: 1 pinned threads; allocated CPUs 147
rank 148 on c81.nibi.sharcnet: 1 pinned threads; allocated CPUs 148
rank 344 on c89.nibi.sharcnet: 1 pinned threads; allocated CPUs 152
rank 345 on c89.nibi.sharcnet: 1 pinned threads; allocated CPUs 153
rank 346 on c89.nibi.sharcnet: 1 pinned threads; allocated CPUs 154
rank 149 on c81.nibi.sharcnet: 1 pinned threads; allocated CPUs 149
rank 347 on c89.nibi.sharcnet: 1 pinned threads; allocated CPUs 155
rank 348 on c89.nibi.sharcnet: 1 pinned threads; allocated CPUs 156
rank 150 on c81.nibi.sharcnet: 1 pinned threads; allocated CPUs 150
rank 151 on c81.nibi.sharcnet: 1 pinned threads; allocated CPUs 151
rank 349 on c89.nibi.sharcnet: 1 pinned threads; allocated CPUs 157
rank 350 on c89.nibi.sharcnet: 1 pinned threads; allocated CPUs 158
rank 152 on c81.nibi.sharcnet: 1 pinned threads; allocated CPUs 152
rank 153 on c81.nibi.sharcnet: 1 pinned threads; allocated CPUs 153
rank 351 on c89.nibi.sharcnet: 1 pinned threads; allocated CPUs 159
rank 154 on c81.nibi.sharcnet: 1 pinned threads; allocated CPUs 154
rank 352 on c89.nibi.sharcnet: 1 pinned threads; allocated CPUs 160
rank 155 on c81.nibi.sharcnet: 1 pinned threads; allocated CPUs 155
rank 156 on c81.nibi.sharcnet: 1 pinned threads; allocated CPUs 156
rank 353 on c89.nibi.sharcnet: 1 pinned threads; allocated CPUs 161
rank 354 on c89.nibi.sharcnet: 1 pinned threads; allocated CPUs 162
rank 157 on c81.nibi.sharcnet: 1 pinned threads; allocated CPUs 157
rank 355 on c89.nibi.sharcnet: 1 pinned threads; allocated CPUs 163
rank 158 on c81.nibi.sharcnet: 1 pinned threads; allocated CPUs 158
rank 356 on c89.nibi.sharcnet: 1 pinned threads; allocated CPUs 164
rank 159 on c81.nibi.sharcnet: 1 pinned threads; allocated CPUs 159
rank 357 on c89.nibi.sharcnet: 1 pinned threads; allocated CPUs 165
rank 160 on c81.nibi.sharcnet: 1 pinned threads; allocated CPUs 160
rank 358 on c89.nibi.sharcnet: 1 pinned threads; allocated CPUs 166
rank 359 on c89.nibi.sharcnet: 1 pinned threads; allocated CPUs 167
rank 161 on c81.nibi.sharcnet: 1 pinned threads; allocated CPUs 161
rank 360 on c89.nibi.sharcnet: 1 pinned threads; allocated CPUs 168
rank 162 on c81.nibi.sharcnet: 1 pinned threads; allocated CPUs 162
rank 163 on c81.nibi.sharcnet: 1 pinned threads; allocated CPUs 163
rank 361 on c89.nibi.sharcnet: 1 pinned threads; allocated CPUs 169
rank 362 on c89.nibi.sharcnet: 1 pinned threads; allocated CPUs 170
rank 164 on c81.nibi.sharcnet: 1 pinned threads; allocated CPUs 164
rank 165 on c81.nibi.sharcnet: 1 pinned threads; allocated CPUs 165
rank 363 on c89.nibi.sharcnet: 1 pinned threads; allocated CPUs 171
rank 166 on c81.nibi.sharcnet: 1 pinned threads; allocated CPUs 166
rank 167 on c81.nibi.sharcnet: 1 pinned threads; allocated CPUs 167
rank 364 on c89.nibi.sharcnet: 1 pinned threads; allocated CPUs 172
rank 365 on c89.nibi.sharcnet: 1 pinned threads; allocated CPUs 173
rank 366 on c89.nibi.sharcnet: 1 pinned threads; allocated CPUs 174
rank 168 on c81.nibi.sharcnet: 1 pinned threads; allocated CPUs 168
rank 169 on c81.nibi.sharcnet: 1 pinned threads; allocated CPUs 169
rank 367 on c89.nibi.sharcnet: 1 pinned threads; allocated CPUs 175
rank 170 on c81.nibi.sharcnet: 1 pinned threads; allocated CPUs 170
rank 368 on c89.nibi.sharcnet: 1 pinned threads; allocated CPUs 176
rank 369 on c89.nibi.sharcnet: 1 pinned threads; allocated CPUs 177
rank 171 on c81.nibi.sharcnet: 1 pinned threads; allocated CPUs 171
rank 172 on c81.nibi.sharcnet: 1 pinned threads; allocated CPUs 172
rank 370 on c89.nibi.sharcnet: 1 pinned threads; allocated CPUs 178
rank 173 on c81.nibi.sharcnet: 1 pinned threads; allocated CPUs 173
rank 371 on c89.nibi.sharcnet: 1 pinned threads; allocated CPUs 179
rank 372 on c89.nibi.sharcnet: 1 pinned threads; allocated CPUs 180
rank 174 on c81.nibi.sharcnet: 1 pinned threads; allocated CPUs 174
rank 175 on c81.nibi.sharcnet: 1 pinned threads; allocated CPUs 175
rank 373 on c89.nibi.sharcnet: 1 pinned threads; allocated CPUs 181
rank 374 on c89.nibi.sharcnet: 1 pinned threads; allocated CPUs 182
rank 176 on c81.nibi.sharcnet: 1 pinned threads; allocated CPUs 176
rank 177 on c81.nibi.sharcnet: 1 pinned threads; allocated CPUs 177
rank 178 on c81.nibi.sharcnet: 1 pinned threads; allocated CPUs 178
rank 375 on c89.nibi.sharcnet: 1 pinned threads; allocated CPUs 183
rank 376 on c89.nibi.sharcnet: 1 pinned threads; allocated CPUs 184
rank 377 on c89.nibi.sharcnet: 1 pinned threads; allocated CPUs 185
rank 378 on c89.nibi.sharcnet: 1 pinned threads; allocated CPUs 186
rank 179 on c81.nibi.sharcnet: 1 pinned threads; allocated CPUs 179
rank 180 on c81.nibi.sharcnet: 1 pinned threads; allocated CPUs 180
rank 379 on c89.nibi.sharcnet: 1 pinned threads; allocated CPUs 187
rank 181 on c81.nibi.sharcnet: 1 pinned threads; allocated CPUs 181
rank 380 on c89.nibi.sharcnet: 1 pinned threads; allocated CPUs 188
rank 182 on c81.nibi.sharcnet: 1 pinned threads; allocated CPUs 182
rank 183 on c81.nibi.sharcnet: 1 pinned threads; allocated CPUs 183
rank 381 on c89.nibi.sharcnet: 1 pinned threads; allocated CPUs 189
rank 382 on c89.nibi.sharcnet: 1 pinned threads; allocated CPUs 190
rank 184 on c81.nibi.sharcnet: 1 pinned threads; allocated CPUs 184
rank 383 on c89.nibi.sharcnet: 1 pinned threads; allocated CPUs 191
rank 251 on c89.nibi.sharcnet: 1 pinned threads; allocated CPUs 59
rank 185 on c81.nibi.sharcnet: 1 pinned threads; allocated CPUs 185
rank 293 on c89.nibi.sharcnet: 1 pinned threads; allocated CPUs 101
rank 186 on c81.nibi.sharcnet: 1 pinned threads; allocated CPUs 186
rank 188 on c81.nibi.sharcnet: 1 pinned threads; allocated CPUs 188
rank 294 on c89.nibi.sharcnet: 1 pinned threads; allocated CPUs 102
rank 189 on c81.nibi.sharcnet: 1 pinned threads; allocated CPUs 189
rank 314 on c89.nibi.sharcnet: 1 pinned threads; allocated CPUs 122
rank 190 on c81.nibi.sharcnet: 1 pinned threads; allocated CPUs 190
rank 191 on c81.nibi.sharcnet: 1 pinned threads; allocated CPUs 191
rank 6 on c81.nibi.sharcnet: 1 pinned threads; allocated CPUs 6
rank 11 on c81.nibi.sharcnet: 1 pinned threads; allocated CPUs 11
rank 15 on c81.nibi.sharcnet: 1 pinned threads; allocated CPUs 15
rank 17 on c81.nibi.sharcnet: 1 pinned threads; allocated CPUs 17
rank 18 on c81.nibi.sharcnet: 1 pinned threads; allocated CPUs 18
rank 19 on c81.nibi.sharcnet: 1 pinned threads; allocated CPUs 19
rank 22 on c81.nibi.sharcnet: 1 pinned threads; allocated CPUs 22
rank 23 on c81.nibi.sharcnet: 1 pinned threads; allocated CPUs 23
rank 50 on c81.nibi.sharcnet: 1 pinned threads; allocated CPUs 50
rank 69 on c81.nibi.sharcnet: 1 pinned threads; allocated CPUs 69
rank 74 on c81.nibi.sharcnet: 1 pinned threads; allocated CPUs 74
rank 87 on c81.nibi.sharcnet: 1 pinned threads; allocated CPUs 87
rank 109 on c81.nibi.sharcnet: 1 pinned threads; allocated CPUs 109
rank 132 on c81.nibi.sharcnet: 1 pinned threads; allocated CPUs 132
rank 135 on c81.nibi.sharcnet: 1 pinned threads; allocated CPUs 135
rank 187 on c81.nibi.sharcnet: 1 pinned threads; allocated CPUs 187
rank 42 on c81.nibi.sharcnet: 1 pinned threads; allocated CPUs 42
rank 91 on c81.nibi.sharcnet: 1 pinned threads; allocated CPUs 91
rank 14 on c81.nibi.sharcnet: 1 pinned threads; allocated CPUs 14
rank 5 on c81.nibi.sharcnet: 1 pinned threads; allocated CPUs 5
PASS: CPU MPI ring and explicitly pinned Julia threads
CONFIGURATION: {"cores":384,"nodes":2,"ranks":384,"ranks_per_node":192,"threads_per_rank":1,"layout":"mpi","partition":[24,16,1],"global_resolution":[1440,720,200],"grid_type":"LatitudeLongitudeGrid","x_sizes":[60,60,60,60,60,60,60,60,60,60,60,60,60,60,60,60,60,60,60,60,60,60,60,60],"y_sizes":[45,45,45,45,45,45,45,45,45,45,45,45,45,45,45,45],"float_type":"Float64","samples":5,"time_steps":10,"warmup_steps":2,"dt":60,"free_surface_substeps":30,"extend_free_surface_halos":false,"momentum_advection":"WENOVectorInvariantDefault","tracer_advection":"WENO7","closure":"CATKE","tracers":["T","S"],"timestepper":"SplitRungeKutta3"}
[ Info: Benchmark: EarthOcean_lat_lon_1440x720x200_F64_WENOVectorInvariantDefault_WENO7_CATKE_2tr
┌ Info:   Architecture: Distributed{CPU} on 24×16×1 across 384 = 24×16×1 ranks:
│ ├── local_rank: 0 of 0-383
│ ├── local_index: [1, 1, 1]
└ └── connectivity: east=16 west=368 north=1 south=15 southwest=383 southeast=31 northwest=369 northeast=17
[ Info:   Float type: Float64
[ Info:   Grid size: 60 × 45 × 200 (540000 points)
[ Info:   Time step: 60 s
[ Info:   Warmup steps: 2
[ Info:   Benchmark steps: 10 × 5 windows
[ Info:   Running warmup...
[ Info:   Running benchmark...
[ Info:   Results:
[ Info:     Total time: 153.204 s
[ Info:     Time per step: 2.898622 s (min of 5 windows; median 2.904952 s, max 3.700239 s)
[ Info:     Grid points/s: 1.86e+05
Completed benchmark; all 384 rank results saved to /home/anditse/Oceananigans.jl/benchmarking/results/nibi/2026-10-06_cpu_scaling_cores_super_fine/384_cores/results.json
