mpiexec -n 16 --map-by core --bind-to core --report-bindings julia --threads=1 --project=benchmarking benchmarking/run_benchmarks.jl --float_type=Float64 --momentum_advection=WENOVectorInvariantDefault --tracer_advection=WENO7 --closure=CATKE --timestepper=SplitRungeKutta3 --tracers=T\,S --dt=60 --warmup_steps=2 --time_steps=10 --samples=5 --device=CPU --size=360x180x50 --grid_type=tripolar --distributed --partition=4x4x1 --output=/u/ajtse/Oceananigans.jl/benchmarking/results/rondeau/2026-09-30T014142Z_cpu_scaling_default_634150/cpu_scaling_default/16_cores/results.json 
[rondeau:664006] MCW rank 1 bound to socket 0[core 1[hwt 0-1]]: [../BB/../../../../../../../../../../../../../../../../../../../../../../../../../../../../../../../../../../../../../../../../../../../../../../../../../../../../../../../../../../../../../..][../../../../../../../../../../../../../../../../../../../../../../../../../../../../../../../../../../../../../../../../../../../../../../../../../../../../../../../../../../../../../../../.]
[rondeau:664006] MCW rank 2 bound to socket 0[core 2[hwt 0-1]]: [../../BB/../../../../../../../../../../../../../../../../../../../../../../../../../../../../../../../../../../../../../../../../../../../../../../../../../../../../../../../../../../../../..][../../../../../../../../../../../../../../../../../../../../../../../../../../../../../../../../../../../../../../../../../../../../../../../../../../../../../../../../../../../../../../../.]
[rondeau:664006] MCW rank 3 bound to socket 0[core 3[hwt 0-1]]: [../../../BB/../../../../../../../../../../../../../../../../../../../../../../../../../../../../../../../../../../../../../../../../../../../../../../../../../../../../../../../../../../../..][../../../../../../../../../../../../../../../../../../../../../../../../../../../../../../../../../../../../../../../../../../../../../../../../../../../../../../../../../../../../../../../.]
[rondeau:664006] MCW rank 4 bound to socket 0[core 4[hwt 0-1]]: [../../../../BB/../../../../../../../../../../../../../../../../../../../../../../../../../../../../../../../../../../../../../../../../../../../../../../../../../../../../../../../../../../..][../../../../../../../../../../../../../../../../../../../../../../../../../../../../../../../../../../../../../../../../../../../../../../../../../../../../../../../../../../../../../../../.]
[rondeau:664006] MCW rank 5 bound to socket 0[core 5[hwt 0-1]]: [../../../../../BB/../../../../../../../../../../../../../../../../../../../../../../../../../../../../../../../../../../../../../../../../../../../../../../../../../../../../../../../../../..][../../../../../../../../../../../../../../../../../../../../../../../../../../../../../../../../../../../../../../../../../../../../../../../../../../../../../../../../../../../../../../../.]
[rondeau:664006] MCW rank 6 bound to socket 0[core 6[hwt 0-1]]: [../../../../../../BB/../../../../../../../../../../../../../../../../../../../../../../../../../../../../../../../../../../../../../../../../../../../../../../../../../../../../../../../../..][../../../../../../../../../../../../../../../../../../../../../../../../../../../../../../../../../../../../../../../../../../../../../../../../../../../../../../../../../../../../../../../.]
[rondeau:664006] MCW rank 7 bound to socket 0[core 7[hwt 0-1]]: [../../../../../../../BB/../../../../../../../../../../../../../../../../../../../../../../../../../../../../../../../../../../../../../../../../../../../../../../../../../../../../../../../..][../../../../../../../../../../../../../../../../../../../../../../../../../../../../../../../../../../../../../../../../../../../../../../../../../../../../../../../../../../../../../../../.]
[rondeau:664006] MCW rank 8 bound to socket 0[core 8[hwt 0-1]]: [../../../../../../../../BB/../../../../../../../../../../../../../../../../../../../../../../../../../../../../../../../../../../../../../../../../../../../../../../../../../../../../../../..][../../../../../../../../../../../../../../../../../../../../../../../../../../../../../../../../../../../../../../../../../../../../../../../../../../../../../../../../../../../../../../../.]
[rondeau:664006] MCW rank 9 bound to socket 0[core 9[hwt 0-1]]: [../../../../../../../../../BB/../../../../../../../../../../../../../../../../../../../../../../../../../../../../../../../../../../../../../../../../../../../../../../../../../../../../../..][../../../../../../../../../../../../../../../../../../../../../../../../../../../../../../../../../../../../../../../../../../../../../../../../../../../../../../../../../../../../../../../.]
[rondeau:664006] MCW rank 10 bound to socket 0[core 10[hwt 0-1]]: [../../../../../../../../../../BB/../../../../../../../../../../../../../../../../../../../../../../../../../../../../../../../../../../../../../../../../../../../../../../../../../../../../..][../../../../../../../../../../../../../../../../../../../../../../../../../../../../../../../../../../../../../../../../../../../../../../../../../../../../../../../../../../../../../../../.]
[rondeau:664006] MCW rank 11 bound to socket 0[core 11[hwt 0-1]]: [../../../../../../../../../../../BB/../../../../../../../../../../../../../../../../../../../../../../../../../../../../../../../../../../../../../../../../../../../../../../../../../../../..][../../../../../../../../../../../../../../../../../../../../../../../../../../../../../../../../../../../../../../../../../../../../../../../../../../../../../../../../../../../../../../../.]
[rondeau:664006] MCW rank 12 bound to socket 0[core 12[hwt 0-1]]: [../../../../../../../../../../../../BB/../../../../../../../../../../../../../../../../../../../../../../../../../../../../../../../../../../../../../../../../../../../../../../../../../../..][../../../../../../../../../../../../../../../../../../../../../../../../../../../../../../../../../../../../../../../../../../../../../../../../../../../../../../../../../../../../../../../.]
[rondeau:664006] MCW rank 13 bound to socket 0[core 13[hwt 0-1]]: [../../../../../../../../../../../../../BB/../../../../../../../../../../../../../../../../../../../../../../../../../../../../../../../../../../../../../../../../../../../../../../../../../..][../../../../../../../../../../../../../../../../../../../../../../../../../../../../../../../../../../../../../../../../../../../../../../../../../../../../../../../../../../../../../../../.]
[rondeau:664006] MCW rank 14 bound to socket 0[core 14[hwt 0-1]]: [../../../../../../../../../../../../../../BB/../../../../../../../../../../../../../../../../../../../../../../../../../../../../../../../../../../../../../../../../../../../../../../../../..][../../../../../../../../../../../../../../../../../../../../../../../../../../../../../../../../../../../../../../../../../../../../../../../../../../../../../../../../../../../../../../../.]
[rondeau:664006] MCW rank 15 bound to socket 0[core 15[hwt 0-1]]: [../../../../../../../../../../../../../../../BB/../../../../../../../../../../../../../../../../../../../../../../../../../../../../../../../../../../../../../../../../../../../../../../../..][../../../../../../../../../../../../../../../../../../../../../../../../../../../../../../../../../../../../../../../../../../../../../../../../../../../../../../../../../../../../../../../.]
[rondeau:664006] MCW rank 0 bound to socket 0[core 0[hwt 0-1]]: [BB/../../../../../../../../../../../../../../../../../../../../../../../../../../../../../../../../../../../../../../../../../../../../../../../../../../../../../../../../../../../../../../..][../../../../../../../../../../../../../../../../../../../../../../../../../../../../../../../../../../../../../../../../../../../../../../../../../../../../../../../../../../../../../../../.]
[ Info: MPI has not been initialized, so we are calling MPI.Init().
[ Info: MPI has not been initialized, so we are calling MPI.Init().
[ Info: MPI has not been initialized, so we are calling MPI.Init().
[ Info: MPI has not been initialized, so we are calling MPI.Init().
[ Info: MPI has not been initialized, so we are calling MPI.Init().
[ Info: MPI has not been initialized, so we are calling MPI.Init().
[ Info: MPI has not been initialized, so we are calling MPI.Init().
[ Info: MPI has not been initialized, so we are calling MPI.Init().
[ Info: MPI has not been initialized, so we are calling MPI.Init().
[ Info: MPI has not been initialized, so we are calling MPI.Init().
[ Info: MPI has not been initialized, so we are calling MPI.Init().
[ Info: MPI has not been initialized, so we are calling MPI.Init().
[ Info: MPI has not been initialized, so we are calling MPI.Init().
[ Info: MPI has not been initialized, so we are calling MPI.Init().
[ Info: MPI has not been initialized, so we are calling MPI.Init().
[ Info: MPI has not been initialized, so we are calling MPI.Init().
[ Info: Distributed run: 16 ranks (x=4, y=4, z=1)
===============================================================================================
Oceananigans Benchmark Suite
===============================================================================================
Date: 2026-09-30T03:18:05.745
Mode: benchmark
Case: earth_ocean
Grid types: SubString{String}["tripolar"]
Architecture: Distributed{CPU} on 4×4×1 across 16 = 4×4×1 ranks:
├── local_rank: 0 of 0-15
├── local_index: [1, 1, 1]
└── connectivity: east=4 west=12 north=1 south=3 southwest=15 southeast=7 northwest=13 northeast=5
Distributed: true
Partition: (4, 4, 1) (16 ranks)
Sizes: [(360, 180, 50)]
Float types: DataType[Float64]
Momentum advection: SubString{String}["WENOVectorInvariantDefault"]
Tracer advection: SubString{String}["WENO7"]
Closures: SubString{String}["CATKE"]
Tracers: (:T, :S)
Timestepper: SplitRungeKutta3
Time steps: 10 × 5 windows (warmup: 2)
Δt: 60.0 s
===============================================================================================


----------------------------------------------------------------------
Running: EarthOcean_tripolar_360x180x50_F64_WENOVectorInvariantDefault_WENO7_CATKE_2tr
----------------------------------------------------------------------
┌ Warning: Resizing the bottom height to match the grid's halos
└ @ Oceananigans.DistributedComputations ~/Oceananigans.jl/src/DistributedComputations/distributed_immersed_boundaries.jl:117
┌ Warning: Resizing the bottom height to match the grid's halos
└ @ Oceananigans.DistributedComputations ~/Oceananigans.jl/src/DistributedComputations/distributed_immersed_boundaries.jl:117
┌ Warning: Resizing the bottom height to match the grid's halos
└ @ Oceananigans.DistributedComputations ~/Oceananigans.jl/src/DistributedComputations/distributed_immersed_boundaries.jl:117
┌ Warning: Resizing the bottom height to match the grid's halos
└ @ Oceananigans.DistributedComputations ~/Oceananigans.jl/src/DistributedComputations/distributed_immersed_boundaries.jl:117
┌ Warning: Resizing the bottom height to match the grid's halos
└ @ Oceananigans.DistributedComputations ~/Oceananigans.jl/src/DistributedComputations/distributed_immersed_boundaries.jl:117
┌ Warning: Resizing the bottom height to match the grid's halos
└ @ Oceananigans.DistributedComputations ~/Oceananigans.jl/src/DistributedComputations/distributed_immersed_boundaries.jl:117
┌ Warning: Resizing the bottom height to match the grid's halos
└ @ Oceananigans.DistributedComputations ~/Oceananigans.jl/src/DistributedComputations/distributed_immersed_boundaries.jl:117
┌ Warning: Resizing the bottom height to match the grid's halos
└ @ Oceananigans.DistributedComputations ~/Oceananigans.jl/src/DistributedComputations/distributed_immersed_boundaries.jl:117
┌ Warning: Resizing the bottom height to match the grid's halos
└ @ Oceananigans.DistributedComputations ~/Oceananigans.jl/src/DistributedComputations/distributed_immersed_boundaries.jl:117
┌ Warning: Resizing the bottom height to match the grid's halos
└ @ Oceananigans.DistributedComputations ~/Oceananigans.jl/src/DistributedComputations/distributed_immersed_boundaries.jl:117
┌ Warning: Resizing the bottom height to match the grid's halos
└ @ Oceananigans.DistributedComputations ~/Oceananigans.jl/src/DistributedComputations/distributed_immersed_boundaries.jl:117
┌ Warning: Resizing the bottom height to match the grid's halos
└ @ Oceananigans.DistributedComputations ~/Oceananigans.jl/src/DistributedComputations/distributed_immersed_boundaries.jl:117
┌ Warning: Resizing the bottom height to match the grid's halos
└ @ Oceananigans.DistributedComputations ~/Oceananigans.jl/src/DistributedComputations/distributed_immersed_boundaries.jl:117
┌ Warning: Resizing the bottom height to match the grid's halos
└ @ Oceananigans.DistributedComputations ~/Oceananigans.jl/src/DistributedComputations/distributed_immersed_boundaries.jl:117
┌ Warning: Resizing the bottom height to match the grid's halos
└ @ Oceananigans.DistributedComputations ~/Oceananigans.jl/src/DistributedComputations/distributed_immersed_boundaries.jl:117
┌ Warning: Resizing the bottom height to match the grid's halos
└ @ Oceananigans.DistributedComputations ~/Oceananigans.jl/src/DistributedComputations/distributed_immersed_boundaries.jl:117
[ Info: Benchmark: EarthOcean_tripolar_360x180x50_F64_WENOVectorInvariantDefault_WENO7_CATKE_2tr
┌ Info:   Architecture: Distributed{CPU} on 4×4×1 across 16 = 4×4×1 ranks:
│ ├── local_rank: 0 of 0-15
│ ├── local_index: [1, 1, 1]
└ └── connectivity: east=4 west=12 north=1 south=3 southwest=15 southeast=7 northwest=13 northeast=5
[ Info:   Float type: Float64
[ Info:   Grid size: 90 × 45 × 50 (202500 points)
[ Info:   Time step: 60.0 s
[ Info:   Warmup steps: 2
[ Info:   Benchmark steps: 10 × 5 windows
[ Info:   Running warmup...
[ Info:   Running benchmark...
[ Info:   Results:
[ Info:     Total time: 149.742 s
[ Info:     Time per step: 2.949203 s (min of 5 windows; median 3.008779 s, max 3.026509 s)
[ Info:     Grid points/s: 6.87e+04

=======================================================================================================================================
BENCHMARK SUMMARY
=======================================================================================================================================

Benchmark                                                  Float         Grid Time/unit (ms)    Units/s        Points/s       Size           Chunks
---------------------------------------------------------------------------------------------------------------------------------------
EarthOcean_tripolar_360x180x50_F64_WENOVectorInvariantDefault_WENO7_CATKE_2tr  Float64     90×45×50      2949.2031       0.34        6.87e+04          —                —
=======================================================================================================================================
Results saved to: /u/ajtse/Oceananigans.jl/benchmarking/results/rondeau/2026-09-30T014142Z_cpu_scaling_default_634150/cpu_scaling_default/16_cores/results.json
Markdown report saved to: /u/ajtse/Oceananigans.jl/benchmarking/results/rondeau/2026-09-30T014142Z_cpu_scaling_default_634150/cpu_scaling_default/16_cores/results.md
Benchmarks completed at 2026-09-30T03:36:13.059Z
