===============================================================================================
Oceananigans Benchmark Suite
===============================================================================================
Date: 2026-09-30T04:06:21.891
Mode: benchmark
Case: earth_ocean
Grid types: SubString{String}["tripolar"]
Architecture: GPU{CUDABackend}(CUDABackend(false, true))
Distributed: false
Sizes: [(360, 180, 50)]
Float types: DataType[Float32]
Momentum advection: SubString{String}["WENOVectorInvariantDefault"]
Tracer advection: SubString{String}["WENO7"]
Closures: SubString{String}["nothing"]
Coriolis: spherical
Buoyancy: seawater
Tracers: (:T, :S)
Timestepper: SplitRungeKutta3
Time steps: 10 × 5 windows (warmup: 2)
Δt: 60.0 s
===============================================================================================


----------------------------------------------------------------------
Running: EarthOcean_tripolar_360x180x50_F32_WENOVectorInvariantDefault_WENO7_nothing_2tr
----------------------------------------------------------------------
[ Info: Benchmark: EarthOcean_tripolar_360x180x50_F32_WENOVectorInvariantDefault_WENO7_nothing_2tr
[ Info:   Architecture: GPU{CUDABackend}(CUDABackend(false, true))
[ Info:   Float type: Float32
[ Info:   Grid size: 360 × 180 × 50 (3240000 points)
[ Info:   Time step: 60.0 s
[ Info:   Warmup steps: 2
[ Info:   Benchmark steps: 10 × 5 windows
[ Info:   Running warmup...
[ Info:   Running benchmark...
[ Info:   Results:
[ Info:     Total time: 0.750 s
[ Info:     Time per step: 0.014414 s (min of 5 windows; median 0.014475 s, max 0.016990 s)
[ Info:     Grid points/s: 2.25e+08
[ Info:     GPU memory usage: 328.634 MiB

=======================================================================================================================================
BENCHMARK SUMMARY
=======================================================================================================================================

Benchmark                                                  Float         Grid Time/unit (ms)    Units/s        Points/s       Size           Chunks
---------------------------------------------------------------------------------------------------------------------------------------
EarthOcean_tripolar_360x180x50_F32_WENOVectorInvariantDefault_WENO7_nothing_2tr  Float32   360×180×50        14.4137      69.38        2.25e+08          —                —
=======================================================================================================================================
Results saved to: /u/ajtse/Oceananigans.jl/benchmarking/results/rondeau/2026-09-30T034053Z_component_ablation_671689/no_closure/results.json
Markdown report saved to: /u/ajtse/Oceananigans.jl/benchmarking/results/rondeau/2026-09-30T034053Z_component_ablation_671689/no_closure/results.md
Benchmarks completed at 2026-09-30T04:08:49.876Z
