The following modules were not unloaded:
  (Use "module --force purge" to unload all):

  1) CCconfig        6)  ucx/1.14.1         11) flexiblas/3.3.1
  2) gentoo/2023     7)  libfabric/1.18.0   12) imkl/2023.2.0
  3) gcccore/.12.3   8)  pmix/4.2.4         13) StdEnv/2023
  4) gcc/12.3        9)  ucc/1.2.0
  5) hwloc/2.9.1     10) openmpi/4.1.5
Oceananigans-DRAC environment (Nibi): repo=/home/anditse/Oceananigans-DRAC, depot=/scratch/anditse/julia_depot
rank 93 on c334.nibi.sharcnet: 1 pinned threads; allocated CPUs 96
rank 94 on c334.nibi.sharcnet: 1 pinned threads; allocated CPUs 97
rank 95 on c334.nibi.sharcnet: 1 pinned threads; allocated CPUs 98
rank 34 on c334.nibi.sharcnet: 1 pinned threads; allocated CPUs 35
rank 36 on c334.nibi.sharcnet: 1 pinned threads; allocated CPUs 37
rank 37 on c334.nibi.sharcnet: 1 pinned threads; allocated CPUs 38
rank 39 on c334.nibi.sharcnet: 1 pinned threads; allocated CPUs 40
rank 40 on c334.nibi.sharcnet: 1 pinned threads; allocated CPUs 41
rank 35 on c334.nibi.sharcnet: 1 pinned threads; allocated CPUs 36
rank 41 on c334.nibi.sharcnet: 1 pinned threads; allocated CPUs 42
rank 44 on c334.nibi.sharcnet: 1 pinned threads; allocated CPUs 45
rank 45 on c334.nibi.sharcnet: 1 pinned threads; allocated CPUs 46
rank 47 on c334.nibi.sharcnet: 1 pinned threads; allocated CPUs 48
rank 48 on c334.nibi.sharcnet: 1 pinned threads; allocated CPUs 49
rank 56 on c334.nibi.sharcnet: 1 pinned threads; allocated CPUs 57
rank 57 on c334.nibi.sharcnet: 1 pinned threads; allocated CPUs 58
rank 60 on c334.nibi.sharcnet: 1 pinned threads; allocated CPUs 61
rank 31 on c334.nibi.sharcnet: 1 pinned threads; allocated CPUs 32
rank 58 on c334.nibi.sharcnet: 1 pinned threads; allocated CPUs 59
rank 38 on c334.nibi.sharcnet: 1 pinned threads; allocated CPUs 39
rank 59 on c334.nibi.sharcnet: 1 pinned threads; allocated CPUs 60
rank 1 on c334.nibi.sharcnet: 1 pinned threads; allocated CPUs 1
rank 61 on c334.nibi.sharcnet: 1 pinned threads; allocated CPUs 62
rank 0 on c334.nibi.sharcnet: 1 pinned threads; allocated CPUs 0
rank 54 on c334.nibi.sharcnet: 1 pinned threads; allocated CPUs 55
rank 53 on c334.nibi.sharcnet: 1 pinned threads; allocated CPUs 54
rank 49 on c334.nibi.sharcnet: 1 pinned threads; allocated CPUs 50
rank 43 on c334.nibi.sharcnet: 1 pinned threads; allocated CPUs 44
rank 33 on c334.nibi.sharcnet: 1 pinned threads; allocated CPUs 34
rank 51 on c334.nibi.sharcnet: 1 pinned threads; allocated CPUs 52
rank 62 on c334.nibi.sharcnet: 1 pinned threads; allocated CPUs 63
rank 32 on c334.nibi.sharcnet: 1 pinned threads; allocated CPUs 33
rank 20 on c334.nibi.sharcnet: 1 pinned threads; allocated CPUs 21
rank 29 on c334.nibi.sharcnet: 1 pinned threads; allocated CPUs 30
rank 8 on c334.nibi.sharcnet: 1 pinned threads; allocated CPUs 8
rank 28 on c334.nibi.sharcnet: 1 pinned threads; allocated CPUs 29
rank 52 on c334.nibi.sharcnet: 1 pinned threads; allocated CPUs 53
rank 16 on c334.nibi.sharcnet: 1 pinned threads; allocated CPUs 17
rank 25 on c334.nibi.sharcnet: 1 pinned threads; allocated CPUs 26
rank 55 on c334.nibi.sharcnet: 1 pinned threads; allocated CPUs 56
rank 89 on c334.nibi.sharcnet: 1 pinned threads; allocated CPUs 91
rank 12 on c334.nibi.sharcnet: 1 pinned threads; allocated CPUs 12
rank 21 on c334.nibi.sharcnet: 1 pinned threads; allocated CPUs 22
rank 27 on c334.nibi.sharcnet: 1 pinned threads; allocated CPUs 28
rank 78 on c334.nibi.sharcnet: 1 pinned threads; allocated CPUs 80
rank 79 on c334.nibi.sharcnet: 1 pinned threads; allocated CPUs 81
rank 68 on c334.nibi.sharcnet: 1 pinned threads; allocated CPUs 70
rank 82 on c334.nibi.sharcnet: 1 pinned threads; allocated CPUs 84
rank 88 on c334.nibi.sharcnet: 1 pinned threads; allocated CPUs 90
rank 26 on c334.nibi.sharcnet: 1 pinned threads; allocated CPUs 27
rank 2 on c334.nibi.sharcnet: 1 pinned threads; allocated CPUs 2
rank 10 on c334.nibi.sharcnet: 1 pinned threads; allocated CPUs 10
rank 22 on c334.nibi.sharcnet: 1 pinned threads; allocated CPUs 23
rank 15 on c334.nibi.sharcnet: 1 pinned threads; allocated CPUs 16
rank 17 on c334.nibi.sharcnet: 1 pinned threads; allocated CPUs 18
rank 18 on c334.nibi.sharcnet: 1 pinned threads; allocated CPUs 19
rank 65 on c334.nibi.sharcnet: 1 pinned threads; allocated CPUs 66
rank 64 on c334.nibi.sharcnet: 1 pinned threads; allocated CPUs 65
rank 66 on c334.nibi.sharcnet: 1 pinned threads; allocated CPUs 68
rank 70 on c334.nibi.sharcnet: 1 pinned threads; allocated CPUs 72
rank 73 on c334.nibi.sharcnet: 1 pinned threads; allocated CPUs 75
rank 19 on c334.nibi.sharcnet: 1 pinned threads; allocated CPUs 20
rank 23 on c334.nibi.sharcnet: 1 pinned threads; allocated CPUs 24
rank 83 on c334.nibi.sharcnet: 1 pinned threads; allocated CPUs 85
rank 92 on c334.nibi.sharcnet: 1 pinned threads; allocated CPUs 95
rank 5 on c334.nibi.sharcnet: 1 pinned threads; allocated CPUs 5
rank 76 on c334.nibi.sharcnet: 1 pinned threads; allocated CPUs 78
rank 77 on c334.nibi.sharcnet: 1 pinned threads; allocated CPUs 79
rank 67 on c334.nibi.sharcnet: 1 pinned threads; allocated CPUs 69
rank 81 on c334.nibi.sharcnet: 1 pinned threads; allocated CPUs 83
rank 85 on c334.nibi.sharcnet: 1 pinned threads; allocated CPUs 87
rank 75 on c334.nibi.sharcnet: 1 pinned threads; allocated CPUs 77
rank 84 on c334.nibi.sharcnet: 1 pinned threads; allocated CPUs 86
rank 90 on c334.nibi.sharcnet: 1 pinned threads; allocated CPUs 92
rank 50 on c334.nibi.sharcnet: 1 pinned threads; allocated CPUs 51
rank 14 on c334.nibi.sharcnet: 1 pinned threads; allocated CPUs 15
rank 91 on c334.nibi.sharcnet: 1 pinned threads; allocated CPUs 94
rank 63 on c334.nibi.sharcnet: 1 pinned threads; allocated CPUs 64
rank 7 on c334.nibi.sharcnet: 1 pinned threads; allocated CPUs 7
rank 69 on c334.nibi.sharcnet: 1 pinned threads; allocated CPUs 71
rank 74 on c334.nibi.sharcnet: 1 pinned threads; allocated CPUs 76
rank 71 on c334.nibi.sharcnet: 1 pinned threads; allocated CPUs 73
rank 42 on c334.nibi.sharcnet: 1 pinned threads; allocated CPUs 43
rank 72 on c334.nibi.sharcnet: 1 pinned threads; allocated CPUs 74
rank 80 on c334.nibi.sharcnet: 1 pinned threads; allocated CPUs 82
rank 4 on c334.nibi.sharcnet: 1 pinned threads; allocated CPUs 4
rank 13 on c334.nibi.sharcnet: 1 pinned threads; allocated CPUs 14
rank 6 on c334.nibi.sharcnet: 1 pinned threads; allocated CPUs 6
rank 9 on c334.nibi.sharcnet: 1 pinned threads; allocated CPUs 9
rank 24 on c334.nibi.sharcnet: 1 pinned threads; allocated CPUs 25
rank 46 on c334.nibi.sharcnet: 1 pinned threads; allocated CPUs 47
rank 3 on c334.nibi.sharcnet: 1 pinned threads; allocated CPUs 3
rank 87 on c334.nibi.sharcnet: 1 pinned threads; allocated CPUs 89
rank 86 on c334.nibi.sharcnet: 1 pinned threads; allocated CPUs 88
rank 11 on c334.nibi.sharcnet: 1 pinned threads; allocated CPUs 11
rank 30 on c334.nibi.sharcnet: 1 pinned threads; allocated CPUs 31
PASS: CPU MPI ring and explicitly pinned Julia threads
CONFIGURATION: {"cores":96,"nodes":1,"ranks":96,"ranks_per_node":96,"threads_per_rank":1,"layout":"mpi","partition":[12,8,1],"global_resolution":[1440,720,200],"grid_type":"LatitudeLongitudeGrid","x_sizes":[120,120,120,120,120,120,120,120,120,120,120,120],"y_sizes":[90,90,90,90,90,90,90,90],"float_type":"Float64","samples":5,"time_steps":10,"warmup_steps":2,"dt":60,"free_surface_substeps":30,"extend_free_surface_halos":false,"momentum_advection":"WENOVectorInvariantDefault","tracer_advection":"WENO7","closure":"CATKE","tracers":["T","S"],"timestepper":"SplitRungeKutta3"}
[ Info: Benchmark: EarthOcean_lat_lon_1440x720x200_F64_WENOVectorInvariantDefault_WENO7_CATKE_2tr
┌ Info:   Architecture: Distributed{CPU} on 12×8×1 across 96 = 12×8×1 ranks:
│ ├── local_rank: 0 of 0-95
│ ├── local_index: [1, 1, 1]
└ └── connectivity: east=8 west=88 north=1 south=7 southwest=95 southeast=15 northwest=89 northeast=9
[ Info:   Float type: Float64
[ Info:   Grid size: 120 × 90 × 200 (2160000 points)
[ Info:   Time step: 60 s
[ Info:   Warmup steps: 2
[ Info:   Benchmark steps: 10 × 5 windows
[ Info:   Running warmup...
